Java HotSpot(TM) 64-Bit Server VM (25.151-b12) for windows-amd64 JRE (1.8.0_151-b12), built on Sep  5 2017 19:33:46 by "java_re" with MS VC++ 10.0 (VS2010)
Memory: 4k page, physical 8351508k(3320204k free), swap 10317588k(2877240k free)
CommandLine flags: -XX:InitialHeapSize=536870912 -XX:MaxHeapSize=536870912 -XX:MaxNewSize=178958336 -XX:MaxTenuringThreshold=6 -XX:NewSize=178958336 -XX:OldPLABSize=16 -XX:OldSize=357912576 -XX:+PrintGC -XX:+PrintGCDateStamps -XX:+PrintGCDetails -XX:+PrintGCTimeStamps -XX:+UseCompressedClassPointers -XX:+UseCompressedOops -XX:+UseConcMarkSweepGC -XX:-UseLargePagesIndividualAllocation -XX:+UseParNewGC 
2017-11-09T20:17:56.892+0500: 41.436: [GC (Allocation Failure) 2017-11-09T20:17:56.892+0500: 41.436: [ParNew: 139776K->17471K(157248K), 0.0311140 secs] 139776K->68786K(506816K), 0.0314297 secs] [Times: user=0.09 sys=0.03, real=0.03 secs] 
2017-11-09T20:18:40.638+0500: 85.182: [GC (Allocation Failure) 2017-11-09T20:18:40.638+0500: 85.182: [ParNew: 157247K->17472K(157248K), 0.0402536 secs] 208562K->164462K(506816K), 0.0403590 secs] [Times: user=0.00 sys=0.13, real=0.04 secs] 
2017-11-09T20:19:25.694+0500: 130.238: [GC (Allocation Failure) 2017-11-09T20:19:25.694+0500: 130.238: [ParNew: 157248K->17472K(157248K), 0.0372147 secs] 304238K->274574K(506816K), 0.0372975 secs] [Times: user=0.11 sys=0.03, real=0.04 secs] 
2017-11-09T20:19:25.732+0500: 130.276: [GC (CMS Initial Mark) [1 CMS-initial-mark: 257102K(349568K)] 277359K(506816K), 0.0035075 secs] [Times: user=0.00 sys=0.00, real=0.00 secs] 
2017-11-09T20:19:25.736+0500: 130.279: [CMS-concurrent-mark-start]
2017-11-09T20:19:25.759+0500: 130.303: [CMS-concurrent-mark: 0.023/0.023 secs] [Times: user=0.03 sys=0.00, real=0.02 secs] 
2017-11-09T20:19:25.759+0500: 130.303: [CMS-concurrent-preclean-start]
2017-11-09T20:19:25.760+0500: 130.303: [CMS-concurrent-preclean: 0.001/0.001 secs] [Times: user=0.00 sys=0.00, real=0.00 secs] 
2017-11-09T20:19:25.760+0500: 130.303: [CMS-concurrent-abortable-preclean-start]
 CMS: abort preclean due to time 2017-11-09T20:19:30.786+0500: 135.330: [CMS-concurrent-abortable-preclean: 0.424/5.027 secs] [Times: user=0.73 sys=0.00, real=5.03 secs] 
2017-11-09T20:19:30.787+0500: 135.330: [GC (CMS Final Remark) [YG occupancy: 34177 K (157248 K)]2017-11-09T20:19:30.787+0500: 135.330: [Rescan (parallel) , 0.0017867 secs]2017-11-09T20:19:30.788+0500: 135.332: [weak refs processing, 0.0000174 secs]2017-11-09T20:19:30.788+0500: 135.332: [class unloading, 0.0003315 secs]2017-11-09T20:19:30.789+0500: 135.332: [scrub symbol table, 0.0004012 secs]2017-11-09T20:19:30.789+0500: 135.333: [scrub string table, 0.0001089 secs][1 CMS-remark: 257102K(349568K)] 291280K(506816K), 0.0027614 secs] [Times: user=0.00 sys=0.00, real=0.00 secs] 
2017-11-09T20:19:30.790+0500: 135.333: [CMS-concurrent-sweep-start]
2017-11-09T20:19:30.805+0500: 135.348: [CMS-concurrent-sweep: 0.015/0.015 secs] [Times: user=0.02 sys=0.00, real=0.02 secs] 
2017-11-09T20:19:30.805+0500: 135.348: [CMS-concurrent-reset-start]
2017-11-09T20:19:30.805+0500: 135.349: [CMS-concurrent-reset: 0.000/0.000 secs] [Times: user=0.00 sys=0.00, real=0.00 secs] 
2017-11-09T20:19:32.805+0500: 137.349: [GC (CMS Initial Mark) [1 CMS-initial-mark: 190576K(349568K)] 230322K(506816K), 0.0027844 secs] [Times: user=0.01 sys=0.00, real=0.00 secs] 
2017-11-09T20:19:32.808+0500: 137.351: [CMS-concurrent-mark-start]
2017-11-09T20:19:32.830+0500: 137.374: [CMS-concurrent-mark: 0.023/0.023 secs] [Times: user=0.02 sys=0.00, real=0.02 secs] 
2017-11-09T20:19:32.830+0500: 137.374: [CMS-concurrent-preclean-start]
2017-11-09T20:19:32.831+0500: 137.375: [CMS-concurrent-preclean: 0.001/0.001 secs] [Times: user=0.00 sys=0.00, real=0.00 secs] 
2017-11-09T20:19:32.831+0500: 137.375: [CMS-concurrent-abortable-preclean-start]
 CMS: abort preclean due to time 2017-11-09T20:19:37.937+0500: 142.481: [CMS-concurrent-abortable-preclean: 0.402/5.106 secs] [Times: user=0.75 sys=0.00, real=5.11 secs] 
2017-11-09T20:19:37.937+0500: 142.481: [GC (CMS Final Remark) [YG occupancy: 56450 K (157248 K)]2017-11-09T20:19:37.937+0500: 142.481: [Rescan (parallel) , 0.0017419 secs]2017-11-09T20:19:37.939+0500: 142.483: [weak refs processing, 0.0000162 secs]2017-11-09T20:19:37.939+0500: 142.483: [class unloading, 0.0001714 secs]2017-11-09T20:19:37.939+0500: 142.483: [scrub symbol table, 0.0003303 secs]2017-11-09T20:19:37.939+0500: 142.483: [scrub string table, 0.0000949 secs][1 CMS-remark: 190576K(349568K)] 247026K(506816K), 0.0024594 secs] [Times: user=0.00 sys=0.00, real=0.00 secs] 
2017-11-09T20:19:37.940+0500: 142.483: [CMS-concurrent-sweep-start]
2017-11-09T20:19:37.955+0500: 142.498: [CMS-concurrent-sweep: 0.015/0.015 secs] [Times: user=0.03 sys=0.00, real=0.01 secs] 
2017-11-09T20:19:37.955+0500: 142.498: [CMS-concurrent-reset-start]
2017-11-09T20:19:37.955+0500: 142.499: [CMS-concurrent-reset: 0.000/0.000 secs] [Times: user=0.00 sys=0.00, real=0.00 secs] 
2017-11-09T20:19:39.955+0500: 144.499: [GC (CMS Initial Mark) [1 CMS-initial-mark: 181058K(349568K)] 243076K(506816K), 0.0033626 secs] [Times: user=0.00 sys=0.00, real=0.00 secs] 
2017-11-09T20:19:39.959+0500: 144.502: [CMS-concurrent-mark-start]
2017-11-09T20:19:39.985+0500: 144.528: [CMS-concurrent-mark: 0.026/0.026 secs] [Times: user=0.03 sys=0.00, real=0.03 secs] 
2017-11-09T20:19:39.985+0500: 144.528: [CMS-concurrent-preclean-start]
2017-11-09T20:19:39.986+0500: 144.529: [CMS-concurrent-preclean: 0.001/0.001 secs] [Times: user=0.00 sys=0.00, real=0.00 secs] 
2017-11-09T20:19:39.986+0500: 144.529: [CMS-concurrent-abortable-preclean-start]
 CMS: abort preclean due to time 2017-11-09T20:19:45.002+0500: 149.546: [CMS-concurrent-abortable-preclean: 0.415/5.017 secs] [Times: user=0.63 sys=0.00, real=5.02 secs] 
2017-11-09T20:19:45.003+0500: 149.546: [GC (CMS Final Remark) [YG occupancy: 78723 K (157248 K)]2017-11-09T20:19:45.003+0500: 149.546: [Rescan (parallel) , 0.0031735 secs]2017-11-09T20:19:45.006+0500: 149.550: [weak refs processing, 0.0000292 secs]2017-11-09T20:19:45.006+0500: 149.550: [class unloading, 0.0002827 secs]2017-11-09T20:19:45.006+0500: 149.550: [scrub symbol table, 0.0005250 secs]2017-11-09T20:19:45.007+0500: 149.551: [scrub string table, 0.0001813 secs][1 CMS-remark: 181058K(349568K)] 259781K(506816K), 0.0043687 secs] [Times: user=0.00 sys=0.00, real=0.00 secs] 
2017-11-09T20:19:45.007+0500: 149.551: [CMS-concurrent-sweep-start]
2017-11-09T20:19:45.029+0500: 149.573: [CMS-concurrent-sweep: 0.022/0.022 secs] [Times: user=0.03 sys=0.00, real=0.02 secs] 
2017-11-09T20:19:45.029+0500: 149.573: [CMS-concurrent-reset-start]
2017-11-09T20:19:45.030+0500: 149.574: [CMS-concurrent-reset: 0.001/0.001 secs] [Times: user=0.00 sys=0.00, real=0.00 secs] 
2017-11-09T20:19:47.030+0500: 151.573: [GC (CMS Initial Mark) [1 CMS-initial-mark: 172110K(349568K)] 257809K(506816K), 0.0041684 secs] [Times: user=0.00 sys=0.00, real=0.00 secs] 
2017-11-09T20:19:47.034+0500: 151.577: [CMS-concurrent-mark-start]
2017-11-09T20:19:47.060+0500: 151.604: [CMS-concurrent-mark: 0.026/0.026 secs] [Times: user=0.05 sys=0.00, real=0.03 secs] 
2017-11-09T20:19:47.060+0500: 151.604: [CMS-concurrent-preclean-start]
2017-11-09T20:19:47.061+0500: 151.605: [CMS-concurrent-preclean: 0.001/0.001 secs] [Times: user=0.00 sys=0.00, real=0.00 secs] 
2017-11-09T20:19:47.061+0500: 151.605: [CMS-concurrent-abortable-preclean-start]
 CMS: abort preclean due to time 2017-11-09T20:19:52.119+0500: 156.663: [CMS-concurrent-abortable-preclean: 0.455/5.058 secs] [Times: user=0.84 sys=0.00, real=5.06 secs] 
2017-11-09T20:19:52.119+0500: 156.663: [GC (CMS Final Remark) [YG occupancy: 102402 K (157248 K)]2017-11-09T20:19:52.119+0500: 156.663: [Rescan (parallel) , 0.0058628 secs]2017-11-09T20:19:52.125+0500: 156.669: [weak refs processing, 0.0000286 secs]2017-11-09T20:19:52.125+0500: 156.669: [class unloading, 0.0002914 secs]2017-11-09T20:19:52.126+0500: 156.669: [scrub symbol table, 0.0005492 secs]2017-11-09T20:19:52.126+0500: 156.670: [scrub string table, 0.0001888 secs][1 CMS-remark: 172110K(349568K)] 274513K(506816K), 0.0070990 secs] [Times: user=0.06 sys=0.00, real=0.01 secs] 
2017-11-09T20:19:52.126+0500: 156.670: [CMS-concurrent-sweep-start]
2017-11-09T20:19:52.145+0500: 156.689: [CMS-concurrent-sweep: 0.018/0.018 secs] [Times: user=0.02 sys=0.00, real=0.02 secs] 
2017-11-09T20:19:52.145+0500: 156.689: [CMS-concurrent-reset-start]
2017-11-09T20:19:52.145+0500: 156.689: [CMS-concurrent-reset: 0.000/0.000 secs] [Times: user=0.00 sys=0.00, real=0.00 secs] 
2017-11-09T20:19:54.146+0500: 158.689: [GC (CMS Initial Mark) [1 CMS-initial-mark: 165674K(349568K)] 273645K(506816K), 0.0101995 secs] [Times: user=0.03 sys=0.00, real=0.01 secs] 
2017-11-09T20:19:54.156+0500: 158.700: [CMS-concurrent-mark-start]
2017-11-09T20:19:54.189+0500: 158.732: [CMS-concurrent-mark: 0.033/0.033 secs] [Times: user=0.03 sys=0.00, real=0.03 secs] 
2017-11-09T20:19:54.189+0500: 158.732: [CMS-concurrent-preclean-start]
2017-11-09T20:19:54.189+0500: 158.733: [CMS-concurrent-preclean: 0.001/0.001 secs] [Times: user=0.00 sys=0.00, real=0.00 secs] 
2017-11-09T20:19:54.189+0500: 158.733: [CMS-concurrent-abortable-preclean-start]
 CMS: abort preclean due to time 2017-11-09T20:19:59.201+0500: 163.744: [CMS-concurrent-abortable-preclean: 0.406/5.011 secs] [Times: user=0.72 sys=0.00, real=5.01 secs] 
2017-11-09T20:19:59.201+0500: 163.745: [GC (CMS Final Remark) [YG occupancy: 121891 K (157248 K)]2017-11-09T20:19:59.201+0500: 163.745: [Rescan (parallel) , 0.0058202 secs]2017-11-09T20:19:59.207+0500: 163.751: [weak refs processing, 0.0000274 secs]2017-11-09T20:19:59.207+0500: 163.751: [class unloading, 0.0002874 secs]2017-11-09T20:19:59.207+0500: 163.751: [scrub symbol table, 0.0005614 secs]2017-11-09T20:19:59.208+0500: 163.752: [scrub string table, 0.0001981 secs][1 CMS-remark: 165674K(349568K)] 287566K(506816K), 0.0072247 secs] [Times: user=0.00 sys=0.00, real=0.01 secs] 
2017-11-09T20:19:59.208+0500: 163.752: [CMS-concurrent-sweep-start]
2017-11-09T20:19:59.226+0500: 163.770: [CMS-concurrent-sweep: 0.018/0.018 secs] [Times: user=0.03 sys=0.00, real=0.02 secs] 
2017-11-09T20:19:59.226+0500: 163.770: [CMS-concurrent-reset-start]
2017-11-09T20:19:59.227+0500: 163.770: [CMS-concurrent-reset: 0.000/0.000 secs] [Times: user=0.00 sys=0.00, real=0.00 secs] 
2017-11-09T20:20:01.227+0500: 165.771: [GC (CMS Initial Mark) [1 CMS-initial-mark: 165674K(349568K)] 295918K(506816K), 0.0042770 secs] [Times: user=0.06 sys=0.00, real=0.00 secs] 
2017-11-09T20:20:01.231+0500: 165.775: [CMS-concurrent-mark-start]
2017-11-09T20:20:01.258+0500: 165.802: [CMS-concurrent-mark: 0.026/0.026 secs] [Times: user=0.02 sys=0.00, real=0.03 secs] 
2017-11-09T20:20:01.258+0500: 165.802: [CMS-concurrent-preclean-start]
2017-11-09T20:20:01.259+0500: 165.802: [CMS-concurrent-preclean: 0.001/0.001 secs] [Times: user=0.00 sys=0.00, real=0.00 secs] 
2017-11-09T20:20:01.259+0500: 165.802: [CMS-concurrent-abortable-preclean-start]
 CMS: abort preclean due to time 2017-11-09T20:20:06.315+0500: 170.858: [CMS-concurrent-abortable-preclean: 0.452/5.056 secs] [Times: user=0.84 sys=0.00, real=5.06 secs] 
2017-11-09T20:20:06.315+0500: 170.859: [GC (CMS Final Remark) [YG occupancy: 144164 K (157248 K)]2017-11-09T20:20:06.315+0500: 170.859: [Rescan (parallel) , 0.0031931 secs]2017-11-09T20:20:06.318+0500: 170.862: [weak refs processing, 0.0000308 secs]2017-11-09T20:20:06.318+0500: 170.862: [class unloading, 0.0002367 secs]2017-11-09T20:20:06.318+0500: 170.862: [scrub symbol table, 0.0004037 secs]2017-11-09T20:20:06.319+0500: 170.862: [scrub string table, 0.0000921 secs][1 CMS-remark: 165674K(349568K)] 309838K(506816K), 0.0040605 secs] [Times: user=0.00 sys=0.00, real=0.00 secs] 
2017-11-09T20:20:06.319+0500: 170.863: [CMS-concurrent-sweep-start]
2017-11-09T20:20:06.332+0500: 170.876: [CMS-concurrent-sweep: 0.014/0.014 secs] [Times: user=0.00 sys=0.00, real=0.01 secs] 
2017-11-09T20:20:06.333+0500: 170.876: [CMS-concurrent-reset-start]
2017-11-09T20:20:06.333+0500: 170.877: [CMS-concurrent-reset: 0.000/0.000 secs] [Times: user=0.00 sys=0.00, real=0.00 secs] 
2017-11-09T20:20:08.334+0500: 172.877: [GC (CMS Initial Mark) [1 CMS-initial-mark: 165674K(349568K)] 315407K(506816K), 0.0082871 secs] [Times: user=0.03 sys=0.00, real=0.01 secs] 
2017-11-09T20:20:08.342+0500: 172.886: [CMS-concurrent-mark-start]
2017-11-09T20:20:08.377+0500: 172.921: [CMS-concurrent-mark: 0.035/0.035 secs] [Times: user=0.03 sys=0.00, real=0.04 secs] 
2017-11-09T20:20:08.377+0500: 172.921: [CMS-concurrent-preclean-start]
2017-11-09T20:20:08.378+0500: 172.922: [CMS-concurrent-preclean: 0.001/0.001 secs] [Times: user=0.00 sys=0.00, real=0.00 secs] 
2017-11-09T20:20:08.378+0500: 172.922: [CMS-concurrent-abortable-preclean-start]
2017-11-09T20:20:10.996+0500: 175.540: [GC (Allocation Failure) 2017-11-09T20:20:10.996+0500: 175.540: [ParNew2017-11-09T20:20:11.030+0500: 175.574: [CMS-concurrent-abortable-preclean: 0.247/2.652 secs] [Times: user=0.53 sys=0.03, real=2.65 secs] 
: 157248K->17472K(157248K), 0.0444002 secs] 322922K->300544K(506816K), 0.0445094 secs] [Times: user=0.08 sys=0.03, real=0.04 secs] 
2017-11-09T20:20:11.041+0500: 175.585: [GC (CMS Final Remark) [YG occupancy: 20261 K (157248 K)]2017-11-09T20:20:11.041+0500: 175.585: [Rescan (parallel) , 0.0053518 secs]2017-11-09T20:20:11.046+0500: 175.590: [weak refs processing, 0.0000162 secs]2017-11-09T20:20:11.046+0500: 175.590: [class unloading, 0.0002376 secs]2017-11-09T20:20:11.047+0500: 175.590: [scrub symbol table, 0.0003275 secs]2017-11-09T20:20:11.047+0500: 175.591: [scrub string table, 0.0001054 secs][1 CMS-remark: 283072K(349568K)] 303333K(506816K), 0.0061446 secs] [Times: user=0.05 sys=0.00, real=0.01 secs] 
2017-11-09T20:20:11.047+0500: 175.591: [CMS-concurrent-sweep-start]
2017-11-09T20:20:11.063+0500: 175.607: [CMS-concurrent-sweep: 0.016/0.016 secs] [Times: user=0.03 sys=0.00, real=0.02 secs] 
2017-11-09T20:20:11.063+0500: 175.607: [CMS-concurrent-reset-start]
2017-11-09T20:20:11.064+0500: 175.607: [CMS-concurrent-reset: 0.000/0.000 secs] [Times: user=0.00 sys=0.00, real=0.00 secs] 
2017-11-09T20:20:13.064+0500: 177.608: [GC (CMS Initial Mark) [1 CMS-initial-mark: 283072K(349568K)] 308910K(506816K), 0.0055160 secs] [Times: user=0.00 sys=0.00, real=0.01 secs] 
2017-11-09T20:20:13.070+0500: 177.613: [CMS-concurrent-mark-start]
2017-11-09T20:20:13.102+0500: 177.645: [CMS-concurrent-mark: 0.032/0.032 secs] [Times: user=0.03 sys=0.00, real=0.03 secs] 
2017-11-09T20:20:13.102+0500: 177.645: [CMS-concurrent-preclean-start]
2017-11-09T20:20:13.102+0500: 177.646: [CMS-concurrent-preclean: 0.001/0.001 secs] [Times: user=0.00 sys=0.00, real=0.00 secs] 
2017-11-09T20:20:13.102+0500: 177.646: [CMS-concurrent-abortable-preclean-start]
 CMS: abort preclean due to time 2017-11-09T20:20:18.134+0500: 182.678: [CMS-concurrent-abortable-preclean: 0.429/5.032 secs] [Times: user=0.88 sys=0.00, real=5.03 secs] 
2017-11-09T20:20:18.134+0500: 182.678: [GC (CMS Final Remark) [YG occupancy: 39780 K (157248 K)]2017-11-09T20:20:18.134+0500: 182.678: [Rescan (parallel) , 0.0048607 secs]2017-11-09T20:20:18.139+0500: 182.683: [weak refs processing, 0.0000274 secs]2017-11-09T20:20:18.139+0500: 182.683: [class unloading, 0.0002672 secs]2017-11-09T20:20:18.139+0500: 182.683: [scrub symbol table, 0.0005091 secs]2017-11-09T20:20:18.140+0500: 182.684: [scrub string table, 0.0001841 secs][1 CMS-remark: 283072K(349568K)] 322852K(506816K), 0.0060167 secs] [Times: user=0.06 sys=0.00, real=0.01 secs] 
2017-11-09T20:20:18.140+0500: 182.684: [CMS-concurrent-sweep-start]
2017-11-09T20:20:18.162+0500: 182.706: [CMS-concurrent-sweep: 0.022/0.022 secs] [Times: user=0.01 sys=0.00, real=0.02 secs] 
2017-11-09T20:20:18.162+0500: 182.706: [CMS-concurrent-reset-start]
2017-11-09T20:20:18.162+0500: 182.706: [CMS-concurrent-reset: 0.000/0.000 secs] [Times: user=0.00 sys=0.00, real=0.00 secs] 
2017-11-09T20:20:20.163+0500: 184.706: [GC (CMS Initial Mark) [1 CMS-initial-mark: 257196K(349568K)] 302554K(506816K), 0.0082205 secs] [Times: user=0.02 sys=0.00, real=0.01 secs] 
2017-11-09T20:20:20.171+0500: 184.715: [CMS-concurrent-mark-start]
2017-11-09T20:20:20.209+0500: 184.753: [CMS-concurrent-mark: 0.038/0.038 secs] [Times: user=0.03 sys=0.00, real=0.04 secs] 
2017-11-09T20:20:20.209+0500: 184.753: [CMS-concurrent-preclean-start]
2017-11-09T20:20:20.210+0500: 184.753: [CMS-concurrent-preclean: 0.001/0.001 secs] [Times: user=0.00 sys=0.00, real=0.00 secs] 
2017-11-09T20:20:20.210+0500: 184.753: [CMS-concurrent-abortable-preclean-start]
 CMS: abort preclean due to time 2017-11-09T20:20:25.259+0500: 189.803: [CMS-concurrent-abortable-preclean: 0.449/5.050 secs] [Times: user=0.84 sys=0.00, real=5.05 secs] 
2017-11-09T20:20:25.260+0500: 189.803: [GC (CMS Final Remark) [YG occupancy: 62087 K (157248 K)]2017-11-09T20:20:25.260+0500: 189.803: [Rescan (parallel) , 0.0031073 secs]2017-11-09T20:20:25.263+0500: 189.806: [weak refs processing, 0.0000177 secs]2017-11-09T20:20:25.263+0500: 189.806: [class unloading, 0.0001903 secs]2017-11-09T20:20:25.263+0500: 189.806: [scrub symbol table, 0.0003763 secs]2017-11-09T20:20:25.263+0500: 189.807: [scrub string table, 0.0001141 secs][1 CMS-remark: 257196K(349568K)] 319284K(506816K), 0.0039246 secs] [Times: user=0.06 sys=0.00, real=0.00 secs] 
2017-11-09T20:20:25.264+0500: 189.807: [CMS-concurrent-sweep-start]
2017-11-09T20:20:25.282+0500: 189.826: [CMS-concurrent-sweep: 0.019/0.019 secs] [Times: user=0.01 sys=0.00, real=0.02 secs] 
2017-11-09T20:20:25.282+0500: 189.826: [CMS-concurrent-reset-start]
2017-11-09T20:20:25.283+0500: 189.826: [CMS-concurrent-reset: 0.000/0.000 secs] [Times: user=0.00 sys=0.00, real=0.00 secs] 
2017-11-09T20:20:27.283+0500: 191.826: [GC (CMS Initial Mark) [1 CMS-initial-mark: 247966K(349568K)] 315631K(506816K), 0.0052902 secs] [Times: user=0.00 sys=0.00, real=0.01 secs] 
2017-11-09T20:20:27.288+0500: 191.832: [CMS-concurrent-mark-start]
2017-11-09T20:20:27.319+0500: 191.863: [CMS-concurrent-mark: 0.031/0.031 secs] [Times: user=0.03 sys=0.00, real=0.03 secs] 
2017-11-09T20:20:27.319+0500: 191.863: [CMS-concurrent-preclean-start]
2017-11-09T20:20:27.320+0500: 191.864: [CMS-concurrent-preclean: 0.001/0.001 secs] [Times: user=0.00 sys=0.00, real=0.00 secs] 
2017-11-09T20:20:27.320+0500: 191.864: [CMS-concurrent-abortable-preclean-start]
 CMS: abort preclean due to time 2017-11-09T20:20:32.402+0500: 196.946: [CMS-concurrent-abortable-preclean: 0.479/5.082 secs] [Times: user=0.89 sys=0.00, real=5.08 secs] 
2017-11-09T20:20:32.402+0500: 196.946: [GC (CMS Final Remark) [YG occupancy: 81606 K (157248 K)]2017-11-09T20:20:32.402+0500: 196.946: [Rescan (parallel) , 0.0033088 secs]2017-11-09T20:20:32.406+0500: 196.949: [weak refs processing, 0.0000171 secs]2017-11-09T20:20:32.406+0500: 196.950: [class unloading, 0.0001959 secs]2017-11-09T20:20:32.406+0500: 196.950: [scrub symbol table, 0.0003797 secs]2017-11-09T20:20:32.406+0500: 196.950: [scrub string table, 0.0001169 secs][1 CMS-remark: 247966K(349568K)] 329573K(506816K), 0.0041243 secs] [Times: user=0.00 sys=0.00, real=0.00 secs] 
2017-11-09T20:20:32.406+0500: 196.950: [CMS-concurrent-sweep-start]
2017-11-09T20:20:32.426+0500: 196.970: [CMS-concurrent-sweep: 0.019/0.019 secs] [Times: user=0.02 sys=0.00, real=0.02 secs] 
2017-11-09T20:20:32.426+0500: 196.970: [CMS-concurrent-reset-start]
2017-11-09T20:20:32.426+0500: 196.970: [CMS-concurrent-reset: 0.000/0.000 secs] [Times: user=0.00 sys=0.00, real=0.00 secs] 
2017-11-09T20:20:34.427+0500: 198.971: [GC (CMS Initial Mark) [1 CMS-initial-mark: 239016K(349568K)] 326200K(506816K), 0.0082016 secs] [Times: user=0.01 sys=0.00, real=0.01 secs] 
2017-11-09T20:20:34.436+0500: 198.979: [CMS-concurrent-mark-start]
2017-11-09T20:20:34.471+0500: 199.015: [CMS-concurrent-mark: 0.036/0.036 secs] [Times: user=0.03 sys=0.00, real=0.03 secs] 
2017-11-09T20:20:34.472+0500: 199.015: [CMS-concurrent-preclean-start]
2017-11-09T20:20:34.472+0500: 199.016: [CMS-concurrent-preclean: 0.001/0.001 secs] [Times: user=0.00 sys=0.00, real=0.00 secs] 
2017-11-09T20:20:34.472+0500: 199.016: [CMS-concurrent-abortable-preclean-start]
 CMS: abort preclean due to time 2017-11-09T20:20:39.521+0500: 204.065: [CMS-concurrent-abortable-preclean: 0.449/5.049 secs] [Times: user=1.14 sys=0.00, real=5.05 secs] 
2017-11-09T20:20:39.522+0500: 204.066: [GC (CMS Final Remark) [YG occupancy: 103914 K (157248 K)]2017-11-09T20:20:39.522+0500: 204.066: [Rescan (parallel) , 0.0050178 secs]2017-11-09T20:20:39.527+0500: 204.071: [weak refs processing, 0.0000274 secs]2017-11-09T20:20:39.527+0500: 204.071: [class unloading, 0.0002771 secs]2017-11-09T20:20:39.527+0500: 204.071: [scrub symbol table, 0.0005082 secs]2017-11-09T20:20:39.528+0500: 204.072: [scrub string table, 0.0001813 secs][1 CMS-remark: 239016K(349568K)] 342931K(506816K), 0.0061906 secs] [Times: user=0.05 sys=0.00, real=0.01 secs] 
2017-11-09T20:20:39.528+0500: 204.072: [CMS-concurrent-sweep-start]
2017-11-09T20:20:39.549+0500: 204.093: [CMS-concurrent-sweep: 0.021/0.021 secs] [Times: user=0.02 sys=0.00, real=0.02 secs] 
2017-11-09T20:20:39.549+0500: 204.093: [CMS-concurrent-reset-start]
2017-11-09T20:20:39.550+0500: 204.094: [CMS-concurrent-reset: 0.000/0.000 secs] [Times: user=0.00 sys=0.00, real=0.00 secs] 
2017-11-09T20:20:41.549+0500: 206.093: [GC (CMS Initial Mark) [1 CMS-initial-mark: 230917K(349568K)] 340408K(506816K), 0.0077805 secs] [Times: user=0.00 sys=0.00, real=0.01 secs] 
2017-11-09T20:20:41.557+0500: 206.101: [CMS-concurrent-mark-start]
2017-11-09T20:20:41.597+0500: 206.141: [CMS-concurrent-mark: 0.040/0.040 secs] [Times: user=0.06 sys=0.00, real=0.04 secs] 
2017-11-09T20:20:41.597+0500: 206.141: [CMS-concurrent-preclean-start]
2017-11-09T20:20:41.598+0500: 206.142: [CMS-concurrent-preclean: 0.001/0.001 secs] [Times: user=0.00 sys=0.00, real=0.00 secs] 
2017-11-09T20:20:41.598+0500: 206.142: [CMS-concurrent-abortable-preclean-start]
2017-11-09T20:20:45.011+0500: 209.554: [CMS-concurrent-abortable-preclean: 0.309/3.412 secs] [Times: user=0.72 sys=0.00, real=3.41 secs] 
2017-11-09T20:20:45.011+0500: 209.554: [GC (CMS Final Remark) [YG occupancy: 120644 K (157248 K)]2017-11-09T20:20:45.011+0500: 209.554: [Rescan (parallel) , 0.0051409 secs]2017-11-09T20:20:45.016+0500: 209.559: [weak refs processing, 0.0000327 secs]2017-11-09T20:20:45.016+0500: 209.559: [class unloading, 0.0002724 secs]2017-11-09T20:20:45.016+0500: 209.560: [scrub symbol table, 0.0005250 secs]2017-11-09T20:20:45.017+0500: 209.560: [scrub string table, 0.0001863 secs][1 CMS-remark: 230917K(349568K)] 351562K(506816K), 0.0063184 secs] [Times: user=0.00 sys=0.00, real=0.01 secs] 
2017-11-09T20:20:45.017+0500: 209.561: [CMS-concurrent-sweep-start]
2017-11-09T20:20:45.039+0500: 209.583: [CMS-concurrent-sweep: 0.022/0.022 secs] [Times: user=0.01 sys=0.00, real=0.02 secs] 
2017-11-09T20:20:45.039+0500: 209.583: [CMS-concurrent-reset-start]
2017-11-09T20:20:45.040+0500: 209.583: [CMS-concurrent-reset: 0.000/0.000 secs] [Times: user=0.00 sys=0.00, real=0.00 secs] 
2017-11-09T20:20:47.040+0500: 211.583: [GC (CMS Initial Mark) [1 CMS-initial-mark: 223477K(349568K)] 349699K(506816K), 0.0050688 secs] [Times: user=0.05 sys=0.00, real=0.01 secs] 
2017-11-09T20:20:47.045+0500: 211.588: [CMS-concurrent-mark-start]
2017-11-09T20:20:47.073+0500: 211.617: [CMS-concurrent-mark: 0.028/0.028 secs] [Times: user=0.03 sys=0.00, real=0.03 secs] 
2017-11-09T20:20:47.073+0500: 211.617: [CMS-concurrent-preclean-start]
2017-11-09T20:20:47.074+0500: 211.617: [CMS-concurrent-preclean: 0.001/0.001 secs] [Times: user=0.00 sys=0.00, real=0.00 secs] 
2017-11-09T20:20:47.074+0500: 211.617: [CMS-concurrent-abortable-preclean-start]
2017-11-09T20:20:47.074+0500: 211.617: [CMS-concurrent-abortable-preclean: 0.000/0.000 secs] [Times: user=0.00 sys=0.00, real=0.00 secs] 
2017-11-09T20:20:47.074+0500: 211.618: [GC (CMS Final Remark) [YG occupancy: 126221 K (157248 K)]2017-11-09T20:20:47.074+0500: 211.618: [Rescan (parallel) , 0.0046483 secs]2017-11-09T20:20:47.079+0500: 211.622: [weak refs processing, 0.0000162 secs]2017-11-09T20:20:47.079+0500: 211.622: [class unloading, 0.0002015 secs]2017-11-09T20:20:47.079+0500: 211.623: [scrub symbol table, 0.0004062 secs]2017-11-09T20:20:47.079+0500: 211.623: [scrub string table, 0.0001347 secs][1 CMS-remark: 223477K(349568K)] 349699K(506816K), 0.0055095 secs] [Times: user=0.00 sys=0.00, real=0.01 secs] 
2017-11-09T20:20:47.080+0500: 211.623: [CMS-concurrent-sweep-start]
2017-11-09T20:20:47.097+0500: 211.641: [CMS-concurrent-sweep: 0.018/0.018 secs] [Times: user=0.02 sys=0.00, real=0.02 secs] 
2017-11-09T20:20:47.097+0500: 211.641: [CMS-concurrent-reset-start]
2017-11-09T20:20:47.098+0500: 211.641: [CMS-concurrent-reset: 0.000/0.000 secs] [Times: user=0.00 sys=0.00, real=0.00 secs] 
2017-11-09T20:20:49.098+0500: 213.642: [GC (CMS Initial Mark) [1 CMS-initial-mark: 217834K(349568K)] 349632K(506816K), 0.0077581 secs] [Times: user=0.01 sys=0.00, real=0.01 secs] 
2017-11-09T20:20:49.106+0500: 213.650: [CMS-concurrent-mark-start]
2017-11-09T20:20:49.150+0500: 213.694: [CMS-concurrent-mark: 0.044/0.044 secs] [Times: user=0.03 sys=0.00, real=0.04 secs] 
2017-11-09T20:20:49.150+0500: 213.694: [CMS-concurrent-preclean-start]
2017-11-09T20:20:49.151+0500: 213.694: [CMS-concurrent-preclean: 0.001/0.001 secs] [Times: user=0.00 sys=0.00, real=0.00 secs] 
2017-11-09T20:20:49.151+0500: 213.694: [CMS-concurrent-abortable-preclean-start]
2017-11-09T20:20:49.151+0500: 213.694: [CMS-concurrent-abortable-preclean: 0.000/0.000 secs] [Times: user=0.00 sys=0.00, real=0.00 secs] 
2017-11-09T20:20:49.151+0500: 213.695: [GC (CMS Final Remark) [YG occupancy: 131798 K (157248 K)]2017-11-09T20:20:49.151+0500: 213.695: [Rescan (parallel) , 0.0026411 secs]2017-11-09T20:20:49.154+0500: 213.697: [weak refs processing, 0.0000152 secs]2017-11-09T20:20:49.154+0500: 213.697: [class unloading, 0.0003045 secs]2017-11-09T20:20:49.154+0500: 213.698: [scrub symbol table, 0.0005163 secs]2017-11-09T20:20:49.154+0500: 213.698: [scrub string table, 0.0001241 secs][1 CMS-remark: 217834K(349568K)] 349632K(506816K), 0.0037367 secs] [Times: user=0.00 sys=0.00, real=0.00 secs] 
2017-11-09T20:20:49.155+0500: 213.698: [CMS-concurrent-sweep-start]
2017-11-09T20:20:49.171+0500: 213.715: [CMS-concurrent-sweep: 0.016/0.016 secs] [Times: user=0.02 sys=0.00, real=0.02 secs] 
2017-11-09T20:20:49.171+0500: 213.715: [CMS-concurrent-reset-start]
2017-11-09T20:20:49.171+0500: 213.715: [CMS-concurrent-reset: 0.000/0.000 secs] [Times: user=0.00 sys=0.00, real=0.00 secs] 
2017-11-09T20:20:51.171+0500: 215.714: [GC (CMS Initial Mark) [1 CMS-initial-mark: 215906K(349568K)] 353281K(506816K), 0.0084280 secs] [Times: user=0.00 sys=0.00, real=0.01 secs] 
2017-11-09T20:20:51.179+0500: 215.723: [CMS-concurrent-mark-start]
2017-11-09T20:20:51.214+0500: 215.757: [CMS-concurrent-mark: 0.035/0.035 secs] [Times: user=0.06 sys=0.00, real=0.04 secs] 
2017-11-09T20:20:51.214+0500: 215.758: [CMS-concurrent-preclean-start]
2017-11-09T20:20:51.214+0500: 215.758: [CMS-concurrent-preclean: 0.001/0.001 secs] [Times: user=0.00 sys=0.00, real=0.00 secs] 
2017-11-09T20:20:51.214+0500: 215.758: [CMS-concurrent-abortable-preclean-start]
2017-11-09T20:20:51.214+0500: 215.758: [CMS-concurrent-abortable-preclean: 0.000/0.000 secs] [Times: user=0.00 sys=0.00, real=0.00 secs] 
2017-11-09T20:20:51.215+0500: 215.758: [GC (CMS Final Remark) [YG occupancy: 140163 K (157248 K)]2017-11-09T20:20:51.215+0500: 215.758: [Rescan (parallel) , 0.0027428 secs]2017-11-09T20:20:51.217+0500: 215.761: [weak refs processing, 0.0000146 secs]2017-11-09T20:20:51.217+0500: 215.761: [class unloading, 0.0001931 secs]2017-11-09T20:20:51.218+0500: 215.761: [scrub symbol table, 0.0003437 secs]2017-11-09T20:20:51.218+0500: 215.762: [scrub string table, 0.0001064 secs][1 CMS-remark: 215906K(349568K)] 356070K(506816K), 0.0035013 secs] [Times: user=0.00 sys=0.00, real=0.00 secs] 
2017-11-09T20:20:51.218+0500: 215.762: [CMS-concurrent-sweep-start]
2017-11-09T20:20:51.236+0500: 215.779: [CMS-concurrent-sweep: 0.017/0.017 secs] [Times: user=0.03 sys=0.00, real=0.02 secs] 
2017-11-09T20:20:51.236+0500: 215.779: [CMS-concurrent-reset-start]
2017-11-09T20:20:51.236+0500: 215.780: [CMS-concurrent-reset: 0.000/0.000 secs] [Times: user=0.00 sys=0.00, real=0.00 secs] 
2017-11-09T20:20:53.236+0500: 217.779: [GC (CMS Initial Mark) [1 CMS-initial-mark: 214015K(349568K)] 356967K(506816K), 0.0076660 secs] [Times: user=0.00 sys=0.00, real=0.01 secs] 
2017-11-09T20:20:53.244+0500: 217.787: [CMS-concurrent-mark-start]
2017-11-09T20:20:53.277+0500: 217.820: [CMS-concurrent-mark: 0.033/0.033 secs] [Times: user=0.08 sys=0.00, real=0.03 secs] 
2017-11-09T20:20:53.277+0500: 217.820: [CMS-concurrent-preclean-start]
2017-11-09T20:20:53.277+0500: 217.821: [CMS-concurrent-preclean: 0.001/0.001 secs] [Times: user=0.00 sys=0.00, real=0.00 secs] 
2017-11-09T20:20:53.278+0500: 217.821: [CMS-concurrent-abortable-preclean-start]
2017-11-09T20:20:53.278+0500: 217.821: [CMS-concurrent-abortable-preclean: 0.000/0.000 secs] [Times: user=0.00 sys=0.00, real=0.00 secs] 
2017-11-09T20:20:53.278+0500: 217.821: [GC (CMS Final Remark) [YG occupancy: 145740 K (157248 K)]2017-11-09T20:20:53.278+0500: 217.821: [Rescan (parallel) , 0.0030118 secs]2017-11-09T20:20:53.281+0500: 217.824: [weak refs processing, 0.0000168 secs]2017-11-09T20:20:53.281+0500: 217.824: [class unloading, 0.0002028 secs]2017-11-09T20:20:53.281+0500: 217.824: [scrub symbol table, 0.0003853 secs]2017-11-09T20:20:53.281+0500: 217.825: [scrub string table, 0.0001057 secs][1 CMS-remark: 214015K(349568K)] 359755K(506816K), 0.0038332 secs] [Times: user=0.00 sys=0.00, real=0.00 secs] 
2017-11-09T20:20:53.281+0500: 217.825: [CMS-concurrent-sweep-start]
2017-11-09T20:20:53.299+0500: 217.843: [CMS-concurrent-sweep: 0.018/0.018 secs] [Times: user=0.01 sys=0.00, real=0.02 secs] 
2017-11-09T20:20:53.299+0500: 217.843: [CMS-concurrent-reset-start]
2017-11-09T20:20:53.299+0500: 217.843: [CMS-concurrent-reset: 0.000/0.000 secs] [Times: user=0.00 sys=0.00, real=0.00 secs] 
2017-11-09T20:20:55.299+0500: 219.843: [GC (CMS Initial Mark) [1 CMS-initial-mark: 212103K(349568K)] 363420K(506816K), 0.0050713 secs] [Times: user=0.00 sys=0.00, real=0.00 secs] 
2017-11-09T20:20:55.304+0500: 219.848: [CMS-concurrent-mark-start]
2017-11-09T20:20:55.335+0500: 219.879: [CMS-concurrent-mark: 0.031/0.031 secs] [Times: user=0.05 sys=0.00, real=0.03 secs] 
2017-11-09T20:20:55.335+0500: 219.879: [CMS-concurrent-preclean-start]
2017-11-09T20:20:55.335+0500: 219.879: [CMS-concurrent-preclean: 0.001/0.001 secs] [Times: user=0.00 sys=0.00, real=0.00 secs] 
2017-11-09T20:20:55.335+0500: 219.879: [CMS-concurrent-abortable-preclean-start]
2017-11-09T20:20:55.335+0500: 219.879: [CMS-concurrent-abortable-preclean: 0.000/0.000 secs] [Times: user=0.00 sys=0.00, real=0.00 secs] 
2017-11-09T20:20:55.336+0500: 219.879: [GC (CMS Final Remark) [YG occupancy: 151317 K (157248 K)]2017-11-09T20:20:55.336+0500: 219.880: [Rescan (parallel) , 0.0027300 secs]2017-11-09T20:20:55.338+0500: 219.882: [weak refs processing, 0.0000146 secs]2017-11-09T20:20:55.338+0500: 219.882: [class unloading, 0.0001850 secs]2017-11-09T20:20:55.339+0500: 219.882: [scrub symbol table, 0.0003356 secs]2017-11-09T20:20:55.339+0500: 219.883: [scrub string table, 0.0000868 secs][1 CMS-remark: 212103K(349568K)] 363420K(506816K), 0.0034456 secs] [Times: user=0.06 sys=0.00, real=0.00 secs] 
2017-11-09T20:20:55.339+0500: 219.883: [CMS-concurrent-sweep-start]
2017-11-09T20:20:55.356+0500: 219.900: [CMS-concurrent-sweep: 0.017/0.017 secs] [Times: user=0.02 sys=0.00, real=0.02 secs] 
2017-11-09T20:20:55.356+0500: 219.900: [CMS-concurrent-reset-start]
2017-11-09T20:20:55.356+0500: 219.900: [CMS-concurrent-reset: 0.000/0.000 secs] [Times: user=0.00 sys=0.00, real=0.00 secs] 
2017-11-09T20:20:57.356+0500: 221.899: [GC (CMS Initial Mark) [1 CMS-initial-mark: 210076K(349568K)] 366970K(506816K), 0.0070148 secs] [Times: user=0.00 sys=0.00, real=0.01 secs] 
2017-11-09T20:20:57.362+0500: 221.906: [CMS-concurrent-mark-start]
2017-11-09T20:20:57.390+0500: 221.934: [CMS-concurrent-mark: 0.028/0.028 secs] [Times: user=0.03 sys=0.00, real=0.03 secs] 
2017-11-09T20:20:57.390+0500: 221.934: [CMS-concurrent-preclean-start]
2017-11-09T20:20:57.391+0500: 221.935: [CMS-concurrent-preclean: 0.001/0.001 secs] [Times: user=0.00 sys=0.00, real=0.00 secs] 
2017-11-09T20:20:57.391+0500: 221.935: [CMS-concurrent-abortable-preclean-start]
2017-11-09T20:20:57.391+0500: 221.935: [CMS-concurrent-abortable-preclean: 0.000/0.000 secs] [Times: user=0.00 sys=0.00, real=0.00 secs] 
2017-11-09T20:20:57.391+0500: 221.935: [GC (CMS Final Remark) [YG occupancy: 156894 K (157248 K)]2017-11-09T20:20:57.391+0500: 221.935: [Rescan (parallel) , 0.0028071 secs]2017-11-09T20:20:57.394+0500: 221.938: [weak refs processing, 0.0000152 secs]2017-11-09T20:20:57.394+0500: 221.938: [class unloading, 0.0002130 secs]2017-11-09T20:20:57.394+0500: 221.938: [scrub symbol table, 0.0003505 secs]2017-11-09T20:20:57.395+0500: 221.938: [scrub string table, 0.0000905 secs][1 CMS-remark: 210076K(349568K)] 366970K(506816K), 0.0035809 secs] [Times: user=0.00 sys=0.00, real=0.00 secs] 
2017-11-09T20:20:57.395+0500: 221.938: [CMS-concurrent-sweep-start]
2017-11-09T20:20:57.411+0500: 221.955: [CMS-concurrent-sweep: 0.017/0.017 secs] [Times: user=0.02 sys=0.00, real=0.02 secs] 
2017-11-09T20:20:57.411+0500: 221.955: [CMS-concurrent-reset-start]
2017-11-09T20:20:57.412+0500: 221.956: [CMS-concurrent-reset: 0.000/0.000 secs] [Times: user=0.00 sys=0.00, real=0.00 secs] 
2017-11-09T20:20:57.990+0500: 222.533: [GC (Allocation Failure) 2017-11-09T20:20:57.990+0500: 222.533: [ParNew: 157248K->157248K(157248K), 0.0000351 secs]2017-11-09T20:20:57.990+0500: 222.533: [CMS: 208182K->347691K(349568K), 0.1648375 secs] 365430K->347691K(506816K), [Metaspace: 2636K->2636K(1056768K)], 0.1649902 secs] [Times: user=0.17 sys=0.00, real=0.16 secs] 
2017-11-09T20:20:58.155+0500: 222.698: [GC (CMS Initial Mark) [1 CMS-initial-mark: 347691K(349568K)] 350483K(506816K), 0.0001309 secs] [Times: user=0.00 sys=0.00, real=0.00 secs] 
2017-11-09T20:20:58.155+0500: 222.699: [CMS-concurrent-mark-start]
2017-11-09T20:20:58.176+0500: 222.720: [CMS-concurrent-mark: 0.021/0.021 secs] [Times: user=0.02 sys=0.00, real=0.02 secs] 
2017-11-09T20:20:58.176+0500: 222.720: [CMS-concurrent-preclean-start]
2017-11-09T20:20:58.178+0500: 222.722: [CMS-concurrent-preclean: 0.002/0.002 secs] [Times: user=0.00 sys=0.00, real=0.00 secs] 
2017-11-09T20:20:58.178+0500: 222.722: [CMS-concurrent-abortable-preclean-start]
2017-11-09T20:20:58.178+0500: 222.722: [CMS-concurrent-abortable-preclean: 0.000/0.000 secs] [Times: user=0.00 sys=0.00, real=0.00 secs] 
2017-11-09T20:20:58.178+0500: 222.722: [GC (CMS Final Remark) [YG occupancy: 2792 K (157248 K)]2017-11-09T20:20:58.178+0500: 222.722: [Rescan (parallel) , 0.0016477 secs]2017-11-09T20:20:58.180+0500: 222.724: [weak refs processing, 0.0000258 secs]2017-11-09T20:20:58.180+0500: 222.724: [class unloading, 0.0001944 secs]2017-11-09T20:20:58.180+0500: 222.724: [scrub symbol table, 0.0004183 secs]2017-11-09T20:20:58.181+0500: 222.725: [scrub string table, 0.0001253 secs][1 CMS-remark: 347691K(349568K)] 350483K(506816K), 0.0025667 secs] [Times: user=0.00 sys=0.00, real=0.00 secs] 
2017-11-09T20:20:58.181+0500: 222.725: [CMS-concurrent-sweep-start]
2017-11-09T20:20:58.198+0500: 222.742: [CMS-concurrent-sweep: 0.017/0.017 secs] [Times: user=0.03 sys=0.00, real=0.02 secs] 
2017-11-09T20:20:58.198+0500: 222.742: [CMS-concurrent-reset-start]
2017-11-09T20:20:58.199+0500: 222.742: [CMS-concurrent-reset: 0.000/0.000 secs] [Times: user=0.00 sys=0.00, real=0.00 secs] 
2017-11-09T20:21:00.199+0500: 224.743: [GC (CMS Initial Mark) [1 CMS-initial-mark: 347606K(349568K)] 353189K(506816K), 0.0003219 secs] [Times: user=0.00 sys=0.00, real=0.00 secs] 
2017-11-09T20:21:00.199+0500: 224.743: [CMS-concurrent-mark-start]
2017-11-09T20:21:00.228+0500: 224.771: [CMS-concurrent-mark: 0.028/0.028 secs] [Times: user=0.03 sys=0.00, real=0.03 secs] 
2017-11-09T20:21:00.228+0500: 224.771: [CMS-concurrent-preclean-start]
2017-11-09T20:21:00.232+0500: 224.776: [CMS-concurrent-preclean: 0.005/0.005 secs] [Times: user=0.03 sys=0.00, real=0.00 secs] 
2017-11-09T20:21:00.232+0500: 224.776: [CMS-concurrent-abortable-preclean-start]
2017-11-09T20:21:00.232+0500: 224.776: [CMS-concurrent-abortable-preclean: 0.000/0.000 secs] [Times: user=0.00 sys=0.00, real=0.00 secs] 
2017-11-09T20:21:00.233+0500: 224.776: [GC (CMS Final Remark) [YG occupancy: 8374 K (157248 K)]2017-11-09T20:21:00.233+0500: 224.776: [Rescan (parallel) , 0.0032827 secs]2017-11-09T20:21:00.236+0500: 224.780: [weak refs processing, 0.0000302 secs]2017-11-09T20:21:00.236+0500: 224.780: [class unloading, 0.0002951 secs]2017-11-09T20:21:00.236+0500: 224.780: [scrub symbol table, 0.0005561 secs]2017-11-09T20:21:00.237+0500: 224.781: [scrub string table, 0.0001847 secs][1 CMS-remark: 347606K(349568K)] 355980K(506816K), 0.0045261 secs] [Times: user=0.00 sys=0.00, real=0.00 secs] 
2017-11-09T20:21:00.237+0500: 224.781: [CMS-concurrent-sweep-start]
2017-11-09T20:21:00.257+0500: 224.800: [CMS-concurrent-sweep: 0.019/0.019 secs] [Times: user=0.03 sys=0.00, real=0.02 secs] 
2017-11-09T20:21:00.257+0500: 224.800: [CMS-concurrent-reset-start]
2017-11-09T20:21:00.257+0500: 224.801: [CMS-concurrent-reset: 0.000/0.000 secs] [Times: user=0.00 sys=0.00, real=0.00 secs] 
2017-11-09T20:21:02.256+0500: 226.800: [GC (CMS Initial Mark) [1 CMS-initial-mark: 344713K(349568K)] 358669K(506816K), 0.0003968 secs] [Times: user=0.00 sys=0.00, real=0.00 secs] 
2017-11-09T20:21:02.257+0500: 226.800: [CMS-concurrent-mark-start]
2017-11-09T20:21:02.284+0500: 226.828: [CMS-concurrent-mark: 0.027/0.027 secs] [Times: user=0.03 sys=0.00, real=0.03 secs] 
2017-11-09T20:21:02.284+0500: 226.828: [CMS-concurrent-preclean-start]
2017-11-09T20:21:02.286+0500: 226.830: [CMS-concurrent-preclean: 0.002/0.002 secs] [Times: user=0.00 sys=0.00, real=0.00 secs] 
2017-11-09T20:21:02.286+0500: 226.830: [CMS-concurrent-abortable-preclean-start]
2017-11-09T20:21:02.286+0500: 226.830: [CMS-concurrent-abortable-preclean: 0.000/0.000 secs] [Times: user=0.00 sys=0.00, real=0.00 secs] 
2017-11-09T20:21:02.287+0500: 226.830: [GC (CMS Final Remark) [YG occupancy: 13956 K (157248 K)]2017-11-09T20:21:02.287+0500: 226.831: [Rescan (parallel) , 0.0018237 secs]2017-11-09T20:21:02.289+0500: 226.832: [weak refs processing, 0.0000159 secs]2017-11-09T20:21:02.289+0500: 226.832: [class unloading, 0.0002003 secs]2017-11-09T20:21:02.289+0500: 226.833: [scrub symbol table, 0.0003449 secs]2017-11-09T20:21:02.289+0500: 226.833: [scrub string table, 0.0000952 secs][1 CMS-remark: 344713K(349568K)] 358669K(506816K), 0.0025941 secs] [Times: user=0.00 sys=0.00, real=0.00 secs] 
2017-11-09T20:21:02.289+0500: 226.833: [CMS-concurrent-sweep-start]
2017-11-09T20:21:02.306+0500: 226.850: [CMS-concurrent-sweep: 0.017/0.017 secs] [Times: user=0.03 sys=0.00, real=0.02 secs] 
2017-11-09T20:21:02.307+0500: 226.850: [CMS-concurrent-reset-start]
2017-11-09T20:21:02.307+0500: 226.851: [CMS-concurrent-reset: 0.000/0.000 secs] [Times: user=0.00 sys=0.00, real=0.00 secs] 
2017-11-09T20:21:04.307+0500: 228.851: [GC (CMS Initial Mark) [1 CMS-initial-mark: 341849K(349568K)] 361388K(506816K), 0.0005738 secs] [Times: user=0.00 sys=0.00, real=0.00 secs] 
2017-11-09T20:21:04.308+0500: 228.852: [CMS-concurrent-mark-start]
2017-11-09T20:21:04.332+0500: 228.875: [CMS-concurrent-mark: 0.024/0.024 secs] [Times: user=0.03 sys=0.00, real=0.02 secs] 
2017-11-09T20:21:04.332+0500: 228.876: [CMS-concurrent-preclean-start]
2017-11-09T20:21:04.334+0500: 228.878: [CMS-concurrent-preclean: 0.002/0.002 secs] [Times: user=0.00 sys=0.00, real=0.00 secs] 
2017-11-09T20:21:04.334+0500: 228.878: [CMS-concurrent-abortable-preclean-start]
2017-11-09T20:21:04.334+0500: 228.878: [CMS-concurrent-abortable-preclean: 0.000/0.000 secs] [Times: user=0.00 sys=0.00, real=0.00 secs] 
2017-11-09T20:21:04.334+0500: 228.878: [GC (CMS Final Remark) [YG occupancy: 19538 K (157248 K)]2017-11-09T20:21:04.334+0500: 228.878: [Rescan (parallel) , 0.0004718 secs]2017-11-09T20:21:04.335+0500: 228.878: [weak refs processing, 0.0000112 secs]2017-11-09T20:21:04.335+0500: 228.878: [class unloading, 0.0001804 secs]2017-11-09T20:21:04.335+0500: 228.879: [scrub symbol table, 0.0003437 secs]2017-11-09T20:21:04.335+0500: 228.879: [scrub string table, 0.0000952 secs][1 CMS-remark: 341849K(349568K)] 361388K(506816K), 0.0011787 secs] [Times: user=0.00 sys=0.00, real=0.00 secs] 
2017-11-09T20:21:04.336+0500: 228.879: [CMS-concurrent-sweep-start]
2017-11-09T20:21:04.353+0500: 228.896: [CMS-concurrent-sweep: 0.017/0.017 secs] [Times: user=0.02 sys=0.00, real=0.02 secs] 
2017-11-09T20:21:04.353+0500: 228.896: [CMS-concurrent-reset-start]
2017-11-09T20:21:04.353+0500: 228.897: [CMS-concurrent-reset: 0.000/0.000 secs] [Times: user=0.00 sys=0.00, real=0.00 secs] 
2017-11-09T20:21:06.354+0500: 230.898: [GC (CMS Initial Mark) [1 CMS-initial-mark: 338716K(349568K)] 366628K(506816K), 0.0095143 secs] [Times: user=0.00 sys=0.02, real=0.01 secs] 
2017-11-09T20:21:06.364+0500: 230.907: [CMS-concurrent-mark-start]
2017-11-09T20:21:06.402+0500: 230.945: [CMS-concurrent-mark: 0.038/0.038 secs] [Times: user=0.06 sys=0.00, real=0.04 secs] 
2017-11-09T20:21:06.402+0500: 230.946: [CMS-concurrent-preclean-start]
2017-11-09T20:21:06.402+0500: 230.946: [CMS-concurrent-preclean: 0.001/0.001 secs] [Times: user=0.00 sys=0.00, real=0.00 secs] 
2017-11-09T20:21:06.402+0500: 230.946: [CMS-concurrent-abortable-preclean-start]
2017-11-09T20:21:06.402+0500: 230.946: [CMS-concurrent-abortable-preclean: 0.000/0.000 secs] [Times: user=0.00 sys=0.00, real=0.00 secs] 
2017-11-09T20:21:06.402+0500: 230.946: [GC (CMS Final Remark) [YG occupancy: 27912 K (157248 K)]2017-11-09T20:21:06.402+0500: 230.946: [Rescan (parallel) , 0.0032323 secs]2017-11-09T20:21:06.406+0500: 230.949: [weak refs processing, 0.0000162 secs]2017-11-09T20:21:06.406+0500: 230.949: [class unloading, 0.0002009 secs]2017-11-09T20:21:06.406+0500: 230.950: [scrub symbol table, 0.0004435 secs]2017-11-09T20:21:06.406+0500: 230.950: [scrub string table, 0.0001061 secs][1 CMS-remark: 338716K(349568K)] 366628K(506816K), 0.0041044 secs] [Times: user=0.00 sys=0.00, real=0.01 secs] 
2017-11-09T20:21:06.407+0500: 230.950: [CMS-concurrent-sweep-start]
2017-11-09T20:21:06.425+0500: 230.968: [CMS-concurrent-sweep: 0.018/0.018 secs] [Times: user=0.01 sys=0.00, real=0.02 secs] 
2017-11-09T20:21:06.425+0500: 230.968: [CMS-concurrent-reset-start]
2017-11-09T20:21:06.425+0500: 230.969: [CMS-concurrent-reset: 0.000/0.000 secs] [Times: user=0.00 sys=0.00, real=0.00 secs] 
2017-11-09T20:21:08.425+0500: 232.969: [GC (CMS Initial Mark) [1 CMS-initial-mark: 334496K(349568K)] 367991K(506816K), 0.0069781 secs] [Times: user=0.02 sys=0.00, real=0.01 secs] 
2017-11-09T20:21:08.432+0500: 232.976: [CMS-concurrent-mark-start]
2017-11-09T20:21:08.472+0500: 233.016: [CMS-concurrent-mark: 0.040/0.040 secs] [Times: user=0.01 sys=0.00, real=0.04 secs] 
2017-11-09T20:21:08.472+0500: 233.016: [CMS-concurrent-preclean-start]
2017-11-09T20:21:08.473+0500: 233.017: [CMS-concurrent-preclean: 0.001/0.001 secs] [Times: user=0.00 sys=0.00, real=0.00 secs] 
2017-11-09T20:21:08.473+0500: 233.017: [CMS-concurrent-abortable-preclean-start]
2017-11-09T20:21:08.473+0500: 233.017: [CMS-concurrent-abortable-preclean: 0.000/0.000 secs] [Times: user=0.00 sys=0.00, real=0.00 secs] 
2017-11-09T20:21:08.473+0500: 233.017: [GC (CMS Final Remark) [YG occupancy: 33494 K (157248 K)]2017-11-09T20:21:08.473+0500: 233.017: [Rescan (parallel) , 0.0032737 secs]2017-11-09T20:21:08.476+0500: 233.020: [weak refs processing, 0.0000168 secs]2017-11-09T20:21:08.476+0500: 233.020: [class unloading, 0.0001894 secs]2017-11-09T20:21:08.476+0500: 233.020: [scrub symbol table, 0.0003502 secs]2017-11-09T20:21:08.477+0500: 233.021: [scrub string table, 0.0000989 secs][1 CMS-remark: 334496K(349568K)] 367991K(506816K), 0.0040219 secs] [Times: user=0.00 sys=0.00, real=0.00 secs] 
2017-11-09T20:21:08.477+0500: 233.021: [CMS-concurrent-sweep-start]
2017-11-09T20:21:08.495+0500: 233.039: [CMS-concurrent-sweep: 0.018/0.018 secs] [Times: user=0.03 sys=0.00, real=0.02 secs] 
2017-11-09T20:21:08.495+0500: 233.039: [CMS-concurrent-reset-start]
2017-11-09T20:21:08.495+0500: 233.039: [CMS-concurrent-reset: 0.000/0.000 secs] [Times: user=0.00 sys=0.00, real=0.00 secs] 
2017-11-09T20:21:10.496+0500: 235.039: [GC (CMS Initial Mark) [1 CMS-initial-mark: 331565K(349568K)] 370642K(506816K), 0.0056743 secs] [Times: user=0.00 sys=0.00, real=0.00 secs] 
2017-11-09T20:21:10.501+0500: 235.045: [CMS-concurrent-mark-start]
2017-11-09T20:21:10.536+0500: 235.079: [CMS-concurrent-mark: 0.034/0.034 secs] [Times: user=0.03 sys=0.00, real=0.04 secs] 
2017-11-09T20:21:10.536+0500: 235.079: [CMS-concurrent-preclean-start]
2017-11-09T20:21:10.536+0500: 235.080: [CMS-concurrent-preclean: 0.001/0.001 secs] [Times: user=0.00 sys=0.00, real=0.00 secs] 
2017-11-09T20:21:10.536+0500: 235.080: [CMS-concurrent-abortable-preclean-start]
2017-11-09T20:21:10.536+0500: 235.080: [CMS-concurrent-abortable-preclean: 0.000/0.000 secs] [Times: user=0.00 sys=0.00, real=0.00 secs] 
2017-11-09T20:21:10.537+0500: 235.080: [GC (CMS Final Remark) [YG occupancy: 39076 K (157248 K)]2017-11-09T20:21:10.537+0500: 235.080: [Rescan (parallel) , 0.0032478 secs]2017-11-09T20:21:10.540+0500: 235.083: [weak refs processing, 0.0000168 secs]2017-11-09T20:21:10.540+0500: 235.084: [class unloading, 0.0002457 secs]2017-11-09T20:21:10.540+0500: 235.084: [scrub symbol table, 0.0004329 secs]2017-11-09T20:21:10.540+0500: 235.084: [scrub string table, 0.0001011 secs][1 CMS-remark: 331565K(349568K)] 370642K(506816K), 0.0041690 secs] [Times: user=0.00 sys=0.00, real=0.00 secs] 
2017-11-09T20:21:10.541+0500: 235.084: [CMS-concurrent-sweep-start]
2017-11-09T20:21:10.558+0500: 235.102: [CMS-concurrent-sweep: 0.017/0.017 secs] [Times: user=0.03 sys=0.00, real=0.02 secs] 
2017-11-09T20:21:10.558+0500: 235.102: [CMS-concurrent-reset-start]
2017-11-09T20:21:10.559+0500: 235.102: [CMS-concurrent-reset: 0.000/0.000 secs] [Times: user=0.00 sys=0.00, real=0.00 secs] 
2017-11-09T20:21:12.559+0500: 237.103: [GC (CMS Initial Mark) [1 CMS-initial-mark: 328848K(349568K)] 373507K(506816K), 0.0107751 secs] [Times: user=0.00 sys=0.00, real=0.01 secs] 
2017-11-09T20:21:12.570+0500: 237.114: [CMS-concurrent-mark-start]
2017-11-09T20:21:12.619+0500: 237.163: [CMS-concurrent-mark: 0.049/0.049 secs] [Times: user=0.05 sys=0.00, real=0.05 secs] 
2017-11-09T20:21:12.619+0500: 237.163: [CMS-concurrent-preclean-start]
2017-11-09T20:21:12.620+0500: 237.163: [CMS-concurrent-preclean: 0.001/0.001 secs] [Times: user=0.02 sys=0.00, real=0.00 secs] 
2017-11-09T20:21:12.620+0500: 237.163: [CMS-concurrent-abortable-preclean-start]
2017-11-09T20:21:12.620+0500: 237.163: [CMS-concurrent-abortable-preclean: 0.000/0.000 secs] [Times: user=0.00 sys=0.00, real=0.00 secs] 
2017-11-09T20:21:12.620+0500: 237.164: [GC (CMS Final Remark) [YG occupancy: 44658 K (157248 K)]2017-11-09T20:21:12.620+0500: 237.164: [Rescan (parallel) , 0.0032323 secs]2017-11-09T20:21:12.623+0500: 237.167: [weak refs processing, 0.0000299 secs]2017-11-09T20:21:12.623+0500: 237.167: [class unloading, 0.0001941 secs]2017-11-09T20:21:12.623+0500: 237.167: [scrub symbol table, 0.0003527 secs]2017-11-09T20:21:12.624+0500: 237.167: [scrub string table, 0.0000908 secs][1 CMS-remark: 328848K(349568K)] 373507K(506816K), 0.0040027 secs] [Times: user=0.00 sys=0.00, real=0.00 secs] 
2017-11-09T20:21:12.624+0500: 237.168: [CMS-concurrent-sweep-start]
2017-11-09T20:21:12.642+0500: 237.186: [CMS-concurrent-sweep: 0.018/0.018 secs] [Times: user=0.01 sys=0.00, real=0.02 secs] 
2017-11-09T20:21:12.642+0500: 237.186: [CMS-concurrent-reset-start]
2017-11-09T20:21:12.642+0500: 237.186: [CMS-concurrent-reset: 0.000/0.000 secs] [Times: user=0.00 sys=0.00, real=0.00 secs] 
2017-11-09T20:21:14.643+0500: 239.187: [GC (CMS Initial Mark) [1 CMS-initial-mark: 326203K(349568K)] 376445K(506816K), 0.0056096 secs] [Times: user=0.00 sys=0.00, real=0.01 secs] 
2017-11-09T20:21:14.648+0500: 239.192: [CMS-concurrent-mark-start]
2017-11-09T20:21:14.684+0500: 239.228: [CMS-concurrent-mark: 0.036/0.036 secs] [Times: user=0.05 sys=0.00, real=0.04 secs] 
2017-11-09T20:21:14.684+0500: 239.228: [CMS-concurrent-preclean-start]
2017-11-09T20:21:14.685+0500: 239.228: [CMS-concurrent-preclean: 0.001/0.001 secs] [Times: user=0.00 sys=0.00, real=0.00 secs] 
2017-11-09T20:21:14.685+0500: 239.228: [CMS-concurrent-abortable-preclean-start]
2017-11-09T20:21:14.685+0500: 239.229: [CMS-concurrent-abortable-preclean: 0.000/0.000 secs] [Times: user=0.00 sys=0.00, real=0.00 secs] 
2017-11-09T20:21:14.685+0500: 239.229: [GC (CMS Final Remark) [YG occupancy: 50241 K (157248 K)]2017-11-09T20:21:14.685+0500: 239.229: [Rescan (parallel) , 0.0034385 secs]2017-11-09T20:21:14.689+0500: 239.232: [weak refs processing, 0.0000572 secs]2017-11-09T20:21:14.689+0500: 239.232: [class unloading, 0.0002401 secs]2017-11-09T20:21:14.689+0500: 239.232: [scrub symbol table, 0.0006587 secs]2017-11-09T20:21:14.690+0500: 239.233: [scrub string table, 0.0000977 secs][1 CMS-remark: 326203K(349568K)] 376445K(506816K), 0.0046101 secs] [Times: user=0.00 sys=0.00, real=0.01 secs] 
2017-11-09T20:21:14.690+0500: 239.233: [CMS-concurrent-sweep-start]
2017-11-09T20:21:14.708+0500: 239.251: [CMS-concurrent-sweep: 0.018/0.018 secs] [Times: user=0.02 sys=0.00, real=0.02 secs] 
2017-11-09T20:21:14.708+0500: 239.251: [CMS-concurrent-reset-start]
2017-11-09T20:21:14.708+0500: 239.252: [CMS-concurrent-reset: 0.000/0.000 secs] [Times: user=0.00 sys=0.00, real=0.00 secs] 
2017-11-09T20:21:16.708+0500: 241.252: [GC (CMS Initial Mark) [1 CMS-initial-mark: 323595K(349568K)] 382210K(506816K), 0.0078731 secs] [Times: user=0.02 sys=0.00, real=0.01 secs] 
2017-11-09T20:21:16.716+0500: 241.260: [CMS-concurrent-mark-start]
2017-11-09T20:21:16.754+0500: 241.297: [CMS-concurrent-mark: 0.038/0.038 secs] [Times: user=0.03 sys=0.00, real=0.04 secs] 
2017-11-09T20:21:16.754+0500: 241.297: [CMS-concurrent-preclean-start]
2017-11-09T20:21:16.754+0500: 241.298: [CMS-concurrent-preclean: 0.001/0.001 secs] [Times: user=0.00 sys=0.00, real=0.00 secs] 
2017-11-09T20:21:16.754+0500: 241.298: [CMS-concurrent-abortable-preclean-start]
2017-11-09T20:21:16.754+0500: 241.298: [CMS-concurrent-abortable-preclean: 0.000/0.000 secs] [Times: user=0.00 sys=0.00, real=0.00 secs] 
2017-11-09T20:21:16.755+0500: 241.298: [GC (CMS Final Remark) [YG occupancy: 58614 K (157248 K)]2017-11-09T20:21:16.755+0500: 241.298: [Rescan (parallel) , 0.0036745 secs]2017-11-09T20:21:16.758+0500: 241.302: [weak refs processing, 0.0000162 secs]2017-11-09T20:21:16.758+0500: 241.302: [class unloading, 0.0001984 secs]2017-11-09T20:21:16.758+0500: 241.302: [scrub symbol table, 0.0003533 secs]2017-11-09T20:21:16.759+0500: 241.302: [scrub string table, 0.0000989 secs][1 CMS-remark: 323595K(349568K)] 382210K(506816K), 0.0044406 secs] [Times: user=0.00 sys=0.00, real=0.00 secs] 
2017-11-09T20:21:16.759+0500: 241.303: [CMS-concurrent-sweep-start]
2017-11-09T20:21:16.779+0500: 241.322: [CMS-concurrent-sweep: 0.020/0.020 secs] [Times: user=0.03 sys=0.00, real=0.02 secs] 
2017-11-09T20:21:16.779+0500: 241.322: [CMS-concurrent-reset-start]
2017-11-09T20:21:16.779+0500: 241.323: [CMS-concurrent-reset: 0.000/0.000 secs] [Times: user=0.00 sys=0.00, real=0.00 secs] 
2017-11-09T20:21:18.779+0500: 243.323: [GC (CMS Initial Mark) [1 CMS-initial-mark: 321052K(349568K)] 385249K(506816K), 0.0093775 secs] [Times: user=0.00 sys=0.00, real=0.01 secs] 
2017-11-09T20:21:18.789+0500: 243.332: [CMS-concurrent-mark-start]
2017-11-09T20:21:18.836+0500: 243.380: [CMS-concurrent-mark: 0.048/0.048 secs] [Times: user=0.05 sys=0.00, real=0.05 secs] 
2017-11-09T20:21:18.836+0500: 243.380: [CMS-concurrent-preclean-start]
2017-11-09T20:21:18.837+0500: 243.381: [CMS-concurrent-preclean: 0.001/0.001 secs] [Times: user=0.00 sys=0.00, real=0.00 secs] 
2017-11-09T20:21:18.837+0500: 243.381: [CMS-concurrent-abortable-preclean-start]
2017-11-09T20:21:18.837+0500: 243.381: [CMS-concurrent-abortable-preclean: 0.000/0.000 secs] [Times: user=0.00 sys=0.00, real=0.00 secs] 
2017-11-09T20:21:18.837+0500: 243.381: [GC (CMS Final Remark) [YG occupancy: 64196 K (157248 K)]2017-11-09T20:21:18.837+0500: 243.381: [Rescan (parallel) , 0.0041358 secs]2017-11-09T20:21:18.841+0500: 243.385: [weak refs processing, 0.0000177 secs]2017-11-09T20:21:18.841+0500: 243.385: [class unloading, 0.0002096 secs]2017-11-09T20:21:18.842+0500: 243.385: [scrub symbol table, 0.0004273 secs]2017-11-09T20:21:18.842+0500: 243.386: [scrub string table, 0.0001048 secs][1 CMS-remark: 321052K(349568K)] 385249K(506816K), 0.0049979 secs] [Times: user=0.06 sys=0.00, real=0.01 secs] 
2017-11-09T20:21:18.842+0500: 243.386: [CMS-concurrent-sweep-start]
2017-11-09T20:21:18.860+0500: 243.404: [CMS-concurrent-sweep: 0.018/0.018 secs] [Times: user=0.03 sys=0.00, real=0.02 secs] 
2017-11-09T20:21:18.860+0500: 243.404: [CMS-concurrent-reset-start]
2017-11-09T20:21:18.861+0500: 243.404: [CMS-concurrent-reset: 0.000/0.000 secs] [Times: user=0.00 sys=0.00, real=0.00 secs] 
2017-11-09T20:21:20.861+0500: 245.405: [GC (CMS Initial Mark) [1 CMS-initial-mark: 318495K(349568K)] 388274K(506816K), 0.0104044 secs] [Times: user=0.01 sys=0.00, real=0.01 secs] 
2017-11-09T20:21:20.872+0500: 245.415: [CMS-concurrent-mark-start]
2017-11-09T20:21:20.916+0500: 245.460: [CMS-concurrent-mark: 0.044/0.044 secs] [Times: user=0.03 sys=0.00, real=0.04 secs] 
2017-11-09T20:21:20.916+0500: 245.460: [CMS-concurrent-preclean-start]
2017-11-09T20:21:20.917+0500: 245.460: [CMS-concurrent-preclean: 0.001/0.001 secs] [Times: user=0.03 sys=0.00, real=0.00 secs] 
2017-11-09T20:21:20.917+0500: 245.460: [CMS-concurrent-abortable-preclean-start]
2017-11-09T20:21:20.917+0500: 245.460: [CMS-concurrent-abortable-preclean: 0.000/0.000 secs] [Times: user=0.00 sys=0.00, real=0.00 secs] 
2017-11-09T20:21:20.917+0500: 245.460: [GC (CMS Final Remark) [YG occupancy: 69779 K (157248 K)]2017-11-09T20:21:20.917+0500: 245.460: [Rescan (parallel) , 0.0034105 secs]2017-11-09T20:21:20.920+0500: 245.464: [weak refs processing, 0.0000143 secs]2017-11-09T20:21:20.920+0500: 245.464: [class unloading, 0.0001810 secs]2017-11-09T20:21:20.920+0500: 245.464: [scrub symbol table, 0.0003524 secs]2017-11-09T20:21:20.921+0500: 245.464: [scrub string table, 0.0000952 secs][1 CMS-remark: 318495K(349568K)] 388274K(506816K), 0.0041432 secs] [Times: user=0.00 sys=0.00, real=0.00 secs] 
2017-11-09T20:21:20.921+0500: 245.465: [CMS-concurrent-sweep-start]
2017-11-09T20:21:20.939+0500: 245.483: [CMS-concurrent-sweep: 0.018/0.018 secs] [Times: user=0.03 sys=0.00, real=0.02 secs] 
2017-11-09T20:21:20.939+0500: 245.483: [CMS-concurrent-reset-start]
2017-11-09T20:21:20.940+0500: 245.483: [CMS-concurrent-reset: 0.000/0.000 secs] [Times: user=0.00 sys=0.00, real=0.00 secs] 
2017-11-09T20:21:22.940+0500: 247.484: [GC (CMS Initial Mark) [1 CMS-initial-mark: 316002K(349568K)] 391363K(506816K), 0.0113110 secs] [Times: user=0.02 sys=0.00, real=0.01 secs] 
2017-11-09T20:21:22.951+0500: 247.495: [CMS-concurrent-mark-start]
2017-11-09T20:21:23.000+0500: 247.544: [CMS-concurrent-mark: 0.049/0.049 secs] [Times: user=0.08 sys=0.00, real=0.05 secs] 
2017-11-09T20:21:23.000+0500: 247.544: [CMS-concurrent-preclean-start]
2017-11-09T20:21:23.001+0500: 247.544: [CMS-concurrent-preclean: 0.001/0.001 secs] [Times: user=0.00 sys=0.00, real=0.00 secs] 
2017-11-09T20:21:23.001+0500: 247.544: [CMS-concurrent-abortable-preclean-start]
2017-11-09T20:21:23.001+0500: 247.544: [CMS-concurrent-abortable-preclean: 0.000/0.000 secs] [Times: user=0.00 sys=0.00, real=0.00 secs] 
2017-11-09T20:21:23.001+0500: 247.544: [GC (CMS Final Remark) [YG occupancy: 75361 K (157248 K)]2017-11-09T20:21:23.001+0500: 247.544: [Rescan (parallel) , 0.0034121 secs]2017-11-09T20:21:23.004+0500: 247.548: [weak refs processing, 0.0000159 secs]2017-11-09T20:21:23.004+0500: 247.548: [class unloading, 0.0002280 secs]2017-11-09T20:21:23.005+0500: 247.548: [scrub symbol table, 0.0004034 secs]2017-11-09T20:21:23.005+0500: 247.549: [scrub string table, 0.0000977 secs][1 CMS-remark: 316002K(349568K)] 391363K(506816K), 0.0042655 secs] [Times: user=0.00 sys=0.00, real=0.00 secs] 
2017-11-09T20:21:23.005+0500: 247.549: [CMS-concurrent-sweep-start]
2017-11-09T20:21:23.024+0500: 247.567: [CMS-concurrent-sweep: 0.018/0.018 secs] [Times: user=0.01 sys=0.00, real=0.02 secs] 
2017-11-09T20:21:23.024+0500: 247.567: [CMS-concurrent-reset-start]
2017-11-09T20:21:23.024+0500: 247.568: [CMS-concurrent-reset: 0.000/0.000 secs] [Times: user=0.00 sys=0.00, real=0.00 secs] 
2017-11-09T20:21:25.024+0500: 249.568: [GC (CMS Initial Mark) [1 CMS-initial-mark: 313453K(349568K)] 394396K(506816K), 0.0055795 secs] [Times: user=0.06 sys=0.00, real=0.01 secs] 
2017-11-09T20:21:25.030+0500: 249.574: [CMS-concurrent-mark-start]
2017-11-09T20:21:25.065+0500: 249.609: [CMS-concurrent-mark: 0.035/0.035 secs] [Times: user=0.03 sys=0.00, real=0.04 secs] 
2017-11-09T20:21:25.065+0500: 249.609: [CMS-concurrent-preclean-start]
2017-11-09T20:21:25.066+0500: 249.610: [CMS-concurrent-preclean: 0.001/0.001 secs] [Times: user=0.00 sys=0.00, real=0.00 secs] 
2017-11-09T20:21:25.066+0500: 249.610: [CMS-concurrent-abortable-preclean-start]
2017-11-09T20:21:25.066+0500: 249.610: [CMS-concurrent-abortable-preclean: 0.000/0.000 secs] [Times: user=0.00 sys=0.00, real=0.00 secs] 
2017-11-09T20:21:25.066+0500: 249.610: [GC (CMS Final Remark) [YG occupancy: 80943 K (157248 K)]2017-11-09T20:21:25.066+0500: 249.610: [Rescan (parallel) , 0.0034805 secs]2017-11-09T20:21:25.069+0500: 249.613: [weak refs processing, 0.0000168 secs]2017-11-09T20:21:25.070+0500: 249.613: [class unloading, 0.0002808 secs]2017-11-09T20:21:25.070+0500: 249.614: [scrub symbol table, 0.0003306 secs]2017-11-09T20:21:25.070+0500: 249.614: [scrub string table, 0.0000896 secs][1 CMS-remark: 313453K(349568K)] 394396K(506816K), 0.0042972 secs] [Times: user=0.00 sys=0.00, real=0.00 secs] 
2017-11-09T20:21:25.070+0500: 249.614: [CMS-concurrent-sweep-start]
2017-11-09T20:21:25.088+0500: 249.632: [CMS-concurrent-sweep: 0.018/0.018 secs] [Times: user=0.03 sys=0.00, real=0.02 secs] 
2017-11-09T20:21:25.088+0500: 249.632: [CMS-concurrent-reset-start]
2017-11-09T20:21:25.089+0500: 249.633: [CMS-concurrent-reset: 0.000/0.000 secs] [Times: user=0.00 sys=0.00, real=0.00 secs] 
2017-11-09T20:21:27.089+0500: 251.633: [GC (CMS Initial Mark) [1 CMS-initial-mark: 310912K(349568K)] 400229K(506816K), 0.0054224 secs] [Times: user=0.00 sys=0.00, real=0.01 secs] 
2017-11-09T20:21:27.095+0500: 251.638: [CMS-concurrent-mark-start]
2017-11-09T20:21:27.129+0500: 251.673: [CMS-concurrent-mark: 0.035/0.035 secs] [Times: user=0.03 sys=0.00, real=0.03 secs] 
2017-11-09T20:21:27.129+0500: 251.673: [CMS-concurrent-preclean-start]
2017-11-09T20:21:27.130+0500: 251.673: [CMS-concurrent-preclean: 0.001/0.001 secs] [Times: user=0.00 sys=0.00, real=0.00 secs] 
2017-11-09T20:21:27.130+0500: 251.674: [CMS-concurrent-abortable-preclean-start]
2017-11-09T20:21:27.130+0500: 251.674: [CMS-concurrent-abortable-preclean: 0.000/0.000 secs] [Times: user=0.00 sys=0.00, real=0.00 secs] 
2017-11-09T20:21:27.130+0500: 251.674: [GC (CMS Final Remark) [YG occupancy: 89316 K (157248 K)]2017-11-09T20:21:27.130+0500: 251.674: [Rescan (parallel) , 0.0034789 secs]2017-11-09T20:21:27.134+0500: 251.677: [weak refs processing, 0.0000152 secs]2017-11-09T20:21:27.134+0500: 251.677: [class unloading, 0.0001760 secs]2017-11-09T20:21:27.134+0500: 251.677: [scrub symbol table, 0.0003427 secs]2017-11-09T20:21:27.134+0500: 251.678: [scrub string table, 0.0000880 secs][1 CMS-remark: 310912K(349568K)] 400229K(506816K), 0.0042011 secs] [Times: user=0.00 sys=0.00, real=0.00 secs] 
2017-11-09T20:21:27.134+0500: 251.678: [CMS-concurrent-sweep-start]
2017-11-09T20:21:27.153+0500: 251.696: [CMS-concurrent-sweep: 0.018/0.018 secs] [Times: user=0.03 sys=0.00, real=0.02 secs] 
2017-11-09T20:21:27.153+0500: 251.696: [CMS-concurrent-reset-start]
2017-11-09T20:21:27.153+0500: 251.697: [CMS-concurrent-reset: 0.000/0.000 secs] [Times: user=0.00 sys=0.00, real=0.00 secs] 
2017-11-09T20:21:29.153+0500: 253.697: [GC (CMS Initial Mark) [1 CMS-initial-mark: 308331K(349568K)] 403230K(506816K), 0.0067013 secs] [Times: user=0.00 sys=0.00, real=0.01 secs] 
2017-11-09T20:21:29.159+0500: 253.703: [CMS-concurrent-mark-start]
2017-11-09T20:21:29.211+0500: 253.755: [CMS-concurrent-mark: 0.051/0.051 secs] [Times: user=0.05 sys=0.00, real=0.05 secs] 
2017-11-09T20:21:29.211+0500: 253.755: [CMS-concurrent-preclean-start]
2017-11-09T20:21:29.212+0500: 253.755: [CMS-concurrent-preclean: 0.001/0.001 secs] [Times: user=0.00 sys=0.00, real=0.00 secs] 
2017-11-09T20:21:29.212+0500: 253.755: [CMS-concurrent-abortable-preclean-start]
2017-11-09T20:21:29.212+0500: 253.755: [CMS-concurrent-abortable-preclean: 0.000/0.000 secs] [Times: user=0.00 sys=0.00, real=0.00 secs] 
2017-11-09T20:21:29.212+0500: 253.756: [GC (CMS Final Remark) [YG occupancy: 94899 K (157248 K)]2017-11-09T20:21:29.212+0500: 253.756: [Rescan (parallel) , 0.0045286 secs]2017-11-09T20:21:29.217+0500: 253.760: [weak refs processing, 0.0000165 secs]2017-11-09T20:21:29.217+0500: 253.760: [class unloading, 0.0001959 secs]2017-11-09T20:21:29.217+0500: 253.760: [scrub symbol table, 0.0003769 secs]2017-11-09T20:21:29.217+0500: 253.761: [scrub string table, 0.0001157 secs][1 CMS-remark: 308331K(349568K)] 403230K(506816K), 0.0053453 secs] [Times: user=0.06 sys=0.00, real=0.01 secs] 
2017-11-09T20:21:29.218+0500: 253.761: [CMS-concurrent-sweep-start]
2017-11-09T20:21:29.236+0500: 253.779: [CMS-concurrent-sweep: 0.018/0.018 secs] [Times: user=0.01 sys=0.00, real=0.02 secs] 
2017-11-09T20:21:29.236+0500: 253.779: [CMS-concurrent-reset-start]
2017-11-09T20:21:29.236+0500: 253.780: [CMS-concurrent-reset: 0.000/0.000 secs] [Times: user=0.00 sys=0.00, real=0.00 secs] 
2017-11-09T20:21:31.236+0500: 255.780: [GC (CMS Initial Mark) [1 CMS-initial-mark: 306019K(349568K)] 406501K(506816K), 0.0055894 secs] [Times: user=0.00 sys=0.00, real=0.00 secs] 
2017-11-09T20:21:31.241+0500: 255.785: [CMS-concurrent-mark-start]
2017-11-09T20:21:31.276+0500: 255.820: [CMS-concurrent-mark: 0.035/0.035 secs] [Times: user=0.05 sys=0.00, real=0.04 secs] 
2017-11-09T20:21:31.276+0500: 255.820: [CMS-concurrent-preclean-start]
2017-11-09T20:21:31.277+0500: 255.821: [CMS-concurrent-preclean: 0.001/0.001 secs] [Times: user=0.00 sys=0.00, real=0.00 secs] 
2017-11-09T20:21:31.277+0500: 255.821: [CMS-concurrent-abortable-preclean-start]
2017-11-09T20:21:31.277+0500: 255.821: [CMS-concurrent-abortable-preclean: 0.000/0.000 secs] [Times: user=0.00 sys=0.00, real=0.00 secs] 
2017-11-09T20:21:31.277+0500: 255.821: [GC (CMS Final Remark) [YG occupancy: 100481 K (157248 K)]2017-11-09T20:21:31.277+0500: 255.821: [Rescan (parallel) , 0.0039034 secs]2017-11-09T20:21:31.281+0500: 255.825: [weak refs processing, 0.0000165 secs]2017-11-09T20:21:31.281+0500: 255.825: [class unloading, 0.0002106 secs]2017-11-09T20:21:31.281+0500: 255.825: [scrub symbol table, 0.0003922 secs]2017-11-09T20:21:31.282+0500: 255.825: [scrub string table, 0.0000995 secs][1 CMS-remark: 306019K(349568K)] 406501K(506816K), 0.0047313 secs] [Times: user=0.00 sys=0.00, real=0.01 secs] 
2017-11-09T20:21:31.282+0500: 255.826: [CMS-concurrent-sweep-start]
2017-11-09T20:21:31.300+0500: 255.844: [CMS-concurrent-sweep: 0.019/0.019 secs] [Times: user=0.01 sys=0.00, real=0.02 secs] 
2017-11-09T20:21:31.300+0500: 255.844: [CMS-concurrent-reset-start]
2017-11-09T20:21:31.301+0500: 255.845: [CMS-concurrent-reset: 0.000/0.000 secs] [Times: user=0.00 sys=0.00, real=0.00 secs] 
2017-11-09T20:21:33.300+0500: 257.844: [GC (CMS Initial Mark) [1 CMS-initial-mark: 303754K(349568K)] 409818K(506816K), 0.0055729 secs] [Times: user=0.00 sys=0.00, real=0.01 secs] 
2017-11-09T20:21:33.306+0500: 257.849: [CMS-concurrent-mark-start]
2017-11-09T20:21:33.342+0500: 257.885: [CMS-concurrent-mark: 0.036/0.036 secs] [Times: user=0.05 sys=0.00, real=0.04 secs] 
2017-11-09T20:21:33.342+0500: 257.885: [CMS-concurrent-preclean-start]
2017-11-09T20:21:33.342+0500: 257.886: [CMS-concurrent-preclean: 0.001/0.001 secs] [Times: user=0.00 sys=0.00, real=0.00 secs] 
2017-11-09T20:21:33.342+0500: 257.886: [CMS-concurrent-abortable-preclean-start]
2017-11-09T20:21:33.342+0500: 257.886: [CMS-concurrent-abortable-preclean: 0.000/0.000 secs] [Times: user=0.00 sys=0.00, real=0.00 secs] 
2017-11-09T20:21:33.342+0500: 257.886: [GC (CMS Final Remark) [YG occupancy: 106063 K (157248 K)]2017-11-09T20:21:33.342+0500: 257.886: [Rescan (parallel) , 0.0034833 secs]2017-11-09T20:21:33.346+0500: 257.890: [weak refs processing, 0.0000165 secs]2017-11-09T20:21:33.346+0500: 257.890: [class unloading, 0.0002261 secs]2017-11-09T20:21:33.346+0500: 257.890: [scrub symbol table, 0.0003567 secs]2017-11-09T20:21:33.346+0500: 257.890: [scrub string table, 0.0001089 secs][1 CMS-remark: 303754K(349568K)] 409818K(506816K), 0.0042994 secs] [Times: user=0.00 sys=0.00, real=0.00 secs] 
2017-11-09T20:21:33.347+0500: 257.891: [CMS-concurrent-sweep-start]
2017-11-09T20:21:33.367+0500: 257.910: [CMS-concurrent-sweep: 0.020/0.020 secs] [Times: user=0.03 sys=0.00, real=0.02 secs] 
2017-11-09T20:21:33.367+0500: 257.910: [CMS-concurrent-reset-start]
2017-11-09T20:21:33.367+0500: 257.911: [CMS-concurrent-reset: 0.000/0.000 secs] [Times: user=0.00 sys=0.00, real=0.00 secs] 
2017-11-09T20:21:35.367+0500: 259.911: [GC (CMS Initial Mark) [1 CMS-initial-mark: 301473K(349568K)] 413119K(506816K), 0.0105621 secs] [Times: user=0.06 sys=0.00, real=0.01 secs] 
2017-11-09T20:21:35.378+0500: 259.922: [CMS-concurrent-mark-start]
2017-11-09T20:21:35.422+0500: 259.966: [CMS-concurrent-mark: 0.045/0.045 secs] [Times: user=0.09 sys=0.00, real=0.04 secs] 
2017-11-09T20:21:35.422+0500: 259.966: [CMS-concurrent-preclean-start]
2017-11-09T20:21:35.423+0500: 259.967: [CMS-concurrent-preclean: 0.001/0.001 secs] [Times: user=0.00 sys=0.00, real=0.00 secs] 
2017-11-09T20:21:35.423+0500: 259.967: [CMS-concurrent-abortable-preclean-start]
2017-11-09T20:21:35.423+0500: 259.967: [CMS-concurrent-abortable-preclean: 0.000/0.000 secs] [Times: user=0.00 sys=0.00, real=0.00 secs] 
2017-11-09T20:21:35.423+0500: 259.967: [GC (CMS Final Remark) [YG occupancy: 111645 K (157248 K)]2017-11-09T20:21:35.423+0500: 259.967: [Rescan (parallel) , 0.0034320 secs]2017-11-09T20:21:35.427+0500: 259.970: [weak refs processing, 0.0000159 secs]2017-11-09T20:21:35.427+0500: 259.970: [class unloading, 0.0003393 secs]2017-11-09T20:21:35.427+0500: 259.971: [scrub symbol table, 0.0003318 secs]2017-11-09T20:21:35.427+0500: 259.971: [scrub string table, 0.0000880 secs][1 CMS-remark: 301473K(349568K)] 413119K(506816K), 0.0043286 secs] [Times: user=0.00 sys=0.00, real=0.00 secs] 
2017-11-09T20:21:35.428+0500: 259.971: [CMS-concurrent-sweep-start]
2017-11-09T20:21:35.445+0500: 259.989: [CMS-concurrent-sweep: 0.018/0.018 secs] [Times: user=0.01 sys=0.00, real=0.02 secs] 
2017-11-09T20:21:35.445+0500: 259.989: [CMS-concurrent-reset-start]
2017-11-09T20:21:35.446+0500: 259.990: [CMS-concurrent-reset: 0.000/0.000 secs] [Times: user=0.00 sys=0.00, real=0.00 secs] 
2017-11-09T20:21:37.446+0500: 261.990: [GC (CMS Initial Mark) [1 CMS-initial-mark: 299231K(349568K)] 416459K(506816K), 0.0118854 secs] [Times: user=0.06 sys=0.00, real=0.01 secs] 
2017-11-09T20:21:37.458+0500: 262.002: [CMS-concurrent-mark-start]
2017-11-09T20:21:37.504+0500: 262.047: [CMS-concurrent-mark: 0.045/0.045 secs] [Times: user=0.09 sys=0.00, real=0.05 secs] 
2017-11-09T20:21:37.504+0500: 262.047: [CMS-concurrent-preclean-start]
2017-11-09T20:21:37.504+0500: 262.048: [CMS-concurrent-preclean: 0.001/0.001 secs] [Times: user=0.00 sys=0.00, real=0.00 secs] 
2017-11-09T20:21:37.504+0500: 262.048: [CMS-concurrent-abortable-preclean-start]
2017-11-09T20:21:37.504+0500: 262.048: [CMS-concurrent-abortable-preclean: 0.000/0.000 secs] [Times: user=0.00 sys=0.00, real=0.00 secs] 
2017-11-09T20:21:37.504+0500: 262.048: [GC (CMS Final Remark) [YG occupancy: 120019 K (157248 K)]2017-11-09T20:21:37.504+0500: 262.048: [Rescan (parallel) , 0.0034173 secs]2017-11-09T20:21:37.508+0500: 262.052: [weak refs processing, 0.0000140 secs]2017-11-09T20:21:37.508+0500: 262.052: [class unloading, 0.0001735 secs]2017-11-09T20:21:37.508+0500: 262.052: [scrub symbol table, 0.0003356 secs]2017-11-09T20:21:37.508+0500: 262.052: [scrub string table, 0.0000908 secs][1 CMS-remark: 299231K(349568K)] 419250K(506816K), 0.0041330 secs] [Times: user=0.00 sys=0.00, real=0.00 secs] 
2017-11-09T20:21:37.509+0500: 262.052: [CMS-concurrent-sweep-start]
2017-11-09T20:21:37.527+0500: 262.070: [CMS-concurrent-sweep: 0.018/0.018 secs] [Times: user=0.03 sys=0.00, real=0.02 secs] 
2017-11-09T20:21:37.527+0500: 262.071: [CMS-concurrent-reset-start]
2017-11-09T20:21:37.527+0500: 262.071: [CMS-concurrent-reset: 0.000/0.000 secs] [Times: user=0.00 sys=0.00, real=0.00 secs] 
2017-11-09T20:21:39.528+0500: 264.071: [GC (CMS Initial Mark) [1 CMS-initial-mark: 296992K(349568K)] 419803K(506816K), 0.0102666 secs] [Times: user=0.00 sys=0.00, real=0.01 secs] 
2017-11-09T20:21:39.538+0500: 264.081: [CMS-concurrent-mark-start]
2017-11-09T20:21:39.587+0500: 264.130: [CMS-concurrent-mark: 0.049/0.049 secs] [Times: user=0.09 sys=0.00, real=0.05 secs] 
2017-11-09T20:21:39.587+0500: 264.130: [CMS-concurrent-preclean-start]
2017-11-09T20:21:39.587+0500: 264.131: [CMS-concurrent-preclean: 0.001/0.001 secs] [Times: user=0.00 sys=0.00, real=0.00 secs] 
2017-11-09T20:21:39.587+0500: 264.131: [CMS-concurrent-abortable-preclean-start]
2017-11-09T20:21:39.588+0500: 264.131: [CMS-concurrent-abortable-preclean: 0.000/0.000 secs] [Times: user=0.00 sys=0.00, real=0.00 secs] 
2017-11-09T20:21:39.588+0500: 264.131: [GC (CMS Final Remark) [YG occupancy: 125601 K (157248 K)]2017-11-09T20:21:39.588+0500: 264.131: [Rescan (parallel) , 0.0034264 secs]2017-11-09T20:21:39.591+0500: 264.135: [weak refs processing, 0.0000146 secs]2017-11-09T20:21:39.591+0500: 264.135: [class unloading, 0.0001714 secs]2017-11-09T20:21:39.591+0500: 264.135: [scrub symbol table, 0.0003331 secs]2017-11-09T20:21:39.592+0500: 264.135: [scrub string table, 0.0000868 secs][1 CMS-remark: 296992K(349568K)] 422594K(506816K), 0.0041286 secs] [Times: user=0.06 sys=0.00, real=0.00 secs] 
2017-11-09T20:21:39.592+0500: 264.135: [CMS-concurrent-sweep-start]
2017-11-09T20:21:39.610+0500: 264.153: [CMS-concurrent-sweep: 0.018/0.018 secs] [Times: user=0.02 sys=0.00, real=0.02 secs] 
2017-11-09T20:21:39.610+0500: 264.153: [CMS-concurrent-reset-start]
2017-11-09T20:21:39.610+0500: 264.154: [CMS-concurrent-reset: 0.000/0.000 secs] [Times: user=0.00 sys=0.00, real=0.00 secs] 
2017-11-09T20:21:41.610+0500: 266.153: [GC (CMS Initial Mark) [1 CMS-initial-mark: 294752K(349568K)] 425936K(506816K), 0.0058550 secs] [Times: user=0.00 sys=0.00, real=0.01 secs] 
2017-11-09T20:21:41.616+0500: 266.159: [CMS-concurrent-mark-start]
2017-11-09T20:21:41.650+0500: 266.194: [CMS-concurrent-mark: 0.034/0.034 secs] [Times: user=0.05 sys=0.00, real=0.03 secs] 
2017-11-09T20:21:41.650+0500: 266.194: [CMS-concurrent-preclean-start]
2017-11-09T20:21:41.651+0500: 266.194: [CMS-concurrent-preclean: 0.001/0.001 secs] [Times: user=0.00 sys=0.00, real=0.00 secs] 
2017-11-09T20:21:41.651+0500: 266.194: [CMS-concurrent-abortable-preclean-start]
2017-11-09T20:21:41.651+0500: 266.194: [CMS-concurrent-abortable-preclean: 0.000/0.000 secs] [Times: user=0.00 sys=0.00, real=0.00 secs] 
2017-11-09T20:21:41.651+0500: 266.194: [GC (CMS Final Remark) [YG occupancy: 131183 K (157248 K)]2017-11-09T20:21:41.651+0500: 266.194: [Rescan (parallel) , 0.0034186 secs]2017-11-09T20:21:41.654+0500: 266.198: [weak refs processing, 0.0000224 secs]2017-11-09T20:21:41.654+0500: 266.198: [class unloading, 0.0001732 secs]2017-11-09T20:21:41.654+0500: 266.198: [scrub symbol table, 0.0003642 secs]2017-11-09T20:21:41.655+0500: 266.198: [scrub string table, 0.0000896 secs][1 CMS-remark: 294752K(349568K)] 425936K(506816K), 0.0041715 secs] [Times: user=0.06 sys=0.00, real=0.00 secs] 
2017-11-09T20:21:41.655+0500: 266.199: [CMS-concurrent-sweep-start]
2017-11-09T20:21:41.673+0500: 266.217: [CMS-concurrent-sweep: 0.018/0.018 secs] [Times: user=0.01 sys=0.00, real=0.02 secs] 
2017-11-09T20:21:41.673+0500: 266.217: [CMS-concurrent-reset-start]
2017-11-09T20:21:41.673+0500: 266.217: [CMS-concurrent-reset: 0.000/0.000 secs] [Times: user=0.00 sys=0.00, real=0.00 secs] 
2017-11-09T20:21:43.673+0500: 268.217: [GC (CMS Initial Mark) [1 CMS-initial-mark: 292393K(349568K)] 429159K(506816K), 0.0093905 secs] [Times: user=0.02 sys=0.00, real=0.01 secs] 
2017-11-09T20:21:43.683+0500: 268.227: [CMS-concurrent-mark-start]
2017-11-09T20:21:43.717+0500: 268.261: [CMS-concurrent-mark: 0.034/0.034 secs] [Times: user=0.03 sys=0.00, real=0.03 secs] 
2017-11-09T20:21:43.717+0500: 268.261: [CMS-concurrent-preclean-start]
2017-11-09T20:21:43.718+0500: 268.261: [CMS-concurrent-preclean: 0.001/0.001 secs] [Times: user=0.00 sys=0.00, real=0.00 secs] 
2017-11-09T20:21:43.718+0500: 268.261: [CMS-concurrent-abortable-preclean-start]
2017-11-09T20:21:43.718+0500: 268.261: [CMS-concurrent-abortable-preclean: 0.000/0.000 secs] [Times: user=0.00 sys=0.00, real=0.00 secs] 
2017-11-09T20:21:43.718+0500: 268.262: [GC (CMS Final Remark) [YG occupancy: 136766 K (157248 K)]2017-11-09T20:21:43.718+0500: 268.262: [Rescan (parallel) , 0.0035103 secs]2017-11-09T20:21:43.721+0500: 268.265: [weak refs processing, 0.0000149 secs]2017-11-09T20:21:43.721+0500: 268.265: [class unloading, 0.0001723 secs]2017-11-09T20:21:43.721+0500: 268.265: [scrub symbol table, 0.0003483 secs]2017-11-09T20:21:43.722+0500: 268.266: [scrub string table, 0.0000911 secs][1 CMS-remark: 292393K(349568K)] 429159K(506816K), 0.0042256 secs] [Times: user=0.00 sys=0.00, real=0.00 secs] 
2017-11-09T20:21:43.722+0500: 268.266: [CMS-concurrent-sweep-start]
2017-11-09T20:21:43.740+0500: 268.284: [CMS-concurrent-sweep: 0.018/0.018 secs] [Times: user=0.02 sys=0.00, real=0.02 secs] 
2017-11-09T20:21:43.741+0500: 268.285: [CMS-concurrent-reset-start]
2017-11-09T20:21:43.741+0500: 268.285: [CMS-concurrent-reset: 0.000/0.000 secs] [Times: user=0.00 sys=0.00, real=0.00 secs] 
2017-11-09T20:21:45.372+0500: 269.916: [GC (Allocation Failure) 2017-11-09T20:21:45.372+0500: 269.916: [ParNew: 139776K->139776K(157248K), 0.0000367 secs]2017-11-09T20:21:45.372+0500: 269.916: [CMS: 290205K->349567K(349568K), 0.1688641 secs] 429981K->417098K(506816K), [Metaspace: 2636K->2636K(1056768K)], 0.1690144 secs] [Times: user=0.17 sys=0.00, real=0.17 secs] 
2017-11-09T20:21:45.541+0500: 270.085: [GC (CMS Initial Mark) [1 CMS-initial-mark: 349567K(349568K)] 419891K(506816K), 0.0032450 secs] [Times: user=0.00 sys=0.00, real=0.00 secs] 
2017-11-09T20:21:45.545+0500: 270.089: [CMS-concurrent-mark-start]
2017-11-09T20:21:45.565+0500: 270.109: [CMS-concurrent-mark: 0.020/0.020 secs] [Times: user=0.03 sys=0.00, real=0.02 secs] 
2017-11-09T20:21:45.565+0500: 270.109: [CMS-concurrent-preclean-start]
2017-11-09T20:21:45.586+0500: 270.130: [CMS-concurrent-preclean: 0.021/0.021 secs] [Times: user=0.03 sys=0.00, real=0.02 secs] 
2017-11-09T20:21:45.586+0500: 270.130: [CMS-concurrent-abortable-preclean-start]
2017-11-09T20:21:45.586+0500: 270.130: [CMS-concurrent-abortable-preclean: 0.000/0.000 secs] [Times: user=0.00 sys=0.00, real=0.00 secs] 
2017-11-09T20:21:45.586+0500: 270.130: [GC (CMS Final Remark) [YG occupancy: 70324 K (157248 K)]2017-11-09T20:21:45.586+0500: 270.130: [Rescan (parallel) , 0.0031729 secs]2017-11-09T20:21:45.590+0500: 270.133: [weak refs processing, 0.0000137 secs]2017-11-09T20:21:45.590+0500: 270.133: [class unloading, 0.0001763 secs]2017-11-09T20:21:45.590+0500: 270.133: [scrub symbol table, 0.0003325 secs]2017-11-09T20:21:45.590+0500: 270.134: [scrub string table, 0.0000902 secs][1 CMS-remark: 349567K(349568K)] 419891K(506816K), 0.0038817 secs] [Times: user=0.06 sys=0.00, real=0.00 secs] 
2017-11-09T20:21:45.590+0500: 270.134: [CMS-concurrent-sweep-start]
2017-11-09T20:21:45.608+0500: 270.151: [CMS-concurrent-sweep: 0.017/0.017 secs] [Times: user=0.02 sys=0.00, real=0.02 secs] 
2017-11-09T20:21:45.608+0500: 270.151: [CMS-concurrent-reset-start]
2017-11-09T20:21:45.608+0500: 270.152: [CMS-concurrent-reset: 0.000/0.000 secs] [Times: user=0.00 sys=0.00, real=0.00 secs] 
2017-11-09T20:21:47.609+0500: 272.152: [GC (CMS Initial Mark) [1 CMS-initial-mark: 349527K(349568K)] 425437K(506816K), 0.0032992 secs] [Times: user=0.00 sys=0.00, real=0.00 secs] 
2017-11-09T20:21:47.612+0500: 272.155: [CMS-concurrent-mark-start]
2017-11-09T20:21:47.631+0500: 272.175: [CMS-concurrent-mark: 0.020/0.020 secs] [Times: user=0.03 sys=0.00, real=0.02 secs] 
2017-11-09T20:21:47.631+0500: 272.175: [CMS-concurrent-preclean-start]
2017-11-09T20:21:47.634+0500: 272.178: [CMS-concurrent-preclean: 0.002/0.002 secs] [Times: user=0.00 sys=0.00, real=0.00 secs] 
2017-11-09T20:21:47.634+0500: 272.178: [CMS-concurrent-abortable-preclean-start]
2017-11-09T20:21:47.634+0500: 272.178: [CMS-concurrent-abortable-preclean: 0.000/0.000 secs] [Times: user=0.00 sys=0.00, real=0.00 secs] 
2017-11-09T20:21:47.634+0500: 272.178: [GC (CMS Final Remark) [YG occupancy: 75910 K (157248 K)]2017-11-09T20:21:47.634+0500: 272.178: [Rescan (parallel) , 0.0032282 secs]2017-11-09T20:21:47.637+0500: 272.181: [weak refs processing, 0.0000146 secs]2017-11-09T20:21:47.637+0500: 272.181: [class unloading, 0.0001804 secs]2017-11-09T20:21:47.638+0500: 272.182: [scrub symbol table, 0.0003315 secs]2017-11-09T20:21:47.638+0500: 272.182: [scrub string table, 0.0000980 secs][1 CMS-remark: 349527K(349568K)] 425437K(506816K), 0.0039582 secs] [Times: user=0.06 sys=0.00, real=0.00 secs] 
2017-11-09T20:21:47.638+0500: 272.182: [CMS-concurrent-sweep-start]
2017-11-09T20:21:47.656+0500: 272.200: [CMS-concurrent-sweep: 0.018/0.018 secs] [Times: user=0.02 sys=0.00, real=0.02 secs] 
2017-11-09T20:21:47.656+0500: 272.200: [CMS-concurrent-reset-start]
2017-11-09T20:21:47.656+0500: 272.200: [CMS-concurrent-reset: 0.000/0.000 secs] [Times: user=0.00 sys=0.00, real=0.00 secs] 
2017-11-09T20:21:49.657+0500: 274.201: [GC (CMS Initial Mark) [1 CMS-initial-mark: 346924K(349568K)] 428420K(506816K), 0.0042583 secs] [Times: user=0.00 sys=0.00, real=0.00 secs] 
2017-11-09T20:21:49.661+0500: 274.205: [CMS-concurrent-mark-start]
2017-11-09T20:21:49.689+0500: 274.233: [CMS-concurrent-mark: 0.028/0.028 secs] [Times: user=0.06 sys=0.00, real=0.03 secs] 
2017-11-09T20:21:49.689+0500: 274.233: [CMS-concurrent-preclean-start]
2017-11-09T20:21:49.692+0500: 274.236: [CMS-concurrent-preclean: 0.003/0.003 secs] [Times: user=0.00 sys=0.00, real=0.00 secs] 
2017-11-09T20:21:49.692+0500: 274.236: [CMS-concurrent-abortable-preclean-start]
2017-11-09T20:21:49.692+0500: 274.236: [CMS-concurrent-abortable-preclean: 0.000/0.000 secs] [Times: user=0.00 sys=0.00, real=0.00 secs] 
2017-11-09T20:21:49.692+0500: 274.236: [GC (CMS Final Remark) [YG occupancy: 81496 K (157248 K)]2017-11-09T20:21:49.692+0500: 274.236: [Rescan (parallel) , 0.0034161 secs]2017-11-09T20:21:49.695+0500: 274.239: [weak refs processing, 0.0000168 secs]2017-11-09T20:21:49.695+0500: 274.239: [class unloading, 0.0002401 secs]2017-11-09T20:21:49.696+0500: 274.240: [scrub symbol table, 0.0003639 secs]2017-11-09T20:21:49.696+0500: 274.240: [scrub string table, 0.0001011 secs][1 CMS-remark: 346924K(349568K)] 428420K(506816K), 0.0042477 secs] [Times: user=0.00 sys=0.00, real=0.00 secs] 
2017-11-09T20:21:49.696+0500: 274.240: [CMS-concurrent-sweep-start]
2017-11-09T20:21:49.714+0500: 274.258: [CMS-concurrent-sweep: 0.018/0.018 secs] [Times: user=0.05 sys=0.00, real=0.02 secs] 
2017-11-09T20:21:49.714+0500: 274.258: [CMS-concurrent-reset-start]
2017-11-09T20:21:49.715+0500: 274.259: [CMS-concurrent-reset: 0.000/0.000 secs] [Times: user=0.00 sys=0.00, real=0.00 secs] 
2017-11-09T20:21:51.715+0500: 276.259: [GC (CMS Initial Mark) [1 CMS-initial-mark: 344478K(349568K)] 431560K(506816K), 0.0042748 secs] [Times: user=0.00 sys=0.00, real=0.01 secs] 
2017-11-09T20:21:51.720+0500: 276.263: [CMS-concurrent-mark-start]
2017-11-09T20:21:51.752+0500: 276.296: [CMS-concurrent-mark: 0.032/0.032 secs] [Times: user=0.06 sys=0.00, real=0.03 secs] 
2017-11-09T20:21:51.752+0500: 276.296: [CMS-concurrent-preclean-start]
2017-11-09T20:21:51.754+0500: 276.298: [CMS-concurrent-preclean: 0.003/0.003 secs] [Times: user=0.00 sys=0.00, real=0.00 secs] 
2017-11-09T20:21:51.754+0500: 276.298: [CMS-concurrent-abortable-preclean-start]
2017-11-09T20:21:51.755+0500: 276.298: [CMS-concurrent-abortable-preclean: 0.000/0.000 secs] [Times: user=0.00 sys=0.00, real=0.00 secs] 
2017-11-09T20:21:51.755+0500: 276.298: [GC (CMS Final Remark) [YG occupancy: 87082 K (157248 K)]2017-11-09T20:21:51.755+0500: 276.298: [Rescan (parallel) , 0.0032758 secs]2017-11-09T20:21:51.758+0500: 276.302: [weak refs processing, 0.0000165 secs]2017-11-09T20:21:51.758+0500: 276.302: [class unloading, 0.0001807 secs]2017-11-09T20:21:51.758+0500: 276.302: [scrub symbol table, 0.0003371 secs]2017-11-09T20:21:51.758+0500: 276.302: [scrub string table, 0.0000961 secs][1 CMS-remark: 344478K(349568K)] 431560K(506816K), 0.0040023 secs] [Times: user=0.00 sys=0.00, real=0.00 secs] 
2017-11-09T20:21:51.759+0500: 276.303: [CMS-concurrent-sweep-start]
2017-11-09T20:21:51.776+0500: 276.320: [CMS-concurrent-sweep: 0.017/0.017 secs] [Times: user=0.05 sys=0.00, real=0.02 secs] 
2017-11-09T20:21:51.776+0500: 276.320: [CMS-concurrent-reset-start]
2017-11-09T20:21:51.777+0500: 276.320: [CMS-concurrent-reset: 0.000/0.000 secs] [Times: user=0.00 sys=0.00, real=0.00 secs] 
2017-11-09T20:21:53.777+0500: 278.320: [GC (CMS Initial Mark) [1 CMS-initial-mark: 342103K(349568K)] 434771K(506816K), 0.0043074 secs] [Times: user=0.00 sys=0.00, real=0.00 secs] 
2017-11-09T20:21:53.781+0500: 278.325: [CMS-concurrent-mark-start]
2017-11-09T20:21:53.813+0500: 278.357: [CMS-concurrent-mark: 0.032/0.032 secs] [Times: user=0.06 sys=0.00, real=0.03 secs] 
2017-11-09T20:21:53.813+0500: 278.357: [CMS-concurrent-preclean-start]
2017-11-09T20:21:53.819+0500: 278.362: [CMS-concurrent-preclean: 0.005/0.005 secs] [Times: user=0.00 sys=0.00, real=0.01 secs] 
2017-11-09T20:21:53.819+0500: 278.362: [CMS-concurrent-abortable-preclean-start]
2017-11-09T20:21:53.819+0500: 278.362: [CMS-concurrent-abortable-preclean: 0.000/0.000 secs] [Times: user=0.00 sys=0.00, real=0.00 secs] 
2017-11-09T20:21:53.819+0500: 278.363: [GC (CMS Final Remark) [YG occupancy: 92667 K (157248 K)]2017-11-09T20:21:53.819+0500: 278.363: [Rescan (parallel) , 0.0040565 secs]2017-11-09T20:21:53.823+0500: 278.367: [weak refs processing, 0.0000149 secs]2017-11-09T20:21:53.823+0500: 278.367: [class unloading, 0.0001872 secs]2017-11-09T20:21:53.824+0500: 278.367: [scrub symbol table, 0.0005110 secs]2017-11-09T20:21:53.824+0500: 278.368: [scrub string table, 0.0000908 secs][1 CMS-remark: 342103K(349568K)] 434771K(506816K), 0.0050038 secs] [Times: user=0.06 sys=0.00, real=0.00 secs] 
2017-11-09T20:21:53.824+0500: 278.368: [CMS-concurrent-sweep-start]
2017-11-09T20:21:53.842+0500: 278.385: [CMS-concurrent-sweep: 0.017/0.017 secs] [Times: user=0.02 sys=0.00, real=0.02 secs] 
2017-11-09T20:21:53.842+0500: 278.385: [CMS-concurrent-reset-start]
2017-11-09T20:21:53.842+0500: 278.386: [CMS-concurrent-reset: 0.000/0.000 secs] [Times: user=0.00 sys=0.00, real=0.00 secs] 
2017-11-09T20:21:55.841+0500: 280.385: [GC (CMS Initial Mark) [1 CMS-initial-mark: 339844K(349568K)] 438098K(506816K), 0.0044154 secs] [Times: user=0.00 sys=0.00, real=0.00 secs] 
2017-11-09T20:21:55.846+0500: 280.390: [CMS-concurrent-mark-start]
2017-11-09T20:21:55.872+0500: 280.416: [CMS-concurrent-mark: 0.026/0.026 secs] [Times: user=0.05 sys=0.00, real=0.03 secs] 
2017-11-09T20:21:55.872+0500: 280.416: [CMS-concurrent-preclean-start]
2017-11-09T20:21:55.875+0500: 280.419: [CMS-concurrent-preclean: 0.003/0.003 secs] [Times: user=0.00 sys=0.00, real=0.00 secs] 
2017-11-09T20:21:55.875+0500: 280.419: [CMS-concurrent-abortable-preclean-start]
2017-11-09T20:21:55.875+0500: 280.419: [CMS-concurrent-abortable-preclean: 0.000/0.000 secs] [Times: user=0.00 sys=0.00, real=0.00 secs] 
2017-11-09T20:21:55.875+0500: 280.419: [GC (CMS Final Remark) [YG occupancy: 98253 K (157248 K)]2017-11-09T20:21:55.875+0500: 280.419: [Rescan (parallel) , 0.0033654 secs]2017-11-09T20:21:55.879+0500: 280.422: [weak refs processing, 0.0000171 secs]2017-11-09T20:21:55.879+0500: 280.422: [class unloading, 0.0001969 secs]2017-11-09T20:21:55.879+0500: 280.422: [scrub symbol table, 0.0003555 secs]2017-11-09T20:21:55.879+0500: 280.423: [scrub string table, 0.0001008 secs][1 CMS-remark: 339844K(349568K)] 438098K(506816K), 0.0041370 secs] [Times: user=0.00 sys=0.00, real=0.00 secs] 
2017-11-09T20:21:55.879+0500: 280.423: [CMS-concurrent-sweep-start]
2017-11-09T20:21:55.897+0500: 280.441: [CMS-concurrent-sweep: 0.018/0.018 secs] [Times: user=0.03 sys=0.00, real=0.02 secs] 
2017-11-09T20:21:55.897+0500: 280.441: [CMS-concurrent-reset-start]
2017-11-09T20:21:55.897+0500: 280.441: [CMS-concurrent-reset: 0.000/0.000 secs] [Times: user=0.00 sys=0.00, real=0.00 secs] 
2017-11-09T20:21:57.897+0500: 282.441: [GC (CMS Initial Mark) [1 CMS-initial-mark: 337538K(349568K)] 441378K(506816K), 0.0043466 secs] [Times: user=0.02 sys=0.00, real=0.00 secs] 
2017-11-09T20:21:57.902+0500: 282.446: [CMS-concurrent-mark-start]
2017-11-09T20:21:57.933+0500: 282.476: [CMS-concurrent-mark: 0.031/0.031 secs] [Times: user=0.06 sys=0.00, real=0.03 secs] 
2017-11-09T20:21:57.933+0500: 282.477: [CMS-concurrent-preclean-start]
2017-11-09T20:21:57.936+0500: 282.479: [CMS-concurrent-preclean: 0.003/0.003 secs] [Times: user=0.00 sys=0.00, real=0.00 secs] 
2017-11-09T20:21:57.936+0500: 282.480: [CMS-concurrent-abortable-preclean-start]
2017-11-09T20:21:57.936+0500: 282.480: [CMS-concurrent-abortable-preclean: 0.000/0.000 secs] [Times: user=0.00 sys=0.00, real=0.00 secs] 
2017-11-09T20:21:57.936+0500: 282.480: [GC (CMS Final Remark) [YG occupancy: 103839 K (157248 K)]2017-11-09T20:21:57.936+0500: 282.480: [Rescan (parallel) , 0.0034288 secs]2017-11-09T20:21:57.940+0500: 282.483: [weak refs processing, 0.0000183 secs]2017-11-09T20:21:57.940+0500: 282.483: [class unloading, 0.0001947 secs]2017-11-09T20:21:57.940+0500: 282.483: [scrub symbol table, 0.0003704 secs]2017-11-09T20:21:57.940+0500: 282.484: [scrub string table, 0.0001082 secs][1 CMS-remark: 337538K(349568K)] 441378K(506816K), 0.0042309 secs] [Times: user=0.00 sys=0.00, real=0.00 secs] 
2017-11-09T20:21:57.941+0500: 282.484: [CMS-concurrent-sweep-start]
2017-11-09T20:21:57.959+0500: 282.502: [CMS-concurrent-sweep: 0.018/0.018 secs] [Times: user=0.03 sys=0.00, real=0.02 secs] 
2017-11-09T20:21:57.959+0500: 282.502: [CMS-concurrent-reset-start]
2017-11-09T20:21:57.959+0500: 282.503: [CMS-concurrent-reset: 0.000/0.000 secs] [Times: user=0.00 sys=0.00, real=0.00 secs] 
2017-11-09T20:21:59.960+0500: 284.503: [GC (CMS Initial Mark) [1 CMS-initial-mark: 335249K(349568K)] 444675K(506816K), 0.0042645 secs] [Times: user=0.02 sys=0.00, real=0.00 secs] 
2017-11-09T20:21:59.964+0500: 284.508: [CMS-concurrent-mark-start]
2017-11-09T20:21:59.995+0500: 284.539: [CMS-concurrent-mark: 0.031/0.031 secs] [Times: user=0.05 sys=0.00, real=0.03 secs] 
2017-11-09T20:21:59.995+0500: 284.539: [CMS-concurrent-preclean-start]
2017-11-09T20:22:00.000+0500: 284.544: [CMS-concurrent-preclean: 0.005/0.005 secs] [Times: user=0.00 sys=0.00, real=0.01 secs] 
2017-11-09T20:22:00.000+0500: 284.544: [CMS-concurrent-abortable-preclean-start]
2017-11-09T20:22:00.000+0500: 284.544: [CMS-concurrent-abortable-preclean: 0.000/0.000 secs] [Times: user=0.00 sys=0.00, real=0.00 secs] 
2017-11-09T20:22:00.001+0500: 284.544: [GC (CMS Final Remark) [YG occupancy: 112218 K (157248 K)]2017-11-09T20:22:00.001+0500: 284.544: [Rescan (parallel) , 0.0037047 secs]2017-11-09T20:22:00.004+0500: 284.548: [weak refs processing, 0.0000140 secs]2017-11-09T20:22:00.004+0500: 284.548: [class unloading, 0.0002134 secs]2017-11-09T20:22:00.005+0500: 284.548: [scrub symbol table, 0.0003661 secs]2017-11-09T20:22:00.005+0500: 284.549: [scrub string table, 0.0000955 secs][1 CMS-remark: 335249K(349568K)] 447468K(506816K), 0.0045192 secs] [Times: user=0.00 sys=0.00, real=0.00 secs] 
2017-11-09T20:22:00.005+0500: 284.549: [CMS-concurrent-sweep-start]
2017-11-09T20:22:00.023+0500: 284.567: [CMS-concurrent-sweep: 0.018/0.018 secs] [Times: user=0.03 sys=0.00, real=0.02 secs] 
2017-11-09T20:22:00.023+0500: 284.567: [CMS-concurrent-reset-start]
2017-11-09T20:22:00.024+0500: 284.567: [CMS-concurrent-reset: 0.000/0.000 secs] [Times: user=0.00 sys=0.00, real=0.00 secs] 
2017-11-09T20:22:02.023+0500: 286.567: [GC (CMS Initial Mark) [1 CMS-initial-mark: 332962K(349568K)] 447974K(506816K), 0.0043979 secs] [Times: user=0.02 sys=0.00, real=0.00 secs] 
2017-11-09T20:22:02.027+0500: 286.571: [CMS-concurrent-mark-start]
2017-11-09T20:22:02.054+0500: 286.598: [CMS-concurrent-mark: 0.027/0.027 secs] [Times: user=0.02 sys=0.00, real=0.03 secs] 
2017-11-09T20:22:02.054+0500: 286.598: [CMS-concurrent-preclean-start]
2017-11-09T20:22:02.057+0500: 286.601: [CMS-concurrent-preclean: 0.003/0.003 secs] [Times: user=0.02 sys=0.00, real=0.00 secs] 
2017-11-09T20:22:02.057+0500: 286.601: [CMS-concurrent-abortable-preclean-start]
2017-11-09T20:22:02.057+0500: 286.601: [CMS-concurrent-abortable-preclean: 0.000/0.000 secs] [Times: user=0.00 sys=0.00, real=0.00 secs] 
2017-11-09T20:22:02.058+0500: 286.601: [GC (CMS Final Remark) [YG occupancy: 115011 K (157248 K)]2017-11-09T20:22:02.058+0500: 286.602: [Rescan (parallel) , 0.0033887 secs]2017-11-09T20:22:02.061+0500: 286.605: [weak refs processing, 0.0000174 secs]2017-11-09T20:22:02.061+0500: 286.605: [class unloading, 0.0001975 secs]2017-11-09T20:22:02.061+0500: 286.605: [scrub symbol table, 0.0003779 secs]2017-11-09T20:22:02.062+0500: 286.606: [scrub string table, 0.0001157 secs][1 CMS-remark: 332962K(349568K)] 447974K(506816K), 0.0042026 secs] [Times: user=0.00 sys=0.00, real=0.00 secs] 
2017-11-09T20:22:02.062+0500: 286.606: [CMS-concurrent-sweep-start]
2017-11-09T20:22:02.080+0500: 286.624: [CMS-concurrent-sweep: 0.018/0.018 secs] [Times: user=0.02 sys=0.00, real=0.02 secs] 
2017-11-09T20:22:02.080+0500: 286.624: [CMS-concurrent-reset-start]
2017-11-09T20:22:02.080+0500: 286.624: [CMS-concurrent-reset: 0.000/0.000 secs] [Times: user=0.00 sys=0.00, real=0.00 secs] 
2017-11-09T20:22:04.081+0500: 288.625: [GC (CMS Initial Mark) [1 CMS-initial-mark: 330754K(349568K)] 454145K(506816K), 0.0032528 secs] [Times: user=0.00 sys=0.00, real=0.00 secs] 
2017-11-09T20:22:04.084+0500: 288.628: [CMS-concurrent-mark-start]
2017-11-09T20:22:04.104+0500: 288.648: [CMS-concurrent-mark: 0.020/0.020 secs] [Times: user=0.03 sys=0.00, real=0.02 secs] 
2017-11-09T20:22:04.104+0500: 288.648: [CMS-concurrent-preclean-start]
2017-11-09T20:22:04.107+0500: 288.650: [CMS-concurrent-preclean: 0.003/0.003 secs] [Times: user=0.00 sys=0.00, real=0.00 secs] 
2017-11-09T20:22:04.107+0500: 288.651: [CMS-concurrent-abortable-preclean-start]
2017-11-09T20:22:04.107+0500: 288.651: [CMS-concurrent-abortable-preclean: 0.000/0.000 secs] [Times: user=0.00 sys=0.00, real=0.00 secs] 
2017-11-09T20:22:04.107+0500: 288.651: [GC (CMS Final Remark) [YG occupancy: 123390 K (157248 K)]2017-11-09T20:22:04.107+0500: 288.651: [Rescan (parallel) , 0.0035184 secs]2017-11-09T20:22:04.111+0500: 288.654: [weak refs processing, 0.0000165 secs]2017-11-09T20:22:04.111+0500: 288.654: [class unloading, 0.0002214 secs]2017-11-09T20:22:04.111+0500: 288.655: [scrub symbol table, 0.0004936 secs]2017-11-09T20:22:04.111+0500: 288.655: [scrub string table, 0.0001138 secs][1 CMS-remark: 330754K(349568K)] 454145K(506816K), 0.0044797 secs] [Times: user=0.00 sys=0.00, real=0.00 secs] 
2017-11-09T20:22:04.112+0500: 288.655: [CMS-concurrent-sweep-start]
2017-11-09T20:22:04.129+0500: 288.673: [CMS-concurrent-sweep: 0.017/0.017 secs] [Times: user=0.02 sys=0.00, real=0.02 secs] 
2017-11-09T20:22:04.129+0500: 288.673: [CMS-concurrent-reset-start]
2017-11-09T20:22:04.129+0500: 288.673: [CMS-concurrent-reset: 0.000/0.000 secs] [Times: user=0.00 sys=0.00, real=0.00 secs] 
2017-11-09T20:22:06.129+0500: 290.672: [GC (CMS Initial Mark) [1 CMS-initial-mark: 328524K(349568K)] 457501K(506816K), 0.0049155 secs] [Times: user=0.00 sys=0.00, real=0.01 secs] 
2017-11-09T20:22:06.134+0500: 290.677: [CMS-concurrent-mark-start]
2017-11-09T20:22:06.162+0500: 290.705: [CMS-concurrent-mark: 0.028/0.028 secs] [Times: user=0.03 sys=0.00, real=0.03 secs] 
2017-11-09T20:22:06.162+0500: 290.705: [CMS-concurrent-preclean-start]
2017-11-09T20:22:06.164+0500: 290.708: [CMS-concurrent-preclean: 0.003/0.003 secs] [Times: user=0.00 sys=0.00, real=0.00 secs] 
2017-11-09T20:22:06.164+0500: 290.708: [CMS-concurrent-abortable-preclean-start]
2017-11-09T20:22:06.164+0500: 290.708: [CMS-concurrent-abortable-preclean: 0.000/0.000 secs] [Times: user=0.00 sys=0.00, real=0.00 secs] 
2017-11-09T20:22:06.164+0500: 290.708: [GC (CMS Final Remark) [YG occupancy: 128976 K (157248 K)]2017-11-09T20:22:06.164+0500: 290.708: [Rescan (parallel) , 0.0032003 secs]2017-11-09T20:22:06.168+0500: 290.711: [weak refs processing, 0.0000159 secs]2017-11-09T20:22:06.168+0500: 290.711: [class unloading, 0.0001770 secs]2017-11-09T20:22:06.168+0500: 290.711: [scrub symbol table, 0.0003356 secs]2017-11-09T20:22:06.168+0500: 290.712: [scrub string table, 0.0000899 secs][1 CMS-remark: 328524K(349568K)] 457501K(506816K), 0.0039140 secs] [Times: user=0.06 sys=0.00, real=0.00 secs] 
2017-11-09T20:22:06.168+0500: 290.712: [CMS-concurrent-sweep-start]
2017-11-09T20:22:06.186+0500: 290.730: [CMS-concurrent-sweep: 0.018/0.018 secs] [Times: user=0.02 sys=0.00, real=0.02 secs] 
2017-11-09T20:22:06.186+0500: 290.730: [CMS-concurrent-reset-start]
2017-11-09T20:22:06.186+0500: 290.730: [CMS-concurrent-reset: 0.000/0.000 secs] [Times: user=0.00 sys=0.00, real=0.00 secs] 
2017-11-09T20:22:08.187+0500: 292.730: [GC (CMS Initial Mark) [1 CMS-initial-mark: 326360K(349568K)] 460923K(506816K), 0.0043796 secs] [Times: user=0.00 sys=0.00, real=0.00 secs] 
2017-11-09T20:22:08.191+0500: 292.735: [CMS-concurrent-mark-start]
2017-11-09T20:22:08.222+0500: 292.765: [CMS-concurrent-mark: 0.031/0.031 secs] [Times: user=0.03 sys=0.00, real=0.03 secs] 
2017-11-09T20:22:08.222+0500: 292.765: [CMS-concurrent-preclean-start]
2017-11-09T20:22:08.225+0500: 292.768: [CMS-concurrent-preclean: 0.003/0.003 secs] [Times: user=0.00 sys=0.00, real=0.00 secs] 
2017-11-09T20:22:08.225+0500: 292.768: [CMS-concurrent-abortable-preclean-start]
2017-11-09T20:22:08.225+0500: 292.769: [CMS-concurrent-abortable-preclean: 0.000/0.000 secs] [Times: user=0.00 sys=0.00, real=0.00 secs] 
2017-11-09T20:22:08.225+0500: 292.769: [GC (CMS Final Remark) [YG occupancy: 134562 K (157248 K)]2017-11-09T20:22:08.225+0500: 292.769: [Rescan (parallel) , 0.0035564 secs]2017-11-09T20:22:08.229+0500: 292.772: [weak refs processing, 0.0000162 secs]2017-11-09T20:22:08.229+0500: 292.772: [class unloading, 0.0002015 secs]2017-11-09T20:22:08.229+0500: 292.772: [scrub symbol table, 0.0003717 secs]2017-11-09T20:22:08.229+0500: 292.773: [scrub string table, 0.0001089 secs][1 CMS-remark: 326360K(349568K)] 460923K(506816K), 0.0043619 secs] [Times: user=0.01 sys=0.00, real=0.00 secs] 
2017-11-09T20:22:08.230+0500: 292.773: [CMS-concurrent-sweep-start]
2017-11-09T20:22:08.248+0500: 292.792: [CMS-concurrent-sweep: 0.019/0.019 secs] [Times: user=0.02 sys=0.00, real=0.02 secs] 
2017-11-09T20:22:08.248+0500: 292.792: [CMS-concurrent-reset-start]
2017-11-09T20:22:08.249+0500: 292.792: [CMS-concurrent-reset: 0.000/0.000 secs] [Times: user=0.00 sys=0.00, real=0.00 secs] 
2017-11-09T20:22:10.248+0500: 294.792: [GC (CMS Initial Mark) [1 CMS-initial-mark: 324226K(349568K)] 464002K(506816K), 0.0044004 secs] [Times: user=0.00 sys=0.00, real=0.01 secs] 
2017-11-09T20:22:10.253+0500: 294.796: [CMS-concurrent-mark-start]
2017-11-09T20:22:10.277+0500: 294.820: [CMS-concurrent-mark: 0.024/0.024 secs] [Times: user=0.03 sys=0.00, real=0.02 secs] 
2017-11-09T20:22:10.277+0500: 294.820: [CMS-concurrent-preclean-start]
2017-11-09T20:22:10.279+0500: 294.823: [CMS-concurrent-preclean: 0.003/0.003 secs] [Times: user=0.00 sys=0.00, real=0.00 secs] 
2017-11-09T20:22:10.279+0500: 294.823: [CMS-concurrent-abortable-preclean-start]
2017-11-09T20:22:10.279+0500: 294.823: [CMS-concurrent-abortable-preclean: 0.000/0.000 secs] [Times: user=0.00 sys=0.00, real=0.00 secs] 
2017-11-09T20:22:10.280+0500: 294.823: [GC (CMS Final Remark) [YG occupancy: 139776 K (157248 K)]2017-11-09T20:22:10.280+0500: 294.823: [Rescan (parallel) , 0.0033380 secs]2017-11-09T20:22:10.283+0500: 294.826: [weak refs processing, 0.0000165 secs]2017-11-09T20:22:10.283+0500: 294.826: [class unloading, 0.0002998 secs]2017-11-09T20:22:10.283+0500: 294.827: [scrub symbol table, 0.0004622 secs]2017-11-09T20:22:10.284+0500: 294.827: [scrub string table, 0.0001023 secs][1 CMS-remark: 324226K(349568K)] 464002K(506816K), 0.0043211 secs] [Times: user=0.00 sys=0.00, real=0.00 secs] 
2017-11-09T20:22:10.284+0500: 294.827: [CMS-concurrent-sweep-start]
2017-11-09T20:22:10.302+0500: 294.846: [CMS-concurrent-sweep: 0.018/0.018 secs] [Times: user=0.02 sys=0.00, real=0.02 secs] 
2017-11-09T20:22:10.302+0500: 294.846: [CMS-concurrent-reset-start]
2017-11-09T20:22:10.302+0500: 294.846: [CMS-concurrent-reset: 0.000/0.000 secs] [Times: user=0.00 sys=0.00, real=0.00 secs] 
2017-11-09T20:22:12.303+0500: 296.846: [GC (CMS Initial Mark) [1 CMS-initial-mark: 322081K(349568K)] 466562K(506816K), 0.0044909 secs] [Times: user=0.00 sys=0.01, real=0.00 secs] 
2017-11-09T20:22:12.307+0500: 296.851: [CMS-concurrent-mark-start]
2017-11-09T20:22:12.335+0500: 296.879: [CMS-concurrent-mark: 0.028/0.028 secs] [Times: user=0.01 sys=0.00, real=0.03 secs] 
2017-11-09T20:22:12.335+0500: 296.879: [CMS-concurrent-preclean-start]
2017-11-09T20:22:12.338+0500: 296.881: [CMS-concurrent-preclean: 0.003/0.003 secs] [Times: user=0.00 sys=0.00, real=0.00 secs] 
2017-11-09T20:22:12.338+0500: 296.881: [CMS-concurrent-abortable-preclean-start]
2017-11-09T20:22:12.338+0500: 296.881: [CMS-concurrent-abortable-preclean: 0.000/0.000 secs] [Times: user=0.00 sys=0.00, real=0.00 secs] 
2017-11-09T20:22:12.338+0500: 296.882: [GC (CMS Final Remark) [YG occupancy: 144480 K (157248 K)]2017-11-09T20:22:12.338+0500: 296.882: [Rescan (parallel) , 0.0031340 secs]2017-11-09T20:22:12.341+0500: 296.885: [weak refs processing, 0.0000149 secs]2017-11-09T20:22:12.341+0500: 296.885: [class unloading, 0.0001791 secs]2017-11-09T20:22:12.341+0500: 296.885: [scrub symbol table, 0.0003390 secs]2017-11-09T20:22:12.342+0500: 296.885: [scrub string table, 0.0000883 secs][1 CMS-remark: 322081K(349568K)] 466562K(506816K), 0.0038552 secs] [Times: user=0.06 sys=0.00, real=0.00 secs] 
2017-11-09T20:22:12.342+0500: 296.886: [CMS-concurrent-sweep-start]
2017-11-09T20:22:12.360+0500: 296.903: [CMS-concurrent-sweep: 0.018/0.018 secs] [Times: user=0.02 sys=0.00, real=0.02 secs] 
2017-11-09T20:22:12.360+0500: 296.903: [CMS-concurrent-reset-start]
2017-11-09T20:22:12.360+0500: 296.904: [CMS-concurrent-reset: 0.000/0.000 secs] [Times: user=0.00 sys=0.00, real=0.00 secs] 
2017-11-09T20:22:14.360+0500: 298.904: [GC (CMS Initial Mark) [1 CMS-initial-mark: 320003K(349568K)] 470437K(506816K), 0.0042910 secs] [Times: user=0.00 sys=0.00, real=0.00 secs] 
2017-11-09T20:22:14.365+0500: 298.908: [CMS-concurrent-mark-start]
2017-11-09T20:22:14.396+0500: 298.940: [CMS-concurrent-mark: 0.032/0.032 secs] [Times: user=0.03 sys=0.00, real=0.03 secs] 
2017-11-09T20:22:14.397+0500: 298.940: [CMS-concurrent-preclean-start]
2017-11-09T20:22:14.402+0500: 298.945: [CMS-concurrent-preclean: 0.005/0.005 secs] [Times: user=0.02 sys=0.00, real=0.00 secs] 
2017-11-09T20:22:14.402+0500: 298.945: [CMS-concurrent-abortable-preclean-start]
2017-11-09T20:22:14.402+0500: 298.945: [CMS-concurrent-abortable-preclean: 0.000/0.000 secs] [Times: user=0.00 sys=0.00, real=0.00 secs] 
2017-11-09T20:22:14.402+0500: 298.945: [GC (CMS Final Remark) [YG occupancy: 150434 K (157248 K)]2017-11-09T20:22:14.402+0500: 298.946: [Rescan (parallel) , 0.0032855 secs]2017-11-09T20:22:14.405+0500: 298.949: [weak refs processing, 0.0000159 secs]2017-11-09T20:22:14.405+0500: 298.949: [class unloading, 0.0001888 secs]2017-11-09T20:22:14.405+0500: 298.949: [scrub symbol table, 0.0003434 secs]2017-11-09T20:22:14.406+0500: 298.949: [scrub string table, 0.0000936 secs][1 CMS-remark: 320003K(349568K)] 470437K(506816K), 0.0040387 secs] [Times: user=0.00 sys=0.00, real=0.00 secs] 
2017-11-09T20:22:14.406+0500: 298.950: [CMS-concurrent-sweep-start]
2017-11-09T20:22:14.424+0500: 298.967: [CMS-concurrent-sweep: 0.018/0.018 secs] [Times: user=0.02 sys=0.00, real=0.02 secs] 
2017-11-09T20:22:14.424+0500: 298.967: [CMS-concurrent-reset-start]
2017-11-09T20:22:14.424+0500: 298.968: [CMS-concurrent-reset: 0.000/0.000 secs] [Times: user=0.00 sys=0.00, real=0.00 secs] 
2017-11-09T20:22:16.423+0500: 300.967: [GC (CMS Initial Mark) [1 CMS-initial-mark: 317913K(349568K)] 474300K(506816K), 0.0060248 secs] [Times: user=0.00 sys=0.00, real=0.01 secs] 
2017-11-09T20:22:16.429+0500: 300.973: [CMS-concurrent-mark-start]
2017-11-09T20:22:16.455+0500: 300.999: [CMS-concurrent-mark: 0.026/0.026 secs] [Times: user=0.03 sys=0.00, real=0.03 secs] 
2017-11-09T20:22:16.455+0500: 300.999: [CMS-concurrent-preclean-start]
2017-11-09T20:22:16.458+0500: 301.002: [CMS-concurrent-preclean: 0.003/0.003 secs] [Times: user=0.00 sys=0.00, real=0.00 secs] 
2017-11-09T20:22:16.458+0500: 301.002: [CMS-concurrent-abortable-preclean-start]
2017-11-09T20:22:16.458+0500: 301.002: [CMS-concurrent-abortable-preclean: 0.000/0.000 secs] [Times: user=0.00 sys=0.00, real=0.00 secs] 
2017-11-09T20:22:16.459+0500: 301.002: [GC (CMS Final Remark) [YG occupancy: 156387 K (157248 K)]2017-11-09T20:22:16.459+0500: 301.002: [Rescan (parallel) , 0.0034226 secs]2017-11-09T20:22:16.462+0500: 301.006: [weak refs processing, 0.0000193 secs]2017-11-09T20:22:16.462+0500: 301.006: [class unloading, 0.0002000 secs]2017-11-09T20:22:16.462+0500: 301.006: [scrub symbol table, 0.0004342 secs]2017-11-09T20:22:16.463+0500: 301.007: [scrub string table, 0.0001555 secs][1 CMS-remark: 317913K(349568K)] 474300K(506816K), 0.0043597 secs] [Times: user=0.00 sys=0.00, real=0.00 secs] 
2017-11-09T20:22:16.463+0500: 301.007: [CMS-concurrent-sweep-start]
2017-11-09T20:22:16.481+0500: 301.025: [CMS-concurrent-sweep: 0.018/0.018 secs] [Times: user=0.03 sys=0.00, real=0.02 secs] 
2017-11-09T20:22:16.481+0500: 301.025: [CMS-concurrent-reset-start]
2017-11-09T20:22:16.482+0500: 301.026: [CMS-concurrent-reset: 0.000/0.000 secs] [Times: user=0.00 sys=0.00, real=0.00 secs] 
2017-11-09T20:22:16.634+0500: 301.178: [GC (Allocation Failure) 2017-11-09T20:22:16.634+0500: 301.178: [ParNew: 157247K->157247K(157248K), 0.0000370 secs]2017-11-09T20:22:16.634+0500: 301.178: [CMS: 315841K->349567K(349568K), 0.1863278 secs] 473088K->462142K(506816K), [Metaspace: 2636K->2636K(1056768K)], 0.1864814 secs] [Times: user=0.19 sys=0.00, real=0.19 secs] 
2017-11-09T20:22:16.821+0500: 301.364: [GC (CMS Initial Mark) [1 CMS-initial-mark: 349567K(349568K)] 464586K(506816K), 0.0052199 secs] [Times: user=0.01 sys=0.00, real=0.00 secs] 
2017-11-09T20:22:16.826+0500: 301.369: [CMS-concurrent-mark-start]
2017-11-09T20:22:16.848+0500: 301.391: [CMS-concurrent-mark: 0.022/0.022 secs] [Times: user=0.03 sys=0.00, real=0.02 secs] 
2017-11-09T20:22:16.848+0500: 301.391: [CMS-concurrent-preclean-start]
2017-11-09T20:22:16.868+0500: 301.412: [CMS-concurrent-preclean: 0.021/0.021 secs] [Times: user=0.02 sys=0.02, real=0.02 secs] 
2017-11-09T20:22:16.868+0500: 301.412: [CMS-concurrent-abortable-preclean-start]
2017-11-09T20:22:16.868+0500: 301.412: [CMS-concurrent-abortable-preclean: 0.000/0.000 secs] [Times: user=0.00 sys=0.00, real=0.00 secs] 
2017-11-09T20:22:16.869+0500: 301.412: [GC (CMS Final Remark) [YG occupancy: 115019 K (157248 K)]2017-11-09T20:22:16.869+0500: 301.412: [Rescan (parallel) , 0.0055285 secs]2017-11-09T20:22:16.874+0500: 301.418: [weak refs processing, 0.0000162 secs]2017-11-09T20:22:16.874+0500: 301.418: [class unloading, 0.0002050 secs]2017-11-09T20:22:16.874+0500: 301.418: [scrub symbol table, 0.0003654 secs]2017-11-09T20:22:16.875+0500: 301.418: [scrub string table, 0.0000977 secs][1 CMS-remark: 349567K(349568K)] 464586K(506816K), 0.0063162 secs] [Times: user=0.03 sys=0.00, real=0.01 secs] 
2017-11-09T20:22:16.875+0500: 301.418: [CMS-concurrent-sweep-start]
2017-11-09T20:22:16.892+0500: 301.436: [CMS-concurrent-sweep: 0.017/0.017 secs] [Times: user=0.01 sys=0.00, real=0.02 secs] 
2017-11-09T20:22:16.892+0500: 301.436: [CMS-concurrent-reset-start]
2017-11-09T20:22:16.893+0500: 301.436: [CMS-concurrent-reset: 0.000/0.000 secs] [Times: user=0.00 sys=0.00, real=0.00 secs] 
2017-11-09T20:22:18.892+0500: 303.436: [GC (CMS Initial Mark) [1 CMS-initial-mark: 349533K(349568K)] 469439K(506816K), 0.0077546 secs] [Times: user=0.00 sys=0.00, real=0.01 secs] 
2017-11-09T20:22:18.899+0500: 303.443: [CMS-concurrent-mark-start]
2017-11-09T20:22:18.934+0500: 303.478: [CMS-concurrent-mark: 0.035/0.035 secs] [Times: user=0.06 sys=0.00, real=0.04 secs] 
2017-11-09T20:22:18.935+0500: 303.478: [CMS-concurrent-preclean-start]
2017-11-09T20:22:18.937+0500: 303.481: [CMS-concurrent-preclean: 0.003/0.003 secs] [Times: user=0.00 sys=0.00, real=0.00 secs] 
2017-11-09T20:22:18.937+0500: 303.481: [CMS-concurrent-abortable-preclean-start]
2017-11-09T20:22:18.937+0500: 303.481: [CMS-concurrent-abortable-preclean: 0.000/0.000 secs] [Times: user=0.00 sys=0.00, real=0.00 secs] 
2017-11-09T20:22:18.937+0500: 303.481: [GC (CMS Final Remark) [YG occupancy: 119906 K (157248 K)]2017-11-09T20:22:18.937+0500: 303.481: [Rescan (parallel) , 0.0055533 secs]2017-11-09T20:22:18.943+0500: 303.487: [weak refs processing, 0.0000146 secs]2017-11-09T20:22:18.943+0500: 303.487: [class unloading, 0.0001751 secs]2017-11-09T20:22:18.943+0500: 303.487: [scrub symbol table, 0.0003545 secs]2017-11-09T20:22:18.944+0500: 303.488: [scrub string table, 0.0000865 secs][1 CMS-remark: 349533K(349568K)] 469439K(506816K), 0.0062966 secs] [Times: user=0.00 sys=0.00, real=0.01 secs] 
2017-11-09T20:22:18.944+0500: 303.488: [CMS-concurrent-sweep-start]
2017-11-09T20:22:18.961+0500: 303.505: [CMS-concurrent-sweep: 0.017/0.017 secs] [Times: user=0.03 sys=0.00, real=0.02 secs] 
2017-11-09T20:22:18.961+0500: 303.505: [CMS-concurrent-reset-start]
2017-11-09T20:22:18.961+0500: 303.505: [CMS-concurrent-reset: 0.000/0.000 secs] [Times: user=0.00 sys=0.00, real=0.00 secs] 
2017-11-09T20:22:20.962+0500: 305.505: [GC (CMS Initial Mark) [1 CMS-initial-mark: 347307K(349568K)] 472101K(506816K), 0.0052075 secs] [Times: user=0.02 sys=0.00, real=0.01 secs] 
2017-11-09T20:22:20.967+0500: 305.511: [CMS-concurrent-mark-start]
2017-11-09T20:22:20.997+0500: 305.541: [CMS-concurrent-mark: 0.030/0.030 secs] [Times: user=0.03 sys=0.00, real=0.03 secs] 
2017-11-09T20:22:20.997+0500: 305.541: [CMS-concurrent-preclean-start]
2017-11-09T20:22:21.002+0500: 305.546: [CMS-concurrent-preclean: 0.005/0.005 secs] [Times: user=0.00 sys=0.00, real=0.01 secs] 
2017-11-09T20:22:21.002+0500: 305.546: [CMS-concurrent-abortable-preclean-start]
2017-11-09T20:22:21.002+0500: 305.546: [CMS-concurrent-abortable-preclean: 0.000/0.000 secs] [Times: user=0.00 sys=0.00, real=0.00 secs] 
2017-11-09T20:22:21.002+0500: 305.546: [GC (CMS Final Remark) [YG occupancy: 124793 K (157248 K)]2017-11-09T20:22:21.002+0500: 305.546: [Rescan (parallel) , 0.0051223 secs]2017-11-09T20:22:21.008+0500: 305.551: [weak refs processing, 0.0000143 secs]2017-11-09T20:22:21.008+0500: 305.551: [class unloading, 0.0001745 secs]2017-11-09T20:22:21.008+0500: 305.552: [scrub symbol table, 0.0003555 secs]2017-11-09T20:22:21.008+0500: 305.552: [scrub string table, 0.0000858 secs][1 CMS-remark: 347307K(349568K)] 472101K(506816K), 0.0058650 secs] [Times: user=0.00 sys=0.00, real=0.01 secs] 
2017-11-09T20:22:21.008+0500: 305.552: [CMS-concurrent-sweep-start]
2017-11-09T20:22:21.025+0500: 305.569: [CMS-concurrent-sweep: 0.017/0.017 secs] [Times: user=0.02 sys=0.00, real=0.02 secs] 
2017-11-09T20:22:21.025+0500: 305.569: [CMS-concurrent-reset-start]
2017-11-09T20:22:21.026+0500: 305.569: [CMS-concurrent-reset: 0.000/0.000 secs] [Times: user=0.02 sys=0.00, real=0.00 secs] 
2017-11-09T20:22:23.026+0500: 307.570: [GC (CMS Initial Mark) [1 CMS-initial-mark: 345054K(349568K)] 474735K(506816K), 0.0072122 secs] [Times: user=0.00 sys=0.00, real=0.01 secs] 
2017-11-09T20:22:23.034+0500: 307.577: [CMS-concurrent-mark-start]
2017-11-09T20:22:23.069+0500: 307.613: [CMS-concurrent-mark: 0.035/0.035 secs] [Times: user=0.03 sys=0.00, real=0.04 secs] 
2017-11-09T20:22:23.069+0500: 307.613: [CMS-concurrent-preclean-start]
2017-11-09T20:22:23.073+0500: 307.617: [CMS-concurrent-preclean: 0.004/0.004 secs] [Times: user=0.02 sys=0.00, real=0.00 secs] 
2017-11-09T20:22:23.073+0500: 307.617: [CMS-concurrent-abortable-preclean-start]
2017-11-09T20:22:23.073+0500: 307.617: [CMS-concurrent-abortable-preclean: 0.000/0.000 secs] [Times: user=0.00 sys=0.00, real=0.00 secs] 
2017-11-09T20:22:23.073+0500: 307.617: [GC (CMS Final Remark) [YG occupancy: 129680 K (157248 K)]2017-11-09T20:22:23.073+0500: 307.617: [Rescan (parallel) , 0.0051341 secs]2017-11-09T20:22:23.078+0500: 307.622: [weak refs processing, 0.0000233 secs]2017-11-09T20:22:23.078+0500: 307.622: [class unloading, 0.0001857 secs]2017-11-09T20:22:23.079+0500: 307.622: [scrub symbol table, 0.0003250 secs]2017-11-09T20:22:23.079+0500: 307.623: [scrub string table, 0.0000852 secs][1 CMS-remark: 345054K(349568K)] 474735K(506816K), 0.0058563 secs] [Times: user=0.00 sys=0.00, real=0.01 secs] 
2017-11-09T20:22:23.079+0500: 307.623: [CMS-concurrent-sweep-start]
2017-11-09T20:22:23.096+0500: 307.640: [CMS-concurrent-sweep: 0.017/0.017 secs] [Times: user=0.02 sys=0.00, real=0.02 secs] 
2017-11-09T20:22:23.096+0500: 307.640: [CMS-concurrent-reset-start]
2017-11-09T20:22:23.097+0500: 307.640: [CMS-concurrent-reset: 0.000/0.000 secs] [Times: user=0.00 sys=0.00, real=0.00 secs] 
2017-11-09T20:22:25.097+0500: 309.640: [GC (CMS Initial Mark) [1 CMS-initial-mark: 342842K(349568K)] 479854K(506816K), 0.0072048 secs] [Times: user=0.01 sys=0.00, real=0.01 secs] 
2017-11-09T20:22:25.104+0500: 309.648: [CMS-concurrent-mark-start]
2017-11-09T20:22:25.139+0500: 309.683: [CMS-concurrent-mark: 0.035/0.035 secs] [Times: user=0.03 sys=0.00, real=0.03 secs] 
2017-11-09T20:22:25.139+0500: 309.683: [CMS-concurrent-preclean-start]
2017-11-09T20:22:25.143+0500: 309.687: [CMS-concurrent-preclean: 0.004/0.004 secs] [Times: user=0.00 sys=0.00, real=0.00 secs] 
2017-11-09T20:22:25.143+0500: 309.687: [CMS-concurrent-abortable-preclean-start]
2017-11-09T20:22:25.143+0500: 309.687: [CMS-concurrent-abortable-preclean: 0.000/0.000 secs] [Times: user=0.00 sys=0.00, real=0.00 secs] 
2017-11-09T20:22:25.144+0500: 309.687: [GC (CMS Final Remark) [YG occupancy: 137011 K (157248 K)]2017-11-09T20:22:25.144+0500: 309.687: [Rescan (parallel) , 0.0051101 secs]2017-11-09T20:22:25.149+0500: 309.693: [weak refs processing, 0.0000156 secs]2017-11-09T20:22:25.149+0500: 309.693: [class unloading, 0.0002370 secs]2017-11-09T20:22:25.149+0500: 309.693: [scrub symbol table, 0.0004590 secs]2017-11-09T20:22:25.149+0500: 309.693: [scrub string table, 0.0001368 secs][1 CMS-remark: 342842K(349568K)] 479854K(506816K), 0.0060824 secs] [Times: user=0.00 sys=0.00, real=0.01 secs] 
2017-11-09T20:22:25.150+0500: 309.694: [CMS-concurrent-sweep-start]
2017-11-09T20:22:25.167+0500: 309.711: [CMS-concurrent-sweep: 0.017/0.017 secs] [Times: user=0.03 sys=0.00, real=0.02 secs] 
2017-11-09T20:22:25.167+0500: 309.711: [CMS-concurrent-reset-start]
2017-11-09T20:22:25.168+0500: 309.711: [CMS-concurrent-reset: 0.000/0.000 secs] [Times: user=0.00 sys=0.00, real=0.00 secs] 
2017-11-09T20:22:27.167+0500: 311.711: [GC (CMS Initial Mark) [1 CMS-initial-mark: 340711K(349568K)] 482201K(506816K), 0.0065078 secs] [Times: user=0.00 sys=0.00, real=0.01 secs] 
2017-11-09T20:22:27.174+0500: 311.717: [CMS-concurrent-mark-start]
2017-11-09T20:22:27.194+0500: 311.738: [CMS-concurrent-mark: 0.021/0.021 secs] [Times: user=0.02 sys=0.00, real=0.02 secs] 
2017-11-09T20:22:27.195+0500: 311.738: [CMS-concurrent-preclean-start]
2017-11-09T20:22:27.197+0500: 311.741: [CMS-concurrent-preclean: 0.003/0.003 secs] [Times: user=0.00 sys=0.00, real=0.00 secs] 
2017-11-09T20:22:27.197+0500: 311.741: [CMS-concurrent-abortable-preclean-start]
2017-11-09T20:22:27.197+0500: 311.741: [CMS-concurrent-abortable-preclean: 0.000/0.000 secs] [Times: user=0.00 sys=0.00, real=0.00 secs] 
2017-11-09T20:22:27.198+0500: 311.741: [GC (CMS Final Remark) [YG occupancy: 141489 K (157248 K)]2017-11-09T20:22:27.198+0500: 311.741: [Rescan (parallel) , 0.0055039 secs]2017-11-09T20:22:27.203+0500: 311.747: [weak refs processing, 0.0000137 secs]2017-11-09T20:22:27.203+0500: 311.747: [class unloading, 0.0001810 secs]2017-11-09T20:22:27.203+0500: 311.747: [scrub symbol table, 0.0003586 secs]2017-11-09T20:22:27.204+0500: 311.747: [scrub string table, 0.0000858 secs][1 CMS-remark: 340711K(349568K)] 482201K(506816K), 0.0062447 secs] [Times: user=0.02 sys=0.00, real=0.01 secs] 
2017-11-09T20:22:27.204+0500: 311.748: [CMS-concurrent-sweep-start]
2017-11-09T20:22:27.222+0500: 311.766: [CMS-concurrent-sweep: 0.018/0.018 secs] [Times: user=0.02 sys=0.00, real=0.02 secs] 
2017-11-09T20:22:27.222+0500: 311.766: [CMS-concurrent-reset-start]
2017-11-09T20:22:27.223+0500: 311.766: [CMS-concurrent-reset: 0.000/0.000 secs] [Times: user=0.00 sys=0.00, real=0.00 secs] 
2017-11-09T20:22:29.223+0500: 313.767: [GC (CMS Initial Mark) [1 CMS-initial-mark: 338554K(349568K)] 485997K(506816K), 0.0070735 secs] [Times: user=0.01 sys=0.00, real=0.01 secs] 
2017-11-09T20:22:29.230+0500: 313.774: [CMS-concurrent-mark-start]
2017-11-09T20:22:29.261+0500: 313.804: [CMS-concurrent-mark: 0.030/0.030 secs] [Times: user=0.03 sys=0.00, real=0.03 secs] 
2017-11-09T20:22:29.261+0500: 313.805: [CMS-concurrent-preclean-start]
2017-11-09T20:22:29.264+0500: 313.808: [CMS-concurrent-preclean: 0.003/0.003 secs] [Times: user=0.00 sys=0.00, real=0.00 secs] 
2017-11-09T20:22:29.264+0500: 313.808: [CMS-concurrent-abortable-preclean-start]
2017-11-09T20:22:29.264+0500: 313.808: [CMS-concurrent-abortable-preclean: 0.000/0.000 secs] [Times: user=0.00 sys=0.00, real=0.00 secs] 
2017-11-09T20:22:29.265+0500: 313.808: [GC (CMS Final Remark) [YG occupancy: 147442 K (157248 K)]2017-11-09T20:22:29.265+0500: 313.808: [Rescan (parallel) , 0.0055141 secs]2017-11-09T20:22:29.270+0500: 313.814: [weak refs processing, 0.0000196 secs]2017-11-09T20:22:29.270+0500: 313.814: [class unloading, 0.0002059 secs]2017-11-09T20:22:29.270+0500: 313.814: [scrub symbol table, 0.0003791 secs]2017-11-09T20:22:29.271+0500: 313.814: [scrub string table, 0.0001154 secs][1 CMS-remark: 338554K(349568K)] 485997K(506816K), 0.0063461 secs] [Times: user=0.00 sys=0.00, real=0.01 secs] 
2017-11-09T20:22:29.271+0500: 313.815: [CMS-concurrent-sweep-start]
2017-11-09T20:22:29.289+0500: 313.833: [CMS-concurrent-sweep: 0.018/0.018 secs] [Times: user=0.02 sys=0.00, real=0.02 secs] 
2017-11-09T20:22:29.289+0500: 313.833: [CMS-concurrent-reset-start]
2017-11-09T20:22:29.289+0500: 313.833: [CMS-concurrent-reset: 0.000/0.000 secs] [Times: user=0.00 sys=0.00, real=0.00 secs] 
2017-11-09T20:22:31.290+0500: 315.833: [GC (CMS Initial Mark) [1 CMS-initial-mark: 336443K(349568K)] 489838K(506816K), 0.0069389 secs] [Times: user=0.01 sys=0.00, real=0.01 secs] 
2017-11-09T20:22:31.297+0500: 315.840: [CMS-concurrent-mark-start]
2017-11-09T20:22:31.327+0500: 315.871: [CMS-concurrent-mark: 0.031/0.031 secs] [Times: user=0.03 sys=0.00, real=0.03 secs] 
2017-11-09T20:22:31.327+0500: 315.871: [CMS-concurrent-preclean-start]
2017-11-09T20:22:31.330+0500: 315.874: [CMS-concurrent-preclean: 0.003/0.003 secs] [Times: user=0.00 sys=0.00, real=0.00 secs] 
2017-11-09T20:22:31.330+0500: 315.874: [CMS-concurrent-abortable-preclean-start]
2017-11-09T20:22:31.330+0500: 315.874: [CMS-concurrent-abortable-preclean: 0.000/0.000 secs] [Times: user=0.00 sys=0.00, real=0.00 secs] 
2017-11-09T20:22:31.330+0500: 315.874: [GC (CMS Final Remark) [YG occupancy: 153395 K (157248 K)]2017-11-09T20:22:31.330+0500: 315.874: [Rescan (parallel) , 0.0053630 secs]2017-11-09T20:22:31.336+0500: 315.879: [weak refs processing, 0.0000140 secs]2017-11-09T20:22:31.336+0500: 315.879: [class unloading, 0.0002121 secs]2017-11-09T20:22:31.336+0500: 315.880: [scrub symbol table, 0.0005716 secs]2017-11-09T20:22:31.337+0500: 315.880: [scrub string table, 0.0001698 secs][1 CMS-remark: 336443K(349568K)] 489838K(506816K), 0.0064627 secs] [Times: user=0.00 sys=0.00, real=0.01 secs] 
2017-11-09T20:22:31.337+0500: 315.881: [CMS-concurrent-sweep-start]
2017-11-09T20:22:31.355+0500: 315.898: [CMS-concurrent-sweep: 0.018/0.018 secs] [Times: user=0.03 sys=0.00, real=0.02 secs] 
2017-11-09T20:22:31.355+0500: 315.898: [CMS-concurrent-reset-start]
2017-11-09T20:22:31.355+0500: 315.899: [CMS-concurrent-reset: 0.000/0.000 secs] [Times: user=0.00 sys=0.00, real=0.00 secs] 
2017-11-09T20:22:32.570+0500: 317.113: [GC (Allocation Failure) 2017-11-09T20:22:32.570+0500: 317.113: [ParNew: 157247K->157247K(157248K), 0.0000373 secs]2017-11-09T20:22:32.570+0500: 317.114: [CMS: 334344K->349567K(349568K), 0.1855727 secs] 491592K->484481K(506816K), [Metaspace: 2636K->2636K(1056768K)], 0.1857344 secs] [Times: user=0.19 sys=0.00, real=0.19 secs] 
2017-11-09T20:22:32.756+0500: 317.299: [GC (CMS Initial Mark) [1 CMS-initial-mark: 349567K(349568K)] 486383K(506816K), 0.0062770 secs] [Times: user=0.02 sys=0.00, real=0.01 secs] 
2017-11-09T20:22:32.762+0500: 317.306: [CMS-concurrent-mark-start]
2017-11-09T20:22:32.785+0500: 317.328: [CMS-concurrent-mark: 0.023/0.023 secs] [Times: user=0.03 sys=0.00, real=0.02 secs] 
2017-11-09T20:22:32.785+0500: 317.329: [CMS-concurrent-preclean-start]
2017-11-09T20:22:32.805+0500: 317.349: [CMS-concurrent-preclean: 0.020/0.020 secs] [Times: user=0.03 sys=0.00, real=0.02 secs] 
2017-11-09T20:22:32.805+0500: 317.349: [CMS-concurrent-abortable-preclean-start]
2017-11-09T20:22:32.805+0500: 317.349: [CMS-concurrent-abortable-preclean: 0.000/0.000 secs] [Times: user=0.00 sys=0.00, real=0.00 secs] 
2017-11-09T20:22:32.805+0500: 317.349: [GC (CMS Final Remark) [YG occupancy: 136816 K (157248 K)]2017-11-09T20:22:32.805+0500: 317.349: [Rescan (parallel) , 0.0061343 secs]2017-11-09T20:22:32.811+0500: 317.355: [weak refs processing, 0.0000348 secs]2017-11-09T20:22:32.812+0500: 317.355: [class unloading, 0.0001807 secs]2017-11-09T20:22:32.812+0500: 317.355: [scrub symbol table, 0.0003642 secs]2017-11-09T20:22:32.812+0500: 317.356: [scrub string table, 0.0000889 secs][1 CMS-remark: 349567K(349568K)] 486383K(506816K), 0.0068963 secs] [Times: user=0.05 sys=0.00, real=0.01 secs] 
2017-11-09T20:22:32.812+0500: 317.356: [CMS-concurrent-sweep-start]
2017-11-09T20:22:32.829+0500: 317.373: [CMS-concurrent-sweep: 0.017/0.017 secs] [Times: user=0.02 sys=0.00, real=0.02 secs] 
2017-11-09T20:22:32.829+0500: 317.373: [CMS-concurrent-reset-start]
2017-11-09T20:22:32.830+0500: 317.373: [CMS-concurrent-reset: 0.000/0.000 secs] [Times: user=0.00 sys=0.00, real=0.00 secs] 
2017-11-09T20:22:34.830+0500: 319.374: [GC (CMS Initial Mark) [1 CMS-initial-mark: 349541K(349568K)] 490527K(506816K), 0.0084121 secs] [Times: user=0.02 sys=0.00, real=0.01 secs] 
2017-11-09T20:22:34.839+0500: 319.382: [CMS-concurrent-mark-start]
2017-11-09T20:22:34.870+0500: 319.414: [CMS-concurrent-mark: 0.031/0.031 secs] [Times: user=0.06 sys=0.00, real=0.03 secs] 
2017-11-09T20:22:34.870+0500: 319.414: [CMS-concurrent-preclean-start]
2017-11-09T20:22:34.873+0500: 319.417: [CMS-concurrent-preclean: 0.003/0.003 secs] [Times: user=0.00 sys=0.00, real=0.00 secs] 
2017-11-09T20:22:34.873+0500: 319.417: [CMS-concurrent-abortable-preclean-start]
2017-11-09T20:22:34.873+0500: 319.417: [CMS-concurrent-abortable-preclean: 0.000/0.000 secs] [Times: user=0.00 sys=0.00, real=0.00 secs] 
2017-11-09T20:22:34.873+0500: 319.417: [GC (CMS Final Remark) [YG occupancy: 140985 K (157248 K)]2017-11-09T20:22:34.873+0500: 319.417: [Rescan (parallel) , 0.0064419 secs]2017-11-09T20:22:34.880+0500: 319.424: [weak refs processing, 0.0000165 secs]2017-11-09T20:22:34.880+0500: 319.424: [class unloading, 0.0002071 secs]2017-11-09T20:22:34.880+0500: 319.424: [scrub symbol table, 0.0003570 secs]2017-11-09T20:22:34.880+0500: 319.424: [scrub string table, 0.0001008 secs][1 CMS-remark: 349541K(349568K)] 490527K(506816K), 0.0072241 secs] [Times: user=0.00 sys=0.00, real=0.01 secs] 
2017-11-09T20:22:34.881+0500: 319.424: [CMS-concurrent-sweep-start]
2017-11-09T20:22:34.898+0500: 319.442: [CMS-concurrent-sweep: 0.017/0.017 secs] [Times: user=0.03 sys=0.00, real=0.02 secs] 
2017-11-09T20:22:34.898+0500: 319.442: [CMS-concurrent-reset-start]
2017-11-09T20:22:34.898+0500: 319.442: [CMS-concurrent-reset: 0.000/0.000 secs] [Times: user=0.00 sys=0.00, real=0.00 secs] 
2017-11-09T20:22:36.898+0500: 321.442: [GC (CMS Initial Mark) [1 CMS-initial-mark: 347394K(349568K)] 493341K(506816K), 0.0072754 secs] [Times: user=0.02 sys=0.00, real=0.01 secs] 
2017-11-09T20:22:36.905+0500: 321.449: [CMS-concurrent-mark-start]
2017-11-09T20:22:36.930+0500: 321.474: [CMS-concurrent-mark: 0.025/0.025 secs] [Times: user=0.02 sys=0.00, real=0.03 secs] 
2017-11-09T20:22:36.930+0500: 321.474: [CMS-concurrent-preclean-start]
2017-11-09T20:22:36.933+0500: 321.477: [CMS-concurrent-preclean: 0.003/0.003 secs] [Times: user=0.02 sys=0.00, real=0.00 secs] 
2017-11-09T20:22:36.933+0500: 321.477: [CMS-concurrent-abortable-preclean-start]
2017-11-09T20:22:36.933+0500: 321.477: [CMS-concurrent-abortable-preclean: 0.000/0.000 secs] [Times: user=0.00 sys=0.00, real=0.00 secs] 
2017-11-09T20:22:36.934+0500: 321.477: [GC (CMS Final Remark) [YG occupancy: 145946 K (157248 K)]2017-11-09T20:22:36.934+0500: 321.477: [Rescan (parallel) , 0.0060282 secs]2017-11-09T20:22:36.940+0500: 321.483: [weak refs processing, 0.0000137 secs]2017-11-09T20:22:36.940+0500: 321.483: [class unloading, 0.0001813 secs]2017-11-09T20:22:36.940+0500: 321.484: [scrub symbol table, 0.0003449 secs]2017-11-09T20:22:36.940+0500: 321.484: [scrub string table, 0.0000865 secs][1 CMS-remark: 347394K(349568K)] 493341K(506816K), 0.0067588 secs] [Times: user=0.00 sys=0.00, real=0.01 secs] 
2017-11-09T20:22:36.941+0500: 321.484: [CMS-concurrent-sweep-start]
2017-11-09T20:22:36.958+0500: 321.502: [CMS-concurrent-sweep: 0.018/0.018 secs] [Times: user=0.02 sys=0.00, real=0.02 secs] 
2017-11-09T20:22:36.958+0500: 321.502: [CMS-concurrent-reset-start]
2017-11-09T20:22:36.959+0500: 321.503: [CMS-concurrent-reset: 0.000/0.000 secs] [Times: user=0.00 sys=0.00, real=0.00 secs] 
2017-11-09T20:22:38.958+0500: 323.502: [GC (CMS Initial Mark) [1 CMS-initial-mark: 345379K(349568K)] 497279K(506816K), 0.0083424 secs] [Times: user=0.01 sys=0.00, real=0.01 secs] 
2017-11-09T20:22:38.967+0500: 323.510: [CMS-concurrent-mark-start]
2017-11-09T20:22:39.003+0500: 323.546: [CMS-concurrent-mark: 0.036/0.036 secs] [Times: user=0.03 sys=0.00, real=0.04 secs] 
2017-11-09T20:22:39.003+0500: 323.546: [CMS-concurrent-preclean-start]
2017-11-09T20:22:39.005+0500: 323.549: [CMS-concurrent-preclean: 0.003/0.003 secs] [Times: user=0.00 sys=0.00, real=0.00 secs] 
2017-11-09T20:22:39.005+0500: 323.549: [CMS-concurrent-abortable-preclean-start]
2017-11-09T20:22:39.005+0500: 323.549: [CMS-concurrent-abortable-preclean: 0.000/0.000 secs] [Times: user=0.00 sys=0.00, real=0.00 secs] 
2017-11-09T20:22:39.005+0500: 323.549: [GC (CMS Final Remark) [YG occupancy: 151899 K (157248 K)]2017-11-09T20:22:39.005+0500: 323.549: [Rescan (parallel) , 0.0060167 secs]2017-11-09T20:22:39.011+0500: 323.555: [weak refs processing, 0.0000317 secs]2017-11-09T20:22:39.012+0500: 323.555: [class unloading, 0.0001950 secs]2017-11-09T20:22:39.012+0500: 323.555: [scrub symbol table, 0.0003424 secs]2017-11-09T20:22:39.012+0500: 323.556: [scrub string table, 0.0000930 secs][1 CMS-remark: 345379K(349568K)] 497279K(506816K), 0.0067840 secs] [Times: user=0.06 sys=0.00, real=0.01 secs] 
2017-11-09T20:22:39.012+0500: 323.556: [CMS-concurrent-sweep-start]
2017-11-09T20:22:39.029+0500: 323.573: [CMS-concurrent-sweep: 0.017/0.017 secs] [Times: user=0.02 sys=0.00, real=0.02 secs] 
2017-11-09T20:22:39.029+0500: 323.573: [CMS-concurrent-reset-start]
2017-11-09T20:22:39.030+0500: 323.573: [CMS-concurrent-reset: 0.000/0.000 secs] [Times: user=0.00 sys=0.00, real=0.00 secs] 
2017-11-09T20:22:40.741+0500: 325.285: [GC (Allocation Failure) 2017-11-09T20:22:40.741+0500: 325.285: [ParNew: 157247K->157247K(157248K), 0.0000392 secs]2017-11-09T20:22:40.742+0500: 325.285: [CMS: 343306K->349567K(349568K), 0.1761551 secs] 500553K->495403K(506816K), [Metaspace: 2636K->2636K(1056768K)], 0.1763159 secs] [Times: user=0.19 sys=0.00, real=0.18 secs] 
2017-11-09T20:22:40.918+0500: 325.462: [GC (CMS Initial Mark) [1 CMS-initial-mark: 349567K(349568K)] 495404K(506816K), 0.0066804 secs] [Times: user=0.00 sys=0.00, real=0.01 secs] 
2017-11-09T20:22:40.925+0500: 325.468: [CMS-concurrent-mark-start]
2017-11-09T20:22:40.948+0500: 325.492: [CMS-concurrent-mark: 0.023/0.023 secs] [Times: user=0.06 sys=0.00, real=0.02 secs] 
2017-11-09T20:22:40.948+0500: 325.492: [CMS-concurrent-preclean-start]
2017-11-09T20:22:40.969+0500: 325.513: [CMS-concurrent-preclean: 0.021/0.021 secs] [Times: user=0.02 sys=0.00, real=0.02 secs] 
2017-11-09T20:22:40.969+0500: 325.513: [CMS-concurrent-abortable-preclean-start]
2017-11-09T20:22:40.969+0500: 325.513: [CMS-concurrent-abortable-preclean: 0.000/0.000 secs] [Times: user=0.00 sys=0.00, real=0.00 secs] 
2017-11-09T20:22:40.970+0500: 325.513: [GC (CMS Final Remark) [YG occupancy: 146440 K (157248 K)]2017-11-09T20:22:40.970+0500: 325.513: [Rescan (parallel) , 0.0063638 secs]2017-11-09T20:22:40.976+0500: 325.519: [weak refs processing, 0.0000156 secs]2017-11-09T20:22:40.976+0500: 325.520: [class unloading, 0.0002252 secs]2017-11-09T20:22:40.976+0500: 325.520: [scrub symbol table, 0.0003903 secs]2017-11-09T20:22:40.977+0500: 325.520: [scrub string table, 0.0001639 secs][1 CMS-remark: 349567K(349568K)] 496008K(506816K), 0.0073525 secs] [Times: user=0.00 sys=0.00, real=0.01 secs] 
2017-11-09T20:22:40.977+0500: 325.520: [CMS-concurrent-sweep-start]
2017-11-09T20:22:40.994+0500: 325.537: [CMS-concurrent-sweep: 0.017/0.017 secs] [Times: user=0.01 sys=0.00, real=0.02 secs] 
2017-11-09T20:22:40.994+0500: 325.537: [CMS-concurrent-reset-start]
2017-11-09T20:22:40.994+0500: 325.538: [CMS-concurrent-reset: 0.000/0.000 secs] [Times: user=0.00 sys=0.00, real=0.00 secs] 
2017-11-09T20:22:42.994+0500: 327.538: [GC (CMS Initial Mark) [1 CMS-initial-mark: 349541K(349568K)] 500943K(506816K), 0.0086214 secs] [Times: user=0.03 sys=0.00, real=0.01 secs] 
2017-11-09T20:22:43.003+0500: 327.546: [CMS-concurrent-mark-start]
2017-11-09T20:22:43.034+0500: 327.578: [CMS-concurrent-mark: 0.031/0.031 secs] [Times: user=0.05 sys=0.00, real=0.03 secs] 
2017-11-09T20:22:43.034+0500: 327.578: [CMS-concurrent-preclean-start]
2017-11-09T20:22:43.037+0500: 327.581: [CMS-concurrent-preclean: 0.003/0.003 secs] [Times: user=0.00 sys=0.00, real=0.00 secs] 
2017-11-09T20:22:43.037+0500: 327.581: [CMS-concurrent-abortable-preclean-start]
2017-11-09T20:22:43.037+0500: 327.581: [CMS-concurrent-abortable-preclean: 0.000/0.000 secs] [Times: user=0.00 sys=0.00, real=0.00 secs] 
2017-11-09T20:22:43.037+0500: 327.581: [GC (CMS Final Remark) [YG occupancy: 152394 K (157248 K)]2017-11-09T20:22:43.038+0500: 327.581: [Rescan (parallel) , 0.0067902 secs]2017-11-09T20:22:43.044+0500: 327.588: [weak refs processing, 0.0000183 secs]2017-11-09T20:22:43.044+0500: 327.588: [class unloading, 0.0002009 secs]2017-11-09T20:22:43.045+0500: 327.588: [scrub symbol table, 0.0003573 secs]2017-11-09T20:22:43.045+0500: 327.589: [scrub string table, 0.0001085 secs][1 CMS-remark: 349541K(349568K)] 501936K(506816K), 0.0075817 secs] [Times: user=0.05 sys=0.00, real=0.01 secs] 
2017-11-09T20:22:43.045+0500: 327.589: [CMS-concurrent-sweep-start]
2017-11-09T20:22:43.062+0500: 327.606: [CMS-concurrent-sweep: 0.017/0.017 secs] [Times: user=0.03 sys=0.00, real=0.02 secs] 
2017-11-09T20:22:43.062+0500: 327.606: [CMS-concurrent-reset-start]
2017-11-09T20:22:43.063+0500: 327.606: [CMS-concurrent-reset: 0.000/0.000 secs] [Times: user=0.00 sys=0.00, real=0.00 secs] 
2017-11-09T20:22:44.794+0500: 329.337: [GC (Allocation Failure) 2017-11-09T20:22:44.794+0500: 329.337: [ParNew: 157246K->157246K(157248K), 0.0000351 secs]2017-11-09T20:22:44.794+0500: 329.337: [CMS: 347482K->349567K(349568K), 0.1836982 secs] 504729K->501357K(506816K), [Metaspace: 2636K->2636K(1056768K)], 0.1838494 secs] [Times: user=0.17 sys=0.00, real=0.18 secs] 
2017-11-09T20:22:44.978+0500: 329.521: [GC (CMS Initial Mark) [1 CMS-initial-mark: 349567K(349568K)] 501358K(506816K), 0.0066055 secs] [Times: user=0.02 sys=0.00, real=0.01 secs] 
2017-11-09T20:22:44.984+0500: 329.528: [CMS-concurrent-mark-start]
2017-11-09T20:22:45.008+0500: 329.552: [CMS-concurrent-mark: 0.024/0.024 secs] [Times: user=0.03 sys=0.00, real=0.02 secs] 
2017-11-09T20:22:45.008+0500: 329.552: [CMS-concurrent-preclean-start]
2017-11-09T20:22:45.029+0500: 329.573: [CMS-concurrent-preclean: 0.021/0.021 secs] [Times: user=0.05 sys=0.00, real=0.02 secs] 
2017-11-09T20:22:45.029+0500: 329.573: [CMS-concurrent-abortable-preclean-start]
2017-11-09T20:22:45.029+0500: 329.573: [CMS-concurrent-abortable-preclean: 0.000/0.000 secs] [Times: user=0.00 sys=0.00, real=0.00 secs] 
2017-11-09T20:22:45.029+0500: 329.573: [GC (CMS Final Remark) [YG occupancy: 151897 K (157248 K)]2017-11-09T20:22:45.029+0500: 329.573: [Rescan (parallel) , 0.0063122 secs]2017-11-09T20:22:45.036+0500: 329.579: [weak refs processing, 0.0000156 secs]2017-11-09T20:22:45.036+0500: 329.579: [class unloading, 0.0002367 secs]2017-11-09T20:22:45.036+0500: 329.580: [scrub symbol table, 0.0004276 secs]2017-11-09T20:22:45.036+0500: 329.580: [scrub string table, 0.0000936 secs][1 CMS-remark: 349567K(349568K)] 501465K(506816K), 0.0071951 secs] [Times: user=0.00 sys=0.00, real=0.01 secs] 
2017-11-09T20:22:45.037+0500: 329.580: [CMS-concurrent-sweep-start]
2017-11-09T20:22:45.053+0500: 329.597: [CMS-concurrent-sweep: 0.017/0.017 secs] [Times: user=0.01 sys=0.00, real=0.02 secs] 
2017-11-09T20:22:45.053+0500: 329.597: [CMS-concurrent-reset-start]
2017-11-09T20:22:45.054+0500: 329.597: [CMS-concurrent-reset: 0.000/0.000 secs] [Times: user=0.00 sys=0.00, real=0.00 secs] 
2017-11-09T20:22:47.054+0500: 331.597: [GC (CMS Initial Mark) [1 CMS-initial-mark: 349537K(349568K)] 506395K(506816K), 0.0086606 secs] [Times: user=0.02 sys=0.00, real=0.01 secs] 
2017-11-09T20:22:47.063+0500: 331.606: [CMS-concurrent-mark-start]
2017-11-09T20:22:47.085+0500: 331.629: [GC (Allocation Failure) 2017-11-09T20:22:47.085+0500: 331.629: [ParNew: 157246K->157246K(157248K), 0.0000395 secs]2017-11-09T20:22:47.085+0500: 331.629: [CMS2017-11-09T20:22:47.102+0500: 331.645: [CMS-concurrent-mark: 0.039/0.039 secs] [Times: user=0.03 sys=0.00, real=0.04 secs] 
 (concurrent mode failure): 349537K->349567K(349568K), 0.1723642 secs] 506783K->503838K(506816K), [Metaspace: 2636K->2636K(1056768K)], 0.1725281 secs] [Times: user=0.17 sys=0.00, real=0.17 secs] 
2017-11-09T20:22:48.303+0500: 332.847: [Full GC (Allocation Failure) 2017-11-09T20:22:48.303+0500: 332.847: [CMS: 349567K->349567K(349568K), 0.1572250 secs] 506814K->505326K(506816K), [Metaspace: 2636K->2636K(1056768K)], 0.1573323 secs] [Times: user=0.16 sys=0.00, real=0.16 secs] 
2017-11-09T20:22:48.461+0500: 333.004: [GC (CMS Initial Mark) [1 CMS-initial-mark: 349567K(349568K)] 505346K(506816K), 0.0069498 secs] [Times: user=0.02 sys=0.00, real=0.01 secs] 
2017-11-09T20:22:48.468+0500: 333.011: [CMS-concurrent-mark-start]
2017-11-09T20:22:48.492+0500: 333.036: [CMS-concurrent-mark: 0.024/0.024 secs] [Times: user=0.03 sys=0.00, real=0.02 secs] 
2017-11-09T20:22:48.492+0500: 333.036: [CMS-concurrent-preclean-start]
2017-11-09T20:22:48.512+0500: 333.056: [CMS-concurrent-preclean: 0.020/0.020 secs] [Times: user=0.05 sys=0.00, real=0.02 secs] 
2017-11-09T20:22:48.512+0500: 333.056: [CMS-concurrent-abortable-preclean-start]
2017-11-09T20:22:48.512+0500: 333.056: [CMS-concurrent-abortable-preclean: 0.000/0.000 secs] [Times: user=0.00 sys=0.00, real=0.00 secs] 
2017-11-09T20:22:48.513+0500: 333.056: [GC (CMS Final Remark) [YG occupancy: 156362 K (157248 K)]2017-11-09T20:22:48.513+0500: 333.056: [Rescan (parallel) , 0.0065103 secs]2017-11-09T20:22:48.519+0500: 333.063: [weak refs processing, 0.0000143 secs]2017-11-09T20:22:48.519+0500: 333.063: [class unloading, 0.0001826 secs]2017-11-09T20:22:48.519+0500: 333.063: [scrub symbol table, 0.0004012 secs]2017-11-09T20:22:48.520+0500: 333.063: [scrub string table, 0.0000902 secs][1 CMS-remark: 349567K(349568K)] 505930K(506816K), 0.0072915 secs] [Times: user=0.00 sys=0.00, real=0.01 secs] 
2017-11-09T20:22:48.520+0500: 333.064: [CMS-concurrent-sweep-start]
2017-11-09T20:22:48.537+0500: 333.081: [CMS-concurrent-sweep: 0.017/0.017 secs] [Times: user=0.01 sys=0.00, real=0.02 secs] 
2017-11-09T20:22:48.537+0500: 333.081: [CMS-concurrent-reset-start]
2017-11-09T20:22:48.538+0500: 333.081: [CMS-concurrent-reset: 0.000/0.000 secs] [Times: user=0.00 sys=0.00, real=0.00 secs] 
2017-11-09T20:22:48.802+0500: 333.346: [GC (Allocation Failure) 2017-11-09T20:22:48.802+0500: 333.346: [ParNew: 157246K->157246K(157248K), 0.0000358 secs]2017-11-09T20:22:48.802+0500: 333.346: [CMS: 349543K->349567K(349568K), 0.1629189 secs] 506790K->506318K(506816K), [Metaspace: 2636K->2636K(1056768K)], 0.1630729 secs] [Times: user=0.17 sys=0.00, real=0.16 secs] 
2017-11-09T20:22:48.965+0500: 333.509: [GC (CMS Initial Mark) [1 CMS-initial-mark: 349567K(349568K)] 506345K(506816K), 0.0068117 secs] [Times: user=0.00 sys=0.00, real=0.01 secs] 
2017-11-09T20:22:48.972+0500: 333.516: [CMS-concurrent-mark-start]
2017-11-09T20:22:48.997+0500: 333.541: [CMS-concurrent-mark: 0.025/0.025 secs] [Times: user=0.06 sys=0.00, real=0.03 secs] 
2017-11-09T20:22:48.997+0500: 333.541: [CMS-concurrent-preclean-start]
2017-11-09T20:22:49.018+0500: 333.562: [CMS-concurrent-preclean: 0.021/0.021 secs] [Times: user=0.01 sys=0.00, real=0.02 secs] 
2017-11-09T20:22:49.018+0500: 333.562: [CMS-concurrent-abortable-preclean-start]
2017-11-09T20:22:49.018+0500: 333.562: [CMS-concurrent-abortable-preclean: 0.000/0.000 secs] [Times: user=0.00 sys=0.00, real=0.00 secs] 
2017-11-09T20:22:49.019+0500: 333.562: [GC (CMS Final Remark) [YG occupancy: 156858 K (157248 K)]2017-11-09T20:22:49.019+0500: 333.562: [Rescan (parallel) , 0.0064005 secs]2017-11-09T20:22:49.025+0500: 333.569: [weak refs processing, 0.0000174 secs]2017-11-09T20:22:49.025+0500: 333.569: [class unloading, 0.0001975 secs]2017-11-09T20:22:49.025+0500: 333.569: [scrub symbol table, 0.0003468 secs]2017-11-09T20:22:49.026+0500: 333.569: [scrub string table, 0.0000880 secs][1 CMS-remark: 349567K(349568K)] 506426K(506816K), 0.0071566 secs] [Times: user=0.00 sys=0.00, real=0.01 secs] 
2017-11-09T20:22:49.026+0500: 333.569: [CMS-concurrent-sweep-start]
2017-11-09T20:22:49.043+0500: 333.587: [CMS-concurrent-sweep: 0.017/0.017 secs] [Times: user=0.02 sys=0.00, real=0.02 secs] 
2017-11-09T20:22:49.043+0500: 333.587: [CMS-concurrent-reset-start]
2017-11-09T20:22:49.043+0500: 333.587: [CMS-concurrent-reset: 0.000/0.000 secs] [Times: user=0.00 sys=0.00, real=0.00 secs] 
2017-11-09T20:22:49.307+0500: 333.851: [GC (Allocation Failure) 2017-11-09T20:22:49.308+0500: 333.851: [ParNew: 157246K->157246K(157248K), 0.0000367 secs]2017-11-09T20:22:49.308+0500: 333.852: [CMS: 349542K->349567K(349568K), 0.1628319 secs] 506789K->506318K(506816K), [Metaspace: 2636K->2636K(1056768K)], 0.1629982 secs] [Times: user=0.16 sys=0.00, real=0.16 secs] 
2017-11-09T20:22:49.471+0500: 334.015: [GC (CMS Initial Mark) [1 CMS-initial-mark: 349567K(349568K)] 506330K(506816K), 0.0064046 secs] [Times: user=0.00 sys=0.00, real=0.01 secs] 
2017-11-09T20:22:49.477+0500: 334.021: [CMS-concurrent-mark-start]
2017-11-09T20:22:49.478+0500: 334.021: [Full GC (Allocation Failure) 2017-11-09T20:22:49.478+0500: 334.021: [CMS2017-11-09T20:22:49.501+0500: 334.044: [CMS-concurrent-mark: 0.023/0.023 secs] [Times: user=0.03 sys=0.00, real=0.02 secs] 
 (concurrent mode failure): 349567K->349567K(349568K), 0.1005624 secs] 506814K->506814K(506816K), [Metaspace: 2636K->2636K(1056768K)], 0.1006221 secs] [Times: user=0.11 sys=0.00, real=0.10 secs] 
2017-11-09T20:22:49.578+0500: 334.122: [Full GC (Allocation Failure) 2017-11-09T20:22:49.578+0500: 334.122: [CMS: 349567K->349567K(349568K), 0.0772752 secs] 506814K->506814K(506816K), [Metaspace: 2636K->2636K(1056768K)], 0.0773253 secs] [Times: user=0.08 sys=0.00, real=0.08 secs] 
2017-11-09T20:22:49.657+0500: 334.200: [Full GC (Allocation Failure) 2017-11-09T20:22:49.657+0500: 334.200: [CMS: 349567K->285K(349568K), 0.0251017 secs] 506815K->285K(506816K), [Metaspace: 2654K->2654K(1056768K)], 0.0251533 secs] [Times: user=0.01 sys=0.00, real=0.02 secs] 
Heap
 par new generation   total 157248K, used 3700K [0x00000000e0000000, 0x00000000eaaa0000, 0x00000000eaaa0000)
  eden space 139776K,   2% used [0x00000000e0000000, 0x00000000e039d328, 0x00000000e8880000)
  from space 17472K,   0% used [0x00000000e8880000, 0x00000000e8880000, 0x00000000e9990000)
  to   space 17472K,   0% used [0x00000000e9990000, 0x00000000e9990000, 0x00000000eaaa0000)
 concurrent mark-sweep generation total 349568K, used 285K [0x00000000eaaa0000, 0x0000000100000000, 0x0000000100000000)
 Metaspace       used 2668K, capacity 4486K, committed 4864K, reserved 1056768K
  class space    used 288K, capacity 386K, committed 512K, reserved 1048576K
