Java HotSpot(TM) 64-Bit Server VM (25.151-b12) for windows-amd64 JRE (1.8.0_151-b12), built on Sep  5 2017 19:33:46 by "java_re" with MS VC++ 10.0 (VS2010)
Memory: 4k page, physical 8351508k(3460800k free), swap 10317588k(2831240k free)
CommandLine flags: -XX:InitialHeapSize=536870912 -XX:MaxHeapSize=536870912 -XX:+PrintGC -XX:+PrintGCDateStamps -XX:+PrintGCDetails -XX:+PrintGCTimeStamps -XX:+UseCompressedClassPointers -XX:+UseCompressedOops -XX:+UseG1GC -XX:-UseLargePagesIndividualAllocation 
2017-11-09T20:22:57.317+0500: 7.328: [GC pause (G1 Evacuation Pause) (young), 0.0083527 secs]
   [Parallel Time: 8.0 ms, GC Workers: 4]
      [GC Worker Start (ms): Min: 7327.9, Avg: 7327.9, Max: 7328.0, Diff: 0.1]
      [Ext Root Scanning (ms): Min: 0.2, Avg: 0.3, Max: 0.4, Diff: 0.1, Sum: 1.2]
      [Update RS (ms): Min: 0.0, Avg: 0.0, Max: 0.0, Diff: 0.0, Sum: 0.0]
         [Processed Buffers: Min: 0, Avg: 0.0, Max: 0, Diff: 0, Sum: 0]
      [Scan RS (ms): Min: 0.0, Avg: 0.0, Max: 0.0, Diff: 0.0, Sum: 0.0]
      [Code Root Scanning (ms): Min: 0.0, Avg: 0.0, Max: 0.0, Diff: 0.0, Sum: 0.0]
      [Object Copy (ms): Min: 7.4, Avg: 7.5, Max: 7.5, Diff: 0.1, Sum: 29.9]
      [Termination (ms): Min: 0.0, Avg: 0.0, Max: 0.0, Diff: 0.0, Sum: 0.0]
         [Termination Attempts: Min: 1, Avg: 1.0, Max: 1, Diff: 0, Sum: 4]
      [GC Worker Other (ms): Min: 0.1, Avg: 0.1, Max: 0.1, Diff: 0.0, Sum: 0.2]
      [GC Worker Total (ms): Min: 7.8, Avg: 7.8, Max: 7.9, Diff: 0.1, Sum: 31.3]
      [GC Worker End (ms): Min: 7335.8, Avg: 7335.8, Max: 7335.8, Diff: 0.0]
   [Code Root Fixup: 0.0 ms]
   [Code Root Purge: 0.0 ms]
   [Clear CT: 0.0 ms]
   [Other: 0.3 ms]
      [Choose CSet: 0.0 ms]
      [Ref Proc: 0.1 ms]
      [Ref Enq: 0.0 ms]
      [Redirty Cards: 0.1 ms]
      [Humongous Register: 0.0 ms]
      [Humongous Reclaim: 0.0 ms]
      [Free CSet: 0.0 ms]
   [Eden: 25.0M(25.0M)->0.0B(21.0M) Survivors: 0.0B->4096.0K Heap: 25.0M(512.0M)->12.7M(512.0M)]
 [Times: user=0.05 sys=0.02, real=0.01 secs] 
2017-11-09T20:23:03.977+0500: 13.988: [GC pause (G1 Evacuation Pause) (young), 0.0063822 secs]
   [Parallel Time: 6.1 ms, GC Workers: 4]
      [GC Worker Start (ms): Min: 13988.3, Avg: 13988.3, Max: 13988.3, Diff: 0.0]
      [Ext Root Scanning (ms): Min: 0.1, Avg: 0.1, Max: 0.1, Diff: 0.0, Sum: 0.5]
      [Update RS (ms): Min: 0.0, Avg: 0.0, Max: 0.0, Diff: 0.0, Sum: 0.0]
         [Processed Buffers: Min: 0, Avg: 0.0, Max: 0, Diff: 0, Sum: 0]
      [Scan RS (ms): Min: 0.0, Avg: 0.0, Max: 0.0, Diff: 0.0, Sum: 0.0]
      [Code Root Scanning (ms): Min: 0.0, Avg: 0.0, Max: 0.0, Diff: 0.0, Sum: 0.0]
      [Object Copy (ms): Min: 5.9, Avg: 5.9, Max: 5.9, Diff: 0.0, Sum: 23.5]
      [Termination (ms): Min: 0.0, Avg: 0.0, Max: 0.0, Diff: 0.0, Sum: 0.0]
         [Termination Attempts: Min: 4, Avg: 5.5, Max: 8, Diff: 4, Sum: 22]
      [GC Worker Other (ms): Min: 0.0, Avg: 0.0, Max: 0.0, Diff: 0.0, Sum: 0.1]
      [GC Worker Total (ms): Min: 6.0, Avg: 6.0, Max: 6.0, Diff: 0.0, Sum: 24.1]
      [GC Worker End (ms): Min: 13994.3, Avg: 13994.3, Max: 13994.3, Diff: 0.0]
   [Code Root Fixup: 0.0 ms]
   [Code Root Purge: 0.0 ms]
   [Clear CT: 0.0 ms]
   [Other: 0.2 ms]
      [Choose CSet: 0.0 ms]
      [Ref Proc: 0.0 ms]
      [Ref Enq: 0.0 ms]
      [Redirty Cards: 0.0 ms]
      [Humongous Register: 0.0 ms]
      [Humongous Reclaim: 0.0 ms]
      [Free CSet: 0.0 ms]
   [Eden: 21.0M(21.0M)->0.0B(21.0M) Survivors: 4096.0K->4096.0K Heap: 33.7M(512.0M)->27.2M(512.0M)]
 [Times: user=0.03 sys=0.03, real=0.01 secs] 
2017-11-09T20:23:10.346+0500: 20.358: [GC pause (G1 Evacuation Pause) (young), 0.0058112 secs]
   [Parallel Time: 5.6 ms, GC Workers: 4]
      [GC Worker Start (ms): Min: 20357.9, Avg: 20357.9, Max: 20357.9, Diff: 0.0]
      [Ext Root Scanning (ms): Min: 0.1, Avg: 0.1, Max: 0.1, Diff: 0.0, Sum: 0.4]
      [Update RS (ms): Min: 0.0, Avg: 0.3, Max: 1.0, Diff: 1.0, Sum: 1.1]
         [Processed Buffers: Min: 1, Avg: 1.0, Max: 1, Diff: 0, Sum: 4]
      [Scan RS (ms): Min: 0.0, Avg: 0.0, Max: 0.0, Diff: 0.0, Sum: 0.0]
      [Code Root Scanning (ms): Min: 0.0, Avg: 0.0, Max: 0.0, Diff: 0.0, Sum: 0.0]
      [Object Copy (ms): Min: 4.4, Avg: 5.1, Max: 5.3, Diff: 1.0, Sum: 20.3]
      [Termination (ms): Min: 0.0, Avg: 0.1, Max: 0.1, Diff: 0.1, Sum: 0.2]
         [Termination Attempts: Min: 3, Avg: 5.0, Max: 7, Diff: 4, Sum: 20]
      [GC Worker Other (ms): Min: 0.0, Avg: 0.0, Max: 0.0, Diff: 0.0, Sum: 0.0]
      [GC Worker Total (ms): Min: 5.5, Avg: 5.5, Max: 5.6, Diff: 0.0, Sum: 22.1]
      [GC Worker End (ms): Min: 20363.4, Avg: 20363.4, Max: 20363.4, Diff: 0.0]
   [Code Root Fixup: 0.0 ms]
   [Code Root Purge: 0.0 ms]
   [Clear CT: 0.0 ms]
   [Other: 0.2 ms]
      [Choose CSet: 0.0 ms]
      [Ref Proc: 0.1 ms]
      [Ref Enq: 0.0 ms]
      [Redirty Cards: 0.0 ms]
      [Humongous Register: 0.0 ms]
      [Humongous Reclaim: 0.0 ms]
      [Free CSet: 0.0 ms]
   [Eden: 21.0M(21.0M)->0.0B(21.0M) Survivors: 4096.0K->4096.0K Heap: 48.2M(512.0M)->44.2M(512.0M)]
 [Times: user=0.00 sys=0.00, real=0.01 secs] 
2017-11-09T20:23:17.049+0500: 27.060: [GC pause (G1 Evacuation Pause) (young), 0.0071339 secs]
   [Parallel Time: 6.7 ms, GC Workers: 4]
      [GC Worker Start (ms): Min: 27060.4, Avg: 27060.5, Max: 27060.5, Diff: 0.1]
      [Ext Root Scanning (ms): Min: 0.1, Avg: 0.2, Max: 0.3, Diff: 0.1, Sum: 0.8]
      [Update RS (ms): Min: 0.0, Avg: 0.0, Max: 0.0, Diff: 0.0, Sum: 0.0]
         [Processed Buffers: Min: 0, Avg: 0.5, Max: 1, Diff: 1, Sum: 2]
      [Scan RS (ms): Min: 0.0, Avg: 0.0, Max: 0.0, Diff: 0.0, Sum: 0.0]
      [Code Root Scanning (ms): Min: 0.0, Avg: 0.0, Max: 0.0, Diff: 0.0, Sum: 0.0]
      [Object Copy (ms): Min: 6.2, Avg: 6.3, Max: 6.4, Diff: 0.1, Sum: 25.1]
      [Termination (ms): Min: 0.0, Avg: 0.1, Max: 0.1, Diff: 0.1, Sum: 0.3]
         [Termination Attempts: Min: 2, Avg: 3.3, Max: 5, Diff: 3, Sum: 13]
      [GC Worker Other (ms): Min: 0.0, Avg: 0.0, Max: 0.0, Diff: 0.0, Sum: 0.1]
      [GC Worker Total (ms): Min: 6.5, Avg: 6.6, Max: 6.7, Diff: 0.1, Sum: 26.4]
      [GC Worker End (ms): Min: 27067.1, Avg: 27067.1, Max: 27067.1, Diff: 0.0]
   [Code Root Fixup: 0.0 ms]
   [Code Root Purge: 0.0 ms]
   [Clear CT: 0.0 ms]
   [Other: 0.4 ms]
      [Choose CSet: 0.0 ms]
      [Ref Proc: 0.1 ms]
      [Ref Enq: 0.0 ms]
      [Redirty Cards: 0.0 ms]
      [Humongous Register: 0.0 ms]
      [Humongous Reclaim: 0.0 ms]
      [Free CSet: 0.0 ms]
   [Eden: 21.0M(21.0M)->0.0B(31.0M) Survivors: 4096.0K->4096.0K Heap: 65.2M(512.0M)->62.5M(512.0M)]
 [Times: user=0.00 sys=0.00, real=0.01 secs] 
2017-11-09T20:23:26.531+0500: 36.542: [GC pause (G1 Evacuation Pause) (young), 0.0114752 secs]
   [Parallel Time: 11.1 ms, GC Workers: 4]
      [GC Worker Start (ms): Min: 36542.2, Avg: 36542.2, Max: 36542.3, Diff: 0.1]
      [Ext Root Scanning (ms): Min: 0.2, Avg: 0.2, Max: 0.3, Diff: 0.1, Sum: 0.8]
      [Update RS (ms): Min: 0.6, Avg: 0.6, Max: 0.8, Diff: 0.2, Sum: 2.6]
         [Processed Buffers: Min: 1, Avg: 1.5, Max: 2, Diff: 1, Sum: 6]
      [Scan RS (ms): Min: 0.0, Avg: 0.0, Max: 0.0, Diff: 0.0, Sum: 0.0]
      [Code Root Scanning (ms): Min: 0.0, Avg: 0.0, Max: 0.0, Diff: 0.0, Sum: 0.0]
      [Object Copy (ms): Min: 9.9, Avg: 10.0, Max: 10.1, Diff: 0.2, Sum: 40.1]
      [Termination (ms): Min: 0.0, Avg: 0.0, Max: 0.0, Diff: 0.0, Sum: 0.0]
         [Termination Attempts: Min: 4, Avg: 6.8, Max: 9, Diff: 5, Sum: 27]
      [GC Worker Other (ms): Min: 0.0, Avg: 0.0, Max: 0.0, Diff: 0.0, Sum: 0.1]
      [GC Worker Total (ms): Min: 10.9, Avg: 10.9, Max: 11.0, Diff: 0.1, Sum: 43.7]
      [GC Worker End (ms): Min: 36553.1, Avg: 36553.1, Max: 36553.1, Diff: 0.0]
   [Code Root Fixup: 0.0 ms]
   [Code Root Purge: 0.0 ms]
   [Clear CT: 0.0 ms]
   [Other: 0.4 ms]
      [Choose CSet: 0.0 ms]
      [Ref Proc: 0.1 ms]
      [Ref Enq: 0.0 ms]
      [Redirty Cards: 0.0 ms]
      [Humongous Register: 0.0 ms]
      [Humongous Reclaim: 0.0 ms]
      [Free CSet: 0.0 ms]
   [Eden: 31.0M(31.0M)->0.0B(36.0M) Survivors: 4096.0K->5120.0K Heap: 93.5M(512.0M)->92.0M(512.0M)]
 [Times: user=0.05 sys=0.01, real=0.01 secs] 
2017-11-09T20:23:37.933+0500: 47.945: [GC pause (G1 Evacuation Pause) (young), 0.0083614 secs]
   [Parallel Time: 8.1 ms, GC Workers: 4]
      [GC Worker Start (ms): Min: 47944.8, Avg: 47944.8, Max: 47944.8, Diff: 0.1]
      [Ext Root Scanning (ms): Min: 0.1, Avg: 0.1, Max: 0.1, Diff: 0.1, Sum: 0.5]
      [Update RS (ms): Min: 0.0, Avg: 0.1, Max: 0.2, Diff: 0.1, Sum: 0.4]
         [Processed Buffers: Min: 1, Avg: 1.3, Max: 2, Diff: 1, Sum: 5]
      [Scan RS (ms): Min: 0.0, Avg: 0.0, Max: 0.0, Diff: 0.0, Sum: 0.0]
      [Code Root Scanning (ms): Min: 0.0, Avg: 0.0, Max: 0.0, Diff: 0.0, Sum: 0.0]
      [Object Copy (ms): Min: 7.8, Avg: 7.8, Max: 7.9, Diff: 0.1, Sum: 31.3]
      [Termination (ms): Min: 0.0, Avg: 0.0, Max: 0.0, Diff: 0.0, Sum: 0.0]
         [Termination Attempts: Min: 19, Avg: 27.8, Max: 35, Diff: 16, Sum: 111]
      [GC Worker Other (ms): Min: 0.0, Avg: 0.0, Max: 0.0, Diff: 0.0, Sum: 0.1]
      [GC Worker Total (ms): Min: 8.0, Avg: 8.1, Max: 8.1, Diff: 0.1, Sum: 32.2]
      [GC Worker End (ms): Min: 47952.8, Avg: 47952.8, Max: 47952.9, Diff: 0.0]
   [Code Root Fixup: 0.0 ms]
   [Code Root Purge: 0.0 ms]
   [Clear CT: 0.0 ms]
   [Other: 0.2 ms]
      [Choose CSet: 0.0 ms]
      [Ref Proc: 0.1 ms]
      [Ref Enq: 0.0 ms]
      [Redirty Cards: 0.0 ms]
      [Humongous Register: 0.0 ms]
      [Humongous Reclaim: 0.0 ms]
      [Free CSet: 0.0 ms]
   [Eden: 36.0M(36.0M)->0.0B(44.0M) Survivors: 5120.0K->6144.0K Heap: 128.0M(512.0M)->124.5M(512.0M)]
 [Times: user=0.00 sys=0.00, real=0.01 secs] 
2017-11-09T20:23:52.204+0500: 62.216: [GC pause (G1 Evacuation Pause) (young), 0.0144920 secs]
   [Parallel Time: 14.1 ms, GC Workers: 4]
      [GC Worker Start (ms): Min: 62215.8, Avg: 62215.9, Max: 62216.0, Diff: 0.2]
      [Ext Root Scanning (ms): Min: 0.1, Avg: 0.2, Max: 0.2, Diff: 0.2, Sum: 0.7]
      [Update RS (ms): Min: 0.0, Avg: 0.1, Max: 0.1, Diff: 0.1, Sum: 0.2]
         [Processed Buffers: Min: 1, Avg: 1.3, Max: 2, Diff: 1, Sum: 5]
      [Scan RS (ms): Min: 0.0, Avg: 0.0, Max: 0.0, Diff: 0.0, Sum: 0.0]
      [Code Root Scanning (ms): Min: 0.0, Avg: 0.0, Max: 0.0, Diff: 0.0, Sum: 0.0]
      [Object Copy (ms): Min: 13.5, Avg: 13.5, Max: 13.7, Diff: 0.3, Sum: 54.2]
      [Termination (ms): Min: 0.0, Avg: 0.2, Max: 0.3, Diff: 0.3, Sum: 0.7]
         [Termination Attempts: Min: 6, Avg: 7.3, Max: 9, Diff: 3, Sum: 29]
      [GC Worker Other (ms): Min: 0.0, Avg: 0.0, Max: 0.0, Diff: 0.0, Sum: 0.1]
      [GC Worker Total (ms): Min: 13.9, Avg: 14.0, Max: 14.1, Diff: 0.2, Sum: 56.0]
      [GC Worker End (ms): Min: 62229.9, Avg: 62229.9, Max: 62229.9, Diff: 0.0]
   [Code Root Fixup: 0.0 ms]
   [Code Root Purge: 0.0 ms]
   [Clear CT: 0.1 ms]
   [Other: 0.3 ms]
      [Choose CSet: 0.0 ms]
      [Ref Proc: 0.1 ms]
      [Ref Enq: 0.0 ms]
      [Redirty Cards: 0.0 ms]
      [Humongous Register: 0.0 ms]
      [Humongous Reclaim: 0.0 ms]
      [Free CSet: 0.0 ms]
   [Eden: 44.0M(44.0M)->0.0B(54.0M) Survivors: 6144.0K->7168.0K Heap: 168.5M(512.0M)->163.0M(512.0M)]
 [Times: user=0.05 sys=0.02, real=0.02 secs] 
2017-11-09T20:24:09.209+0500: 79.220: [GC pause (G1 Evacuation Pause) (young), 0.0220382 secs]
   [Parallel Time: 21.4 ms, GC Workers: 4]
      [GC Worker Start (ms): Min: 79220.3, Avg: 79220.4, Max: 79220.4, Diff: 0.1]
      [Ext Root Scanning (ms): Min: 0.3, Avg: 0.3, Max: 0.3, Diff: 0.1, Sum: 1.1]
      [Update RS (ms): Min: 1.7, Avg: 2.4, Max: 3.6, Diff: 1.9, Sum: 9.7]
         [Processed Buffers: Min: 2, Avg: 2.0, Max: 2, Diff: 0, Sum: 8]
      [Scan RS (ms): Min: 0.0, Avg: 0.1, Max: 0.2, Diff: 0.2, Sum: 0.3]
      [Code Root Scanning (ms): Min: 0.0, Avg: 0.0, Max: 0.0, Diff: 0.0, Sum: 0.0]
      [Object Copy (ms): Min: 17.4, Avg: 18.5, Max: 19.2, Diff: 1.8, Sum: 74.1]
      [Termination (ms): Min: 0.0, Avg: 0.0, Max: 0.0, Diff: 0.0, Sum: 0.0]
         [Termination Attempts: Min: 1, Avg: 2.3, Max: 4, Diff: 3, Sum: 9]
      [GC Worker Other (ms): Min: 0.0, Avg: 0.0, Max: 0.0, Diff: 0.0, Sum: 0.1]
      [GC Worker Total (ms): Min: 21.3, Avg: 21.3, Max: 21.3, Diff: 0.1, Sum: 85.3]
      [GC Worker End (ms): Min: 79241.7, Avg: 79241.7, Max: 79241.7, Diff: 0.0]
   [Code Root Fixup: 0.0 ms]
   [Code Root Purge: 0.0 ms]
   [Clear CT: 0.1 ms]
   [Other: 0.6 ms]
      [Choose CSet: 0.0 ms]
      [Ref Proc: 0.3 ms]
      [Ref Enq: 0.0 ms]
      [Redirty Cards: 0.0 ms]
      [Humongous Register: 0.0 ms]
      [Humongous Reclaim: 0.0 ms]
      [Free CSet: 0.1 ms]
   [Eden: 53.0M(53.0M)->0.0B(66.0M) Survivors: 7168.0K->8192.0K Heap: 216.6M(512.0M)->213.1M(512.0M)]
 [Times: user=0.00 sys=0.13, real=0.02 secs] 
2017-11-09T20:24:29.874+0500: 99.885: [GC pause (G1 Evacuation Pause) (young), 0.0241935 secs]
   [Parallel Time: 23.7 ms, GC Workers: 4]
      [GC Worker Start (ms): Min: 99885.2, Avg: 99885.3, Max: 99885.3, Diff: 0.1]
      [Ext Root Scanning (ms): Min: 0.2, Avg: 0.2, Max: 0.3, Diff: 0.1, Sum: 0.8]
      [Update RS (ms): Min: 1.8, Avg: 2.8, Max: 3.7, Diff: 1.9, Sum: 11.0]
         [Processed Buffers: Min: 1, Avg: 2.0, Max: 3, Diff: 2, Sum: 8]
      [Scan RS (ms): Min: 0.0, Avg: 0.2, Max: 0.6, Diff: 0.6, Sum: 0.8]
      [Code Root Scanning (ms): Min: 0.0, Avg: 0.0, Max: 0.0, Diff: 0.0, Sum: 0.0]
      [Object Copy (ms): Min: 19.7, Avg: 20.4, Max: 21.0, Diff: 1.3, Sum: 81.6]
      [Termination (ms): Min: 0.0, Avg: 0.0, Max: 0.0, Diff: 0.0, Sum: 0.0]
         [Termination Attempts: Min: 1, Avg: 1.8, Max: 3, Diff: 2, Sum: 7]
      [GC Worker Other (ms): Min: 0.0, Avg: 0.0, Max: 0.0, Diff: 0.0, Sum: 0.1]
      [GC Worker Total (ms): Min: 23.6, Avg: 23.6, Max: 23.7, Diff: 0.1, Sum: 94.4]
      [GC Worker End (ms): Min: 99908.9, Avg: 99908.9, Max: 99908.9, Diff: 0.0]
   [Code Root Fixup: 0.0 ms]
   [Code Root Purge: 0.0 ms]
   [Clear CT: 0.1 ms]
   [Other: 0.4 ms]
      [Choose CSet: 0.0 ms]
      [Ref Proc: 0.1 ms]
      [Ref Enq: 0.0 ms]
      [Redirty Cards: 0.0 ms]
      [Humongous Register: 0.0 ms]
      [Humongous Reclaim: 0.0 ms]
      [Free CSet: 0.1 ms]
   [Eden: 63.0M(63.0M)->0.0B(80.0M) Survivors: 8192.0K->9216.0K Heap: 277.0M(512.0M)->271.5M(512.0M)]
 [Times: user=0.00 sys=0.06, real=0.02 secs] 
2017-11-09T20:24:56.628+0500: 126.639: [GC pause (G1 Evacuation Pause) (young) (initial-mark), 0.0204285 secs]
   [Parallel Time: 20.2 ms, GC Workers: 4]
      [GC Worker Start (ms): Min: 126639.1, Avg: 126639.1, Max: 126639.1, Diff: 0.0]
      [Ext Root Scanning (ms): Min: 0.1, Avg: 0.1, Max: 0.1, Diff: 0.0, Sum: 0.5]
      [Update RS (ms): Min: 0.9, Avg: 1.7, Max: 2.7, Diff: 1.8, Sum: 6.9]
         [Processed Buffers: Min: 2, Avg: 2.8, Max: 3, Diff: 1, Sum: 11]
      [Scan RS (ms): Min: 0.0, Avg: 0.0, Max: 0.1, Diff: 0.1, Sum: 0.2]
      [Code Root Scanning (ms): Min: 0.0, Avg: 0.0, Max: 0.0, Diff: 0.0, Sum: 0.0]
      [Object Copy (ms): Min: 17.3, Avg: 18.2, Max: 19.0, Diff: 1.7, Sum: 72.9]
      [Termination (ms): Min: 0.0, Avg: 0.0, Max: 0.0, Diff: 0.0, Sum: 0.0]
         [Termination Attempts: Min: 1, Avg: 1.0, Max: 1, Diff: 0, Sum: 4]
      [GC Worker Other (ms): Min: 0.0, Avg: 0.0, Max: 0.0, Diff: 0.0, Sum: 0.0]
      [GC Worker Total (ms): Min: 20.1, Avg: 20.1, Max: 20.2, Diff: 0.0, Sum: 80.6]
      [GC Worker End (ms): Min: 126659.2, Avg: 126659.2, Max: 126659.2, Diff: 0.0]
   [Code Root Fixup: 0.0 ms]
   [Code Root Purge: 0.0 ms]
   [Clear CT: 0.0 ms]
   [Other: 0.2 ms]
      [Choose CSet: 0.0 ms]
      [Ref Proc: 0.0 ms]
      [Ref Enq: 0.0 ms]
      [Redirty Cards: 0.0 ms]
      [Humongous Register: 0.0 ms]
      [Humongous Reclaim: 0.0 ms]
      [Free CSet: 0.0 ms]
   [Eden: 80.0M(80.0M)->0.0B(58.0M) Survivors: 9216.0K->12.0M Heap: 351.5M(512.0M)->344.5M(512.0M)]
 [Times: user=0.05 sys=0.02, real=0.02 secs] 
2017-11-09T20:24:56.648+0500: 126.660: [GC concurrent-root-region-scan-start]
2017-11-09T20:24:56.649+0500: 126.660: [GC concurrent-root-region-scan-end, 0.0006572 secs]
2017-11-09T20:24:56.649+0500: 126.660: [GC concurrent-mark-start]
2017-11-09T20:24:56.687+0500: 126.698: [GC concurrent-mark-end, 0.0378417 secs]
2017-11-09T20:24:56.689+0500: 126.700: [GC remark 2017-11-09T20:24:56.689+0500: 126.700: [Finalize Marking, 0.0001530 secs] 2017-11-09T20:24:56.689+0500: 126.700: [GC ref-proc, 0.0000401 secs] 2017-11-09T20:24:56.689+0500: 126.700: [Unloading, 0.0004939 secs], 0.0017606 secs]
 [Times: user=0.00 sys=0.00, real=0.00 secs] 
2017-11-09T20:24:56.691+0500: 126.702: [GC cleanup 345M->344M(512M), 0.0005813 secs]
 [Times: user=0.00 sys=0.00, real=0.00 secs] 
2017-11-09T20:24:56.691+0500: 126.703: [GC concurrent-cleanup-start]
2017-11-09T20:24:56.691+0500: 126.703: [GC concurrent-cleanup-end, 0.0000106 secs]
2017-11-09T20:25:16.368+0500: 146.379: [GC pause (G1 Evacuation Pause) (young), 0.0197405 secs]
   [Parallel Time: 19.5 ms, GC Workers: 4]
      [GC Worker Start (ms): Min: 146379.0, Avg: 146379.1, Max: 146379.1, Diff: 0.0]
      [Ext Root Scanning (ms): Min: 0.2, Avg: 0.2, Max: 0.2, Diff: 0.0, Sum: 0.8]
      [Update RS (ms): Min: 2.2, Avg: 2.9, Max: 3.7, Diff: 1.4, Sum: 11.6]
         [Processed Buffers: Min: 2, Avg: 2.5, Max: 3, Diff: 1, Sum: 10]
      [Scan RS (ms): Min: 0.0, Avg: 0.0, Max: 0.0, Diff: 0.0, Sum: 0.1]
      [Code Root Scanning (ms): Min: 0.0, Avg: 0.0, Max: 0.0, Diff: 0.0, Sum: 0.0]
      [Object Copy (ms): Min: 15.5, Avg: 16.3, Max: 16.9, Diff: 1.4, Sum: 65.2]
      [Termination (ms): Min: 0.0, Avg: 0.0, Max: 0.0, Diff: 0.0, Sum: 0.0]
         [Termination Attempts: Min: 1, Avg: 1.0, Max: 1, Diff: 0, Sum: 4]
      [GC Worker Other (ms): Min: 0.0, Avg: 0.0, Max: 0.0, Diff: 0.0, Sum: 0.1]
      [GC Worker Total (ms): Min: 19.4, Avg: 19.4, Max: 19.4, Diff: 0.0, Sum: 77.7]
      [GC Worker End (ms): Min: 146398.5, Avg: 146398.5, Max: 146398.5, Diff: 0.0]
   [Code Root Fixup: 0.0 ms]
   [Code Root Purge: 0.0 ms]
   [Clear CT: 0.0 ms]
   [Other: 0.2 ms]
      [Choose CSet: 0.0 ms]
      [Ref Proc: 0.1 ms]
      [Ref Enq: 0.0 ms]
      [Redirty Cards: 0.0 ms]
      [Humongous Register: 0.0 ms]
      [Humongous Reclaim: 0.0 ms]
      [Free CSet: 0.0 ms]
   [Eden: 58.0M(58.0M)->0.0B(16.0M) Survivors: 12.0M->9216.0K Heap: 401.9M(512.0M)->397.9M(512.0M)]
 [Times: user=0.06 sys=0.06, real=0.02 secs] 
2017-11-09T20:25:21.641+0500: 151.652: [GC pause (G1 Evacuation Pause) (mixed), 0.0133994 secs]
   [Parallel Time: 13.0 ms, GC Workers: 4]
      [GC Worker Start (ms): Min: 151652.1, Avg: 151652.1, Max: 151652.1, Diff: 0.0]
      [Ext Root Scanning (ms): Min: 0.2, Avg: 0.2, Max: 0.2, Diff: 0.0, Sum: 0.8]
      [Update RS (ms): Min: 3.2, Avg: 3.7, Max: 4.3, Diff: 1.1, Sum: 14.9]
         [Processed Buffers: Min: 2, Avg: 2.8, Max: 3, Diff: 1, Sum: 11]
      [Scan RS (ms): Min: 0.0, Avg: 0.2, Max: 0.5, Diff: 0.5, Sum: 0.7]
      [Code Root Scanning (ms): Min: 0.0, Avg: 0.0, Max: 0.0, Diff: 0.0, Sum: 0.0]
      [Object Copy (ms): Min: 8.4, Avg: 8.8, Max: 8.9, Diff: 0.6, Sum: 35.2]
      [Termination (ms): Min: 0.0, Avg: 0.0, Max: 0.0, Diff: 0.0, Sum: 0.0]
         [Termination Attempts: Min: 1, Avg: 1.0, Max: 1, Diff: 0, Sum: 4]
      [GC Worker Other (ms): Min: 0.0, Avg: 0.0, Max: 0.0, Diff: 0.0, Sum: 0.1]
      [GC Worker Total (ms): Min: 12.9, Avg: 12.9, Max: 12.9, Diff: 0.0, Sum: 51.6]
      [GC Worker End (ms): Min: 151665.0, Avg: 151665.0, Max: 151665.0, Diff: 0.0]
   [Code Root Fixup: 0.0 ms]
   [Code Root Purge: 0.0 ms]
   [Clear CT: 0.0 ms]
   [Other: 0.4 ms]
      [Choose CSet: 0.0 ms]
      [Ref Proc: 0.1 ms]
      [Ref Enq: 0.0 ms]
      [Redirty Cards: 0.0 ms]
      [Humongous Register: 0.0 ms]
      [Humongous Reclaim: 0.0 ms]
      [Free CSet: 0.1 ms]
   [Eden: 16.0M(16.0M)->0.0B(21.0M) Survivors: 9216.0K->4096.0K Heap: 415.3M(512.0M)->369.8M(512.0M)]
 [Times: user=0.00 sys=0.06, real=0.01 secs] 
2017-11-09T20:25:28.900+0500: 158.912: [GC pause (G1 Evacuation Pause) (mixed), 0.0129164 secs]
   [Parallel Time: 12.4 ms, GC Workers: 4]
      [GC Worker Start (ms): Min: 158911.9, Avg: 158912.0, Max: 158912.0, Diff: 0.1]
      [Ext Root Scanning (ms): Min: 0.2, Avg: 0.2, Max: 0.3, Diff: 0.1, Sum: 0.9]
      [Update RS (ms): Min: 3.0, Avg: 4.0, Max: 5.0, Diff: 2.0, Sum: 16.1]
         [Processed Buffers: Min: 2, Avg: 3.0, Max: 4, Diff: 2, Sum: 12]
      [Scan RS (ms): Min: 0.0, Avg: 0.2, Max: 0.8, Diff: 0.8, Sum: 0.9]
      [Code Root Scanning (ms): Min: 0.0, Avg: 0.0, Max: 0.1, Diff: 0.1, Sum: 0.1]
      [Object Copy (ms): Min: 7.0, Avg: 7.8, Max: 8.1, Diff: 1.1, Sum: 31.2]
      [Termination (ms): Min: 0.0, Avg: 0.0, Max: 0.0, Diff: 0.0, Sum: 0.0]
         [Termination Attempts: Min: 1, Avg: 3.5, Max: 7, Diff: 6, Sum: 14]
      [GC Worker Other (ms): Min: 0.0, Avg: 0.0, Max: 0.0, Diff: 0.0, Sum: 0.1]
      [GC Worker Total (ms): Min: 12.3, Avg: 12.3, Max: 12.3, Diff: 0.1, Sum: 49.2]
      [GC Worker End (ms): Min: 158924.3, Avg: 158924.3, Max: 158924.3, Diff: 0.0]
   [Code Root Fixup: 0.0 ms]
   [Code Root Purge: 0.0 ms]
   [Clear CT: 0.1 ms]
   [Other: 0.4 ms]
      [Choose CSet: 0.0 ms]
      [Ref Proc: 0.1 ms]
      [Ref Enq: 0.0 ms]
      [Redirty Cards: 0.0 ms]
      [Humongous Register: 0.0 ms]
      [Humongous Reclaim: 0.0 ms]
      [Free CSet: 0.1 ms]
   [Eden: 21.0M(21.0M)->0.0B(21.0M) Survivors: 4096.0K->4096.0K Heap: 390.8M(512.0M)->352.3M(512.0M)]
 [Times: user=0.06 sys=0.00, real=0.01 secs] 
2017-11-09T20:25:35.811+0500: 165.822: [GC pause (G1 Evacuation Pause) (mixed), 0.0117800 secs]
   [Parallel Time: 11.5 ms, GC Workers: 4]
      [GC Worker Start (ms): Min: 165822.2, Avg: 165822.2, Max: 165822.2, Diff: 0.0]
      [Ext Root Scanning (ms): Min: 0.1, Avg: 0.1, Max: 0.1, Diff: 0.0, Sum: 0.5]
      [Update RS (ms): Min: 2.2, Avg: 2.5, Max: 3.1, Diff: 0.9, Sum: 9.8]
         [Processed Buffers: Min: 3, Avg: 3.3, Max: 4, Diff: 1, Sum: 13]
      [Scan RS (ms): Min: 0.0, Avg: 0.2, Max: 0.3, Diff: 0.3, Sum: 0.8]
      [Code Root Scanning (ms): Min: 0.0, Avg: 0.0, Max: 0.0, Diff: 0.0, Sum: 0.0]
      [Object Copy (ms): Min: 8.2, Avg: 8.6, Max: 8.8, Diff: 0.6, Sum: 34.5]
      [Termination (ms): Min: 0.0, Avg: 0.0, Max: 0.0, Diff: 0.0, Sum: 0.0]
         [Termination Attempts: Min: 1, Avg: 1.0, Max: 1, Diff: 0, Sum: 4]
      [GC Worker Other (ms): Min: 0.0, Avg: 0.0, Max: 0.0, Diff: 0.0, Sum: 0.0]
      [GC Worker Total (ms): Min: 11.4, Avg: 11.4, Max: 11.4, Diff: 0.0, Sum: 45.7]
      [GC Worker End (ms): Min: 165833.6, Avg: 165833.6, Max: 165833.6, Diff: 0.0]
   [Code Root Fixup: 0.0 ms]
   [Code Root Purge: 0.0 ms]
   [Clear CT: 0.0 ms]
   [Other: 0.3 ms]
      [Choose CSet: 0.0 ms]
      [Ref Proc: 0.0 ms]
      [Ref Enq: 0.0 ms]
      [Redirty Cards: 0.0 ms]
      [Humongous Register: 0.0 ms]
      [Humongous Reclaim: 0.0 ms]
      [Free CSet: 0.1 ms]
   [Eden: 21.0M(21.0M)->0.0B(21.0M) Survivors: 4096.0K->4096.0K Heap: 373.3M(512.0M)->341.8M(512.0M)]
 [Times: user=0.00 sys=0.02, real=0.01 secs] 
2017-11-09T20:25:43.132+0500: 173.143: [GC pause (G1 Evacuation Pause) (mixed), 0.0089150 secs]
   [Parallel Time: 8.6 ms, GC Workers: 4]
      [GC Worker Start (ms): Min: 173143.5, Avg: 173143.5, Max: 173143.5, Diff: 0.0]
      [Ext Root Scanning (ms): Min: 0.1, Avg: 0.1, Max: 0.1, Diff: 0.0, Sum: 0.5]
      [Update RS (ms): Min: 1.5, Avg: 2.0, Max: 2.3, Diff: 0.8, Sum: 8.0]
         [Processed Buffers: Min: 3, Avg: 3.0, Max: 3, Diff: 0, Sum: 12]
      [Scan RS (ms): Min: 0.0, Avg: 0.1, Max: 0.5, Diff: 0.5, Sum: 0.6]
      [Code Root Scanning (ms): Min: 0.0, Avg: 0.0, Max: 0.0, Diff: 0.0, Sum: 0.0]
      [Object Copy (ms): Min: 6.2, Avg: 6.3, Max: 6.4, Diff: 0.3, Sum: 25.2]
      [Termination (ms): Min: 0.0, Avg: 0.0, Max: 0.0, Diff: 0.0, Sum: 0.0]
         [Termination Attempts: Min: 1, Avg: 1.0, Max: 1, Diff: 0, Sum: 4]
      [GC Worker Other (ms): Min: 0.0, Avg: 0.0, Max: 0.0, Diff: 0.0, Sum: 0.0]
      [GC Worker Total (ms): Min: 8.6, Avg: 8.6, Max: 8.6, Diff: 0.0, Sum: 34.3]
      [GC Worker End (ms): Min: 173152.1, Avg: 173152.1, Max: 173152.1, Diff: 0.0]
   [Code Root Fixup: 0.0 ms]
   [Code Root Purge: 0.0 ms]
   [Clear CT: 0.0 ms]
   [Other: 0.2 ms]
      [Choose CSet: 0.0 ms]
      [Ref Proc: 0.0 ms]
      [Ref Enq: 0.0 ms]
      [Redirty Cards: 0.0 ms]
      [Humongous Register: 0.0 ms]
      [Humongous Reclaim: 0.0 ms]
      [Free CSet: 0.1 ms]
   [Eden: 21.0M(21.0M)->0.0B(54.0M) Survivors: 4096.0K->4096.0K Heap: 362.8M(512.0M)->352.3M(512.0M)]
 [Times: user=0.05 sys=0.00, real=0.01 secs] 
2017-11-09T20:26:01.814+0500: 191.825: [GC pause (G1 Evacuation Pause) (young), 0.0149846 secs]
   [Parallel Time: 14.6 ms, GC Workers: 4]
      [GC Worker Start (ms): Min: 191825.0, Avg: 191825.1, Max: 191825.3, Diff: 0.3]
      [Ext Root Scanning (ms): Min: 0.0, Avg: 0.2, Max: 0.2, Diff: 0.2, Sum: 0.7]
      [Update RS (ms): Min: 3.0, Avg: 3.6, Max: 4.7, Diff: 1.7, Sum: 14.4]
         [Processed Buffers: Min: 3, Avg: 3.3, Max: 4, Diff: 1, Sum: 13]
      [Scan RS (ms): Min: 0.0, Avg: 0.0, Max: 0.0, Diff: 0.0, Sum: 0.0]
      [Code Root Scanning (ms): Min: 0.0, Avg: 0.0, Max: 0.0, Diff: 0.0, Sum: 0.0]
      [Object Copy (ms): Min: 9.6, Avg: 10.7, Max: 11.3, Diff: 1.7, Sum: 42.7]
      [Termination (ms): Min: 0.0, Avg: 0.0, Max: 0.0, Diff: 0.0, Sum: 0.0]
         [Termination Attempts: Min: 1, Avg: 6.0, Max: 10, Diff: 9, Sum: 24]
      [GC Worker Other (ms): Min: 0.0, Avg: 0.0, Max: 0.0, Diff: 0.0, Sum: 0.1]
      [GC Worker Total (ms): Min: 14.3, Avg: 14.5, Max: 14.6, Diff: 0.3, Sum: 58.0]
      [GC Worker End (ms): Min: 191839.6, Avg: 191839.6, Max: 191839.6, Diff: 0.0]
   [Code Root Fixup: 0.0 ms]
   [Code Root Purge: 0.0 ms]
   [Clear CT: 0.1 ms]
   [Other: 0.3 ms]
      [Choose CSet: 0.0 ms]
      [Ref Proc: 0.1 ms]
      [Ref Enq: 0.0 ms]
      [Redirty Cards: 0.0 ms]
      [Humongous Register: 0.0 ms]
      [Humongous Reclaim: 0.0 ms]
      [Free CSet: 0.0 ms]
   [Eden: 54.0M(54.0M)->0.0B(27.0M) Survivors: 4096.0K->8192.0K Heap: 406.3M(512.0M)->404.8M(512.0M)]
 [Times: user=0.06 sys=0.00, real=0.02 secs] 
2017-11-09T20:26:11.237+0500: 201.248: [GC pause (G1 Evacuation Pause) (young) (initial-mark), 0.0082302 secs]
   [Parallel Time: 8.0 ms, GC Workers: 4]
      [GC Worker Start (ms): Min: 201248.2, Avg: 201248.2, Max: 201248.2, Diff: 0.0]
      [Ext Root Scanning (ms): Min: 0.1, Avg: 0.1, Max: 0.1, Diff: 0.0, Sum: 0.4]
      [Update RS (ms): Min: 1.6, Avg: 2.0, Max: 2.5, Diff: 0.9, Sum: 8.1]
         [Processed Buffers: Min: 2, Avg: 3.3, Max: 4, Diff: 2, Sum: 13]
      [Scan RS (ms): Min: 0.0, Avg: 0.0, Max: 0.0, Diff: 0.0, Sum: 0.0]
      [Code Root Scanning (ms): Min: 0.0, Avg: 0.0, Max: 0.0, Diff: 0.0, Sum: 0.0]
      [Object Copy (ms): Min: 5.3, Avg: 5.8, Max: 6.2, Diff: 0.9, Sum: 23.3]
      [Termination (ms): Min: 0.0, Avg: 0.0, Max: 0.0, Diff: 0.0, Sum: 0.0]
         [Termination Attempts: Min: 1, Avg: 1.8, Max: 4, Diff: 3, Sum: 7]
      [GC Worker Other (ms): Min: 0.0, Avg: 0.0, Max: 0.0, Diff: 0.0, Sum: 0.0]
      [GC Worker Total (ms): Min: 8.0, Avg: 8.0, Max: 8.0, Diff: 0.0, Sum: 31.9]
      [GC Worker End (ms): Min: 201256.2, Avg: 201256.2, Max: 201256.2, Diff: 0.0]
   [Code Root Fixup: 0.0 ms]
   [Code Root Purge: 0.0 ms]
   [Clear CT: 0.0 ms]
   [Other: 0.2 ms]
      [Choose CSet: 0.0 ms]
      [Ref Proc: 0.1 ms]
      [Ref Enq: 0.0 ms]
      [Redirty Cards: 0.0 ms]
      [Humongous Register: 0.0 ms]
      [Humongous Reclaim: 0.0 ms]
      [Free CSet: 0.0 ms]
   [Eden: 27.0M(27.0M)->0.0B(20.0M) Survivors: 8192.0K->5120.0K Heap: 431.8M(512.0M)->432.3M(512.0M)]
 [Times: user=0.06 sys=0.00, real=0.01 secs] 
2017-11-09T20:26:11.245+0500: 201.257: [GC concurrent-root-region-scan-start]
2017-11-09T20:26:11.245+0500: 201.257: [GC concurrent-root-region-scan-end, 0.0003353 secs]
2017-11-09T20:26:11.245+0500: 201.257: [GC concurrent-mark-start]
2017-11-09T20:26:11.308+0500: 201.319: [GC concurrent-mark-end, 0.0622697 secs]
2017-11-09T20:26:11.311+0500: 201.322: [GC remark 2017-11-09T20:26:11.311+0500: 201.322: [Finalize Marking, 0.0001113 secs] 2017-11-09T20:26:11.311+0500: 201.322: [GC ref-proc, 0.0000442 secs] 2017-11-09T20:26:11.311+0500: 201.322: [Unloading, 0.0004460 secs], 0.0019121 secs]
 [Times: user=0.00 sys=0.00, real=0.00 secs] 
2017-11-09T20:26:11.313+0500: 201.324: [GC cleanup 433M->432M(512M), 0.0007271 secs]
 [Times: user=0.00 sys=0.00, real=0.00 secs] 
2017-11-09T20:26:11.314+0500: 201.325: [GC concurrent-cleanup-start]
2017-11-09T20:26:11.314+0500: 201.325: [GC concurrent-cleanup-end, 0.0000168 secs]
2017-11-09T20:26:17.999+0500: 208.010: [GC pause (G1 Evacuation Pause) (young), 0.0062612 secs]
   [Parallel Time: 6.1 ms, GC Workers: 4]
      [GC Worker Start (ms): Min: 208010.6, Avg: 208010.6, Max: 208010.7, Diff: 0.1]
      [Ext Root Scanning (ms): Min: 0.1, Avg: 0.1, Max: 0.2, Diff: 0.1, Sum: 0.5]
      [Update RS (ms): Min: 1.4, Avg: 1.8, Max: 2.8, Diff: 1.4, Sum: 7.2]
         [Processed Buffers: Min: 3, Avg: 3.5, Max: 4, Diff: 1, Sum: 14]
      [Scan RS (ms): Min: 0.0, Avg: 0.0, Max: 0.0, Diff: 0.0, Sum: 0.0]
      [Code Root Scanning (ms): Min: 0.0, Avg: 0.0, Max: 0.0, Diff: 0.0, Sum: 0.0]
      [Object Copy (ms): Min: 3.0, Avg: 4.0, Max: 4.4, Diff: 1.4, Sum: 16.2]
      [Termination (ms): Min: 0.0, Avg: 0.0, Max: 0.0, Diff: 0.0, Sum: 0.1]
         [Termination Attempts: Min: 1, Avg: 2.5, Max: 5, Diff: 4, Sum: 10]
      [GC Worker Other (ms): Min: 0.0, Avg: 0.0, Max: 0.0, Diff: 0.0, Sum: 0.0]
      [GC Worker Total (ms): Min: 5.9, Avg: 6.0, Max: 6.0, Diff: 0.1, Sum: 23.9]
      [GC Worker End (ms): Min: 208016.6, Avg: 208016.6, Max: 208016.6, Diff: 0.0]
   [Code Root Fixup: 0.0 ms]
   [Code Root Purge: 0.0 ms]
   [Clear CT: 0.0 ms]
   [Other: 0.1 ms]
      [Choose CSet: 0.0 ms]
      [Ref Proc: 0.0 ms]
      [Ref Enq: 0.0 ms]
      [Redirty Cards: 0.0 ms]
      [Humongous Register: 0.0 ms]
      [Humongous Reclaim: 0.0 ms]
      [Free CSet: 0.0 ms]
   [Eden: 20.0M(20.0M)->0.0B(21.0M) Survivors: 5120.0K->4096.0K Heap: 451.4M(512.0M)->451.9M(512.0M)]
 [Times: user=0.00 sys=0.00, real=0.01 secs] 
2017-11-09T20:26:25.395+0500: 215.406: [GC pause (G1 Evacuation Pause) (mixed) (to-space exhausted), 0.0189807 secs]
   [Parallel Time: 18.5 ms, GC Workers: 4]
      [GC Worker Start (ms): Min: 215406.6, Avg: 215406.6, Max: 215406.6, Diff: 0.0]
      [Ext Root Scanning (ms): Min: 0.2, Avg: 0.2, Max: 0.2, Diff: 0.0, Sum: 0.8]
      [Update RS (ms): Min: 3.8, Avg: 4.1, Max: 4.4, Diff: 0.6, Sum: 16.3]
         [Processed Buffers: Min: 3, Avg: 3.8, Max: 4, Diff: 1, Sum: 15]
      [Scan RS (ms): Min: 0.1, Avg: 0.4, Max: 0.7, Diff: 0.6, Sum: 1.7]
      [Code Root Scanning (ms): Min: 0.0, Avg: 0.0, Max: 0.0, Diff: 0.0, Sum: 0.0]
      [Object Copy (ms): Min: 13.7, Avg: 13.7, Max: 13.7, Diff: 0.0, Sum: 54.8]
      [Termination (ms): Min: 0.0, Avg: 0.0, Max: 0.0, Diff: 0.0, Sum: 0.0]
         [Termination Attempts: Min: 1, Avg: 6.3, Max: 10, Diff: 9, Sum: 25]
      [GC Worker Other (ms): Min: 0.0, Avg: 0.0, Max: 0.0, Diff: 0.0, Sum: 0.1]
      [GC Worker Total (ms): Min: 18.4, Avg: 18.4, Max: 18.4, Diff: 0.0, Sum: 73.6]
      [GC Worker End (ms): Min: 215425.0, Avg: 215425.0, Max: 215425.0, Diff: 0.0]
   [Code Root Fixup: 0.0 ms]
   [Code Root Purge: 0.0 ms]
   [Clear CT: 0.0 ms]
   [Other: 0.5 ms]
      [Evacuation Failure: 0.2 ms]
      [Choose CSet: 0.0 ms]
      [Ref Proc: 0.0 ms]
      [Ref Enq: 0.0 ms]
      [Redirty Cards: 0.0 ms]
      [Humongous Register: 0.0 ms]
      [Humongous Reclaim: 0.0 ms]
      [Free CSet: 0.1 ms]
   [Eden: 21.0M(21.0M)->0.0B(21.0M) Survivors: 4096.0K->4096.0K Heap: 472.9M(512.0M)->441.4M(512.0M)]
 [Times: user=0.05 sys=0.00, real=0.02 secs] 
2017-11-09T20:26:32.859+0500: 222.871: [GC pause (G1 Evacuation Pause) (mixed), 0.0147809 secs]
   [Parallel Time: 14.3 ms, GC Workers: 4]
      [GC Worker Start (ms): Min: 222870.9, Avg: 222870.9, Max: 222870.9, Diff: 0.1]
      [Ext Root Scanning (ms): Min: 0.2, Avg: 0.2, Max: 0.2, Diff: 0.1, Sum: 0.8]
      [Update RS (ms): Min: 3.3, Avg: 3.9, Max: 4.5, Diff: 1.2, Sum: 15.4]
         [Processed Buffers: Min: 3, Avg: 4.5, Max: 7, Diff: 4, Sum: 18]
      [Scan RS (ms): Min: 0.0, Avg: 0.3, Max: 0.7, Diff: 0.7, Sum: 1.1]
      [Code Root Scanning (ms): Min: 0.0, Avg: 0.0, Max: 0.0, Diff: 0.0, Sum: 0.0]
      [Object Copy (ms): Min: 9.4, Avg: 9.8, Max: 10.0, Diff: 0.6, Sum: 39.1]
      [Termination (ms): Min: 0.0, Avg: 0.1, Max: 0.1, Diff: 0.1, Sum: 0.3]
         [Termination Attempts: Min: 1, Avg: 1.0, Max: 1, Diff: 0, Sum: 4]
      [GC Worker Other (ms): Min: 0.0, Avg: 0.0, Max: 0.0, Diff: 0.0, Sum: 0.1]
      [GC Worker Total (ms): Min: 14.2, Avg: 14.2, Max: 14.3, Diff: 0.1, Sum: 56.8]
      [GC Worker End (ms): Min: 222885.1, Avg: 222885.1, Max: 222885.2, Diff: 0.1]
   [Code Root Fixup: 0.0 ms]
   [Code Root Purge: 0.0 ms]
   [Clear CT: 0.1 ms]
   [Other: 0.4 ms]
      [Choose CSet: 0.0 ms]
      [Ref Proc: 0.1 ms]
      [Ref Enq: 0.0 ms]
      [Redirty Cards: 0.0 ms]
      [Humongous Register: 0.0 ms]
      [Humongous Reclaim: 0.0 ms]
      [Free CSet: 0.1 ms]
   [Eden: 21.0M(21.0M)->0.0B(21.0M) Survivors: 4096.0K->4096.0K Heap: 462.4M(512.0M)->434.4M(512.0M)]
 [Times: user=0.06 sys=0.00, real=0.02 secs] 
2017-11-09T20:26:40.007+0500: 230.019: [GC pause (G1 Evacuation Pause) (mixed), 0.0129649 secs]
   [Parallel Time: 12.7 ms, GC Workers: 4]
      [GC Worker Start (ms): Min: 230018.8, Avg: 230018.9, Max: 230018.9, Diff: 0.1]
      [Ext Root Scanning (ms): Min: 0.1, Avg: 0.1, Max: 0.1, Diff: 0.1, Sum: 0.5]
      [Update RS (ms): Min: 1.9, Avg: 2.0, Max: 2.3, Diff: 0.4, Sum: 8.1]
         [Processed Buffers: Min: 3, Avg: 3.8, Max: 4, Diff: 1, Sum: 15]
      [Scan RS (ms): Min: 0.0, Avg: 0.2, Max: 0.4, Diff: 0.4, Sum: 0.9]
      [Code Root Scanning (ms): Min: 0.0, Avg: 0.0, Max: 0.0, Diff: 0.0, Sum: 0.0]
      [Object Copy (ms): Min: 10.2, Avg: 10.2, Max: 10.2, Diff: 0.0, Sum: 40.8]
      [Termination (ms): Min: 0.0, Avg: 0.0, Max: 0.0, Diff: 0.0, Sum: 0.0]
         [Termination Attempts: Min: 1, Avg: 1.0, Max: 1, Diff: 0, Sum: 4]
      [GC Worker Other (ms): Min: 0.0, Avg: 0.0, Max: 0.0, Diff: 0.0, Sum: 0.0]
      [GC Worker Total (ms): Min: 12.6, Avg: 12.6, Max: 12.6, Diff: 0.1, Sum: 50.5]
      [GC Worker End (ms): Min: 230031.5, Avg: 230031.5, Max: 230031.5, Diff: 0.0]
   [Code Root Fixup: 0.0 ms]
   [Code Root Purge: 0.0 ms]
   [Clear CT: 0.0 ms]
   [Other: 0.2 ms]
      [Choose CSet: 0.0 ms]
      [Ref Proc: 0.0 ms]
      [Ref Enq: 0.0 ms]
      [Redirty Cards: 0.0 ms]
      [Humongous Register: 0.0 ms]
      [Humongous Reclaim: 0.0 ms]
      [Free CSet: 0.1 ms]
   [Eden: 21.0M(21.0M)->0.0B(21.0M) Survivors: 4096.0K->4096.0K Heap: 455.4M(512.0M)->432.4M(512.0M)]
 [Times: user=0.06 sys=0.00, real=0.01 secs] 
2017-11-09T20:26:47.512+0500: 237.524: [GC pause (G1 Evacuation Pause) (mixed) (to-space exhausted), 0.0213475 secs]
   [Parallel Time: 20.7 ms, GC Workers: 4]
      [GC Worker Start (ms): Min: 237524.0, Avg: 237524.1, Max: 237524.1, Diff: 0.1]
      [Ext Root Scanning (ms): Min: 0.2, Avg: 0.2, Max: 0.2, Diff: 0.1, Sum: 0.8]
      [Update RS (ms): Min: 5.4, Avg: 5.7, Max: 6.1, Diff: 0.6, Sum: 22.7]
         [Processed Buffers: Min: 4, Avg: 4.5, Max: 5, Diff: 1, Sum: 18]
      [Scan RS (ms): Min: 0.5, Avg: 1.1, Max: 2.0, Diff: 1.5, Sum: 4.6]
      [Code Root Scanning (ms): Min: 0.0, Avg: 0.0, Max: 0.0, Diff: 0.0, Sum: 0.0]
      [Object Copy (ms): Min: 12.8, Avg: 13.5, Max: 13.8, Diff: 1.0, Sum: 54.1]
      [Termination (ms): Min: 0.0, Avg: 0.0, Max: 0.0, Diff: 0.0, Sum: 0.0]
         [Termination Attempts: Min: 1, Avg: 4.0, Max: 7, Diff: 6, Sum: 16]
      [GC Worker Other (ms): Min: 0.0, Avg: 0.0, Max: 0.0, Diff: 0.0, Sum: 0.1]
      [GC Worker Total (ms): Min: 20.5, Avg: 20.6, Max: 20.6, Diff: 0.1, Sum: 82.3]
      [GC Worker End (ms): Min: 237544.6, Avg: 237544.6, Max: 237544.6, Diff: 0.0]
   [Code Root Fixup: 0.0 ms]
   [Code Root Purge: 0.0 ms]
   [Clear CT: 0.1 ms]
   [Other: 0.6 ms]
      [Evacuation Failure: 0.2 ms]
      [Choose CSet: 0.0 ms]
      [Ref Proc: 0.1 ms]
      [Ref Enq: 0.0 ms]
      [Redirty Cards: 0.0 ms]
      [Humongous Register: 0.0 ms]
      [Humongous Reclaim: 0.0 ms]
      [Free CSet: 0.1 ms]
   [Eden: 21.0M(21.0M)->0.0B(21.0M) Survivors: 4096.0K->4096.0K Heap: 455.4M(512.0M)->437.4M(512.0M)]
 [Times: user=0.06 sys=0.00, real=0.02 secs] 
2017-11-09T20:26:55.030+0500: 245.042: [GC pause (G1 Evacuation Pause) (mixed), 0.0079963 secs]
   [Parallel Time: 7.8 ms, GC Workers: 4]
      [GC Worker Start (ms): Min: 245041.7, Avg: 245041.7, Max: 245041.7, Diff: 0.0]
      [Ext Root Scanning (ms): Min: 0.1, Avg: 0.1, Max: 0.1, Diff: 0.0, Sum: 0.5]
      [Update RS (ms): Min: 2.4, Avg: 2.7, Max: 3.3, Diff: 1.0, Sum: 10.8]
         [Processed Buffers: Min: 5, Avg: 5.5, Max: 6, Diff: 1, Sum: 22]
      [Scan RS (ms): Min: 0.0, Avg: 0.1, Max: 0.2, Diff: 0.2, Sum: 0.4]
      [Code Root Scanning (ms): Min: 0.0, Avg: 0.0, Max: 0.0, Diff: 0.0, Sum: 0.0]
      [Object Copy (ms): Min: 4.2, Avg: 4.8, Max: 5.0, Diff: 0.8, Sum: 19.1]
      [Termination (ms): Min: 0.0, Avg: 0.0, Max: 0.0, Diff: 0.0, Sum: 0.0]
         [Termination Attempts: Min: 1, Avg: 1.0, Max: 1, Diff: 0, Sum: 4]
      [GC Worker Other (ms): Min: 0.0, Avg: 0.0, Max: 0.0, Diff: 0.0, Sum: 0.0]
      [GC Worker Total (ms): Min: 7.7, Avg: 7.7, Max: 7.7, Diff: 0.0, Sum: 30.9]
      [GC Worker End (ms): Min: 245049.4, Avg: 245049.4, Max: 245049.4, Diff: 0.0]
   [Code Root Fixup: 0.0 ms]
   [Code Root Purge: 0.0 ms]
   [Clear CT: 0.0 ms]
   [Other: 0.2 ms]
      [Choose CSet: 0.0 ms]
      [Ref Proc: 0.0 ms]
      [Ref Enq: 0.0 ms]
      [Redirty Cards: 0.0 ms]
      [Humongous Register: 0.0 ms]
      [Humongous Reclaim: 0.0 ms]
      [Free CSet: 0.0 ms]
   [Eden: 21.0M(21.0M)->0.0B(21.0M) Survivors: 4096.0K->4096.0K Heap: 458.4M(512.0M)->456.9M(512.0M)]
 [Times: user=0.00 sys=0.00, real=0.01 secs] 
2017-11-09T20:27:02.240+0500: 252.252: [GC pause (G1 Evacuation Pause) (young), 0.0096922 secs]
   [Parallel Time: 9.3 ms, GC Workers: 4]
      [GC Worker Start (ms): Min: 252251.6, Avg: 252251.7, Max: 252251.7, Diff: 0.1]
      [Ext Root Scanning (ms): Min: 0.2, Avg: 0.2, Max: 0.3, Diff: 0.1, Sum: 0.8]
      [Update RS (ms): Min: 3.2, Avg: 4.1, Max: 4.6, Diff: 1.4, Sum: 16.3]
         [Processed Buffers: Min: 4, Avg: 4.0, Max: 4, Diff: 0, Sum: 16]
      [Scan RS (ms): Min: 0.0, Avg: 0.0, Max: 0.0, Diff: 0.0, Sum: 0.0]
      [Code Root Scanning (ms): Min: 0.0, Avg: 0.0, Max: 0.0, Diff: 0.0, Sum: 0.0]
      [Object Copy (ms): Min: 4.3, Avg: 4.7, Max: 5.5, Diff: 1.3, Sum: 18.8]
      [Termination (ms): Min: 0.0, Avg: 0.1, Max: 0.3, Diff: 0.3, Sum: 0.6]
         [Termination Attempts: Min: 1, Avg: 1.0, Max: 1, Diff: 0, Sum: 4]
      [GC Worker Other (ms): Min: 0.0, Avg: 0.0, Max: 0.0, Diff: 0.0, Sum: 0.1]
      [GC Worker Total (ms): Min: 9.1, Avg: 9.1, Max: 9.2, Diff: 0.1, Sum: 36.6]
      [GC Worker End (ms): Min: 252260.8, Avg: 252260.8, Max: 252260.9, Diff: 0.1]
   [Code Root Fixup: 0.0 ms]
   [Code Root Purge: 0.0 ms]
   [Clear CT: 0.0 ms]
   [Other: 0.3 ms]
      [Choose CSet: 0.0 ms]
      [Ref Proc: 0.2 ms]
      [Ref Enq: 0.0 ms]
      [Redirty Cards: 0.0 ms]
      [Humongous Register: 0.0 ms]
      [Humongous Reclaim: 0.0 ms]
      [Free CSet: 0.0 ms]
   [Eden: 21.0M(21.0M)->0.0B(21.0M) Survivors: 4096.0K->4096.0K Heap: 477.9M(512.0M)->478.4M(512.0M)]
 [Times: user=0.06 sys=0.00, real=0.01 secs] 
2017-11-09T20:27:09.793+0500: 259.805: [GC pause (G1 Evacuation Pause) (young) (initial-mark) (to-space exhausted), 0.0217761 secs]
   [Parallel Time: 21.0 ms, GC Workers: 4]
      [GC Worker Start (ms): Min: 259805.0, Avg: 259805.0, Max: 259805.1, Diff: 0.0]
      [Ext Root Scanning (ms): Min: 0.2, Avg: 0.2, Max: 0.2, Diff: 0.0, Sum: 0.9]
      [Update RS (ms): Min: 3.9, Avg: 4.0, Max: 4.0, Diff: 0.1, Sum: 15.9]
         [Processed Buffers: Min: 4, Avg: 4.3, Max: 5, Diff: 1, Sum: 17]
      [Scan RS (ms): Min: 0.0, Avg: 0.0, Max: 0.0, Diff: 0.0, Sum: 0.0]
      [Code Root Scanning (ms): Min: 0.0, Avg: 0.0, Max: 0.0, Diff: 0.0, Sum: 0.0]
      [Object Copy (ms): Min: 16.7, Avg: 16.7, Max: 16.8, Diff: 0.1, Sum: 66.9]
      [Termination (ms): Min: 0.0, Avg: 0.0, Max: 0.0, Diff: 0.0, Sum: 0.0]
         [Termination Attempts: Min: 1, Avg: 2.0, Max: 4, Diff: 3, Sum: 8]
      [GC Worker Other (ms): Min: 0.0, Avg: 0.0, Max: 0.0, Diff: 0.0, Sum: 0.0]
      [GC Worker Total (ms): Min: 20.9, Avg: 20.9, Max: 21.0, Diff: 0.0, Sum: 83.8]
      [GC Worker End (ms): Min: 259826.0, Avg: 259826.0, Max: 259826.0, Diff: 0.0]
   [Code Root Fixup: 0.0 ms]
   [Code Root Purge: 0.0 ms]
   [Clear CT: 0.0 ms]
   [Other: 0.8 ms]
      [Evacuation Failure: 0.6 ms]
      [Choose CSet: 0.0 ms]
      [Ref Proc: 0.0 ms]
      [Ref Enq: 0.0 ms]
      [Redirty Cards: 0.0 ms]
      [Humongous Register: 0.0 ms]
      [Humongous Reclaim: 0.0 ms]
      [Free CSet: 0.0 ms]
   [Eden: 21.0M(21.0M)->0.0B(21.0M) Survivors: 4096.0K->4096.0K Heap: 499.4M(512.0M)->503.4M(512.0M)]
 [Times: user=0.02 sys=0.00, real=0.02 secs] 
2017-11-09T20:27:09.815+0500: 259.827: [GC concurrent-root-region-scan-start]
2017-11-09T20:27:09.816+0500: 259.827: [GC concurrent-root-region-scan-end, 0.0002233 secs]
2017-11-09T20:27:09.816+0500: 259.827: [GC concurrent-mark-start]
2017-11-09T20:27:09.892+0500: 259.904: [GC concurrent-mark-end, 0.0763941 secs]
2017-11-09T20:27:09.898+0500: 259.909: [GC remark 2017-11-09T20:27:09.898+0500: 259.909: [Finalize Marking, 0.0000513 secs] 2017-11-09T20:27:09.898+0500: 259.909: [GC ref-proc, 0.0000411 secs] 2017-11-09T20:27:09.898+0500: 259.909: [Unloading, 0.0003682 secs], 0.0019528 secs]
 [Times: user=0.00 sys=0.00, real=0.00 secs] 
2017-11-09T20:27:09.900+0500: 259.911: [GC cleanup 504M->502M(512M), 0.0004136 secs]
 [Times: user=0.00 sys=0.00, real=0.00 secs] 
2017-11-09T20:27:09.901+0500: 259.912: [GC concurrent-cleanup-start]
2017-11-09T20:27:09.901+0500: 259.912: [GC concurrent-cleanup-end, 0.0000124 secs]
2017-11-09T20:27:13.004+0500: 263.015: [GC pause (G1 Evacuation Pause) (young) (to-space exhausted), 0.0220656 secs]
   [Parallel Time: 21.5 ms, GC Workers: 4]
      [GC Worker Start (ms): Min: 263015.4, Avg: 263015.4, Max: 263015.4, Diff: 0.1]
      [Ext Root Scanning (ms): Min: 0.2, Avg: 0.2, Max: 0.2, Diff: 0.1, Sum: 0.8]
      [Update RS (ms): Min: 4.0, Avg: 4.5, Max: 5.0, Diff: 1.1, Sum: 18.0]
         [Processed Buffers: Min: 4, Avg: 5.3, Max: 8, Diff: 4, Sum: 21]
      [Scan RS (ms): Min: 0.0, Avg: 0.0, Max: 0.0, Diff: 0.0, Sum: 0.0]
      [Code Root Scanning (ms): Min: 0.0, Avg: 0.0, Max: 0.0, Diff: 0.0, Sum: 0.0]
      [Object Copy (ms): Min: 16.2, Avg: 16.7, Max: 17.2, Diff: 1.0, Sum: 66.9]
      [Termination (ms): Min: 0.0, Avg: 0.0, Max: 0.0, Diff: 0.0, Sum: 0.0]
         [Termination Attempts: Min: 1, Avg: 1.3, Max: 2, Diff: 1, Sum: 5]
      [GC Worker Other (ms): Min: 0.0, Avg: 0.0, Max: 0.0, Diff: 0.0, Sum: 0.0]
      [GC Worker Total (ms): Min: 21.4, Avg: 21.5, Max: 21.5, Diff: 0.1, Sum: 85.8]
      [GC Worker End (ms): Min: 263036.9, Avg: 263036.9, Max: 263036.9, Diff: 0.0]
   [Code Root Fixup: 0.0 ms]
   [Code Root Purge: 0.0 ms]
   [Clear CT: 0.0 ms]
   [Other: 0.5 ms]
      [Evacuation Failure: 0.3 ms]
      [Choose CSet: 0.0 ms]
      [Ref Proc: 0.0 ms]
      [Ref Enq: 0.0 ms]
      [Redirty Cards: 0.0 ms]
      [Humongous Register: 0.0 ms]
      [Humongous Reclaim: 0.0 ms]
      [Free CSet: 0.0 ms]
   [Eden: 9216.0K(21.0M)->0.0B(25.0M) Survivors: 4096.0K->0.0B Heap: 511.1M(512.0M)->511.1M(512.0M)]
 [Times: user=0.08 sys=0.00, real=0.02 secs] 
2017-11-09T20:27:13.026+0500: 263.038: [GC pause (G1 Evacuation Pause) (mixed) (to-space exhausted), 0.0199837 secs]
   [Parallel Time: 18.5 ms, GC Workers: 4]
      [GC Worker Start (ms): Min: 263037.7, Avg: 263037.7, Max: 263037.7, Diff: 0.0]
      [Ext Root Scanning (ms): Min: 0.1, Avg: 0.1, Max: 0.1, Diff: 0.0, Sum: 0.5]
      [Update RS (ms): Min: 0.1, Avg: 0.1, Max: 0.1, Diff: 0.0, Sum: 0.4]
         [Processed Buffers: Min: 1, Avg: 2.3, Max: 3, Diff: 2, Sum: 9]
      [Scan RS (ms): Min: 0.2, Avg: 0.2, Max: 0.2, Diff: 0.0, Sum: 0.8]
      [Code Root Scanning (ms): Min: 0.0, Avg: 0.0, Max: 0.0, Diff: 0.0, Sum: 0.0]
      [Object Copy (ms): Min: 18.0, Avg: 18.0, Max: 18.0, Diff: 0.0, Sum: 71.9]
      [Termination (ms): Min: 0.0, Avg: 0.0, Max: 0.0, Diff: 0.0, Sum: 0.1]
         [Termination Attempts: Min: 1, Avg: 1.0, Max: 1, Diff: 0, Sum: 4]
      [GC Worker Other (ms): Min: 0.0, Avg: 0.0, Max: 0.0, Diff: 0.0, Sum: 0.1]
      [GC Worker Total (ms): Min: 18.5, Avg: 18.5, Max: 18.5, Diff: 0.0, Sum: 73.8]
      [GC Worker End (ms): Min: 263056.1, Avg: 263056.1, Max: 263056.1, Diff: 0.0]
   [Code Root Fixup: 0.0 ms]
   [Code Root Purge: 0.0 ms]
   [Clear CT: 0.0 ms]
   [Other: 1.5 ms]
      [Evacuation Failure: 1.1 ms]
      [Choose CSet: 0.0 ms]
      [Ref Proc: 0.2 ms]
      [Ref Enq: 0.0 ms]
      [Redirty Cards: 0.1 ms]
      [Humongous Register: 0.0 ms]
      [Humongous Reclaim: 0.0 ms]
      [Free CSet: 0.0 ms]
   [Eden: 0.0B(25.0M)->0.0B(25.0M) Survivors: 0.0B->0.0B Heap: 511.1M(512.0M)->511.1M(512.0M)]
 [Times: user=0.01 sys=0.00, real=0.02 secs] 
2017-11-09T20:27:13.046+0500: 263.058: [Full GC (Allocation Failure)  511M->395M(512M), 0.1740262 secs]
   [Eden: 0.0B(25.0M)->0.0B(35.0M) Survivors: 0.0B->0.0B Heap: 511.1M(512.0M)->395.9M(512.0M)], [Metaspace: 2636K->2636K(1056768K)]
 [Times: user=0.17 sys=0.00, real=0.17 secs] 
2017-11-09T20:27:25.689+0500: 275.701: [GC pause (G1 Evacuation Pause) (young), 0.0111350 secs]
   [Parallel Time: 10.8 ms, GC Workers: 4]
      [GC Worker Start (ms): Min: 275700.7, Avg: 275700.7, Max: 275700.7, Diff: 0.0]
      [Ext Root Scanning (ms): Min: 0.2, Avg: 0.2, Max: 0.2, Diff: 0.0, Sum: 0.8]
      [Update RS (ms): Min: 3.7, Avg: 4.4, Max: 5.9, Diff: 2.2, Sum: 17.7]
         [Processed Buffers: Min: 3, Avg: 3.3, Max: 4, Diff: 1, Sum: 13]
      [Scan RS (ms): Min: 0.0, Avg: 0.0, Max: 0.0, Diff: 0.0, Sum: 0.0]
      [Code Root Scanning (ms): Min: 0.0, Avg: 0.0, Max: 0.0, Diff: 0.0, Sum: 0.0]
      [Object Copy (ms): Min: 4.7, Avg: 6.1, Max: 6.8, Diff: 2.2, Sum: 24.4]
      [Termination (ms): Min: 0.0, Avg: 0.0, Max: 0.0, Diff: 0.0, Sum: 0.0]
         [Termination Attempts: Min: 1, Avg: 1.0, Max: 1, Diff: 0, Sum: 4]
      [GC Worker Other (ms): Min: 0.0, Avg: 0.0, Max: 0.0, Diff: 0.0, Sum: 0.1]
      [GC Worker Total (ms): Min: 10.7, Avg: 10.8, Max: 10.8, Diff: 0.0, Sum: 43.0]
      [GC Worker End (ms): Min: 275711.4, Avg: 275711.4, Max: 275711.4, Diff: 0.0]
   [Code Root Fixup: 0.0 ms]
   [Code Root Purge: 0.0 ms]
   [Clear CT: 0.0 ms]
   [Other: 0.3 ms]
      [Choose CSet: 0.0 ms]
      [Ref Proc: 0.1 ms]
      [Ref Enq: 0.0 ms]
      [Redirty Cards: 0.0 ms]
      [Humongous Register: 0.0 ms]
      [Humongous Reclaim: 0.0 ms]
      [Free CSet: 0.0 ms]
   [Eden: 35.0M(35.0M)->0.0B(20.0M) Survivors: 0.0B->5120.0K Heap: 430.9M(512.0M)->435.2M(512.0M)]
 [Times: user=0.06 sys=0.00, real=0.01 secs] 
2017-11-09T20:27:32.950+0500: 282.962: [GC pause (G1 Evacuation Pause) (young) (initial-mark), 0.0099140 secs]
   [Parallel Time: 9.6 ms, GC Workers: 4]
      [GC Worker Start (ms): Min: 282961.9, Avg: 282961.9, Max: 282962.0, Diff: 0.0]
      [Ext Root Scanning (ms): Min: 0.2, Avg: 0.2, Max: 0.2, Diff: 0.0, Sum: 0.8]
      [Update RS (ms): Min: 4.2, Avg: 4.3, Max: 4.5, Diff: 0.3, Sum: 17.3]
         [Processed Buffers: Min: 4, Avg: 4.5, Max: 5, Diff: 1, Sum: 18]
      [Scan RS (ms): Min: 0.0, Avg: 0.0, Max: 0.0, Diff: 0.0, Sum: 0.0]
      [Code Root Scanning (ms): Min: 0.0, Avg: 0.0, Max: 0.0, Diff: 0.0, Sum: 0.0]
      [Object Copy (ms): Min: 4.8, Avg: 4.9, Max: 5.1, Diff: 0.3, Sum: 19.7]
      [Termination (ms): Min: 0.0, Avg: 0.0, Max: 0.0, Diff: 0.0, Sum: 0.0]
         [Termination Attempts: Min: 1, Avg: 1.5, Max: 2, Diff: 1, Sum: 6]
      [GC Worker Other (ms): Min: 0.0, Avg: 0.0, Max: 0.0, Diff: 0.0, Sum: 0.1]
      [GC Worker Total (ms): Min: 9.5, Avg: 9.5, Max: 9.5, Diff: 0.0, Sum: 37.9]
      [GC Worker End (ms): Min: 282971.4, Avg: 282971.4, Max: 282971.4, Diff: 0.0]
   [Code Root Fixup: 0.0 ms]
   [Code Root Purge: 0.0 ms]
   [Clear CT: 0.0 ms]
   [Other: 0.3 ms]
      [Choose CSet: 0.0 ms]
      [Ref Proc: 0.1 ms]
      [Ref Enq: 0.0 ms]
      [Redirty Cards: 0.0 ms]
      [Humongous Register: 0.0 ms]
      [Humongous Reclaim: 0.0 ms]
      [Free CSet: 0.0 ms]
   [Eden: 20.0M(20.0M)->0.0B(21.0M) Survivors: 5120.0K->4096.0K Heap: 455.2M(512.0M)->455.9M(512.0M)]
 [Times: user=0.00 sys=0.00, real=0.01 secs] 
2017-11-09T20:27:32.960+0500: 282.972: [GC concurrent-root-region-scan-start]
2017-11-09T20:27:32.961+0500: 282.972: [GC concurrent-root-region-scan-end, 0.0003402 secs]
2017-11-09T20:27:32.961+0500: 282.972: [GC concurrent-mark-start]
2017-11-09T20:27:33.040+0500: 283.051: [GC concurrent-mark-end, 0.0784551 secs]
2017-11-09T20:27:33.043+0500: 283.054: [GC remark 2017-11-09T20:27:33.043+0500: 283.054: [Finalize Marking, 0.0000563 secs] 2017-11-09T20:27:33.043+0500: 283.054: [GC ref-proc, 0.0000429 secs] 2017-11-09T20:27:33.043+0500: 283.054: [Unloading, 0.0003760 secs], 0.0019335 secs]
 [Times: user=0.00 sys=0.00, real=0.00 secs] 
2017-11-09T20:27:33.045+0500: 283.056: [GC cleanup 456M->456M(512M), 0.0004174 secs]
 [Times: user=0.00 sys=0.00, real=0.00 secs] 
2017-11-09T20:27:40.720+0500: 290.732: [GC pause (G1 Evacuation Pause) (young), 0.0093150 secs]
   [Parallel Time: 9.0 ms, GC Workers: 4]
      [GC Worker Start (ms): Min: 290731.7, Avg: 290731.8, Max: 290731.8, Diff: 0.0]
      [Ext Root Scanning (ms): Min: 0.2, Avg: 0.2, Max: 0.2, Diff: 0.0, Sum: 0.8]
      [Update RS (ms): Min: 4.2, Avg: 4.5, Max: 5.4, Diff: 1.2, Sum: 18.1]
         [Processed Buffers: Min: 4, Avg: 4.5, Max: 5, Diff: 1, Sum: 18]
      [Scan RS (ms): Min: 0.0, Avg: 0.0, Max: 0.0, Diff: 0.0, Sum: 0.0]
      [Code Root Scanning (ms): Min: 0.0, Avg: 0.0, Max: 0.0, Diff: 0.0, Sum: 0.0]
      [Object Copy (ms): Min: 3.3, Avg: 4.2, Max: 4.5, Diff: 1.2, Sum: 16.7]
      [Termination (ms): Min: 0.0, Avg: 0.0, Max: 0.0, Diff: 0.0, Sum: 0.0]
         [Termination Attempts: Min: 1, Avg: 3.0, Max: 4, Diff: 3, Sum: 12]
      [GC Worker Other (ms): Min: 0.0, Avg: 0.0, Max: 0.0, Diff: 0.0, Sum: 0.1]
      [GC Worker Total (ms): Min: 8.9, Avg: 8.9, Max: 9.0, Diff: 0.0, Sum: 35.8]
      [GC Worker End (ms): Min: 290740.7, Avg: 290740.7, Max: 290740.7, Diff: 0.0]
   [Code Root Fixup: 0.0 ms]
   [Code Root Purge: 0.0 ms]
   [Clear CT: 0.0 ms]
   [Other: 0.2 ms]
      [Choose CSet: 0.0 ms]
      [Ref Proc: 0.1 ms]
      [Ref Enq: 0.0 ms]
      [Redirty Cards: 0.0 ms]
      [Humongous Register: 0.0 ms]
      [Humongous Reclaim: 0.0 ms]
      [Free CSet: 0.0 ms]
   [Eden: 21.0M(21.0M)->0.0B(21.0M) Survivors: 4096.0K->4096.0K Heap: 476.9M(512.0M)->477.4M(512.0M)]
 [Times: user=0.06 sys=0.00, real=0.01 secs] 
2017-11-09T20:27:48.024+0500: 298.036: [GC pause (G1 Evacuation Pause) (young) (to-space exhausted), 0.0228195 secs]
   [Parallel Time: 21.7 ms, GC Workers: 4]
      [GC Worker Start (ms): Min: 298035.9, Avg: 298035.9, Max: 298035.9, Diff: 0.0]
      [Ext Root Scanning (ms): Min: 0.2, Avg: 0.2, Max: 0.2, Diff: 0.0, Sum: 0.8]
      [Update RS (ms): Min: 4.1, Avg: 4.6, Max: 5.7, Diff: 1.6, Sum: 18.6]
         [Processed Buffers: Min: 4, Avg: 4.8, Max: 5, Diff: 1, Sum: 19]
      [Scan RS (ms): Min: 0.0, Avg: 0.0, Max: 0.0, Diff: 0.0, Sum: 0.0]
      [Code Root Scanning (ms): Min: 0.0, Avg: 0.0, Max: 0.0, Diff: 0.0, Sum: 0.0]
      [Object Copy (ms): Min: 15.8, Avg: 16.8, Max: 17.4, Diff: 1.6, Sum: 67.3]
      [Termination (ms): Min: 0.0, Avg: 0.0, Max: 0.0, Diff: 0.0, Sum: 0.1]
         [Termination Attempts: Min: 1, Avg: 1.0, Max: 1, Diff: 0, Sum: 4]
      [GC Worker Other (ms): Min: 0.0, Avg: 0.0, Max: 0.0, Diff: 0.0, Sum: 0.0]
      [GC Worker Total (ms): Min: 21.7, Avg: 21.7, Max: 21.7, Diff: 0.0, Sum: 86.8]
      [GC Worker End (ms): Min: 298057.6, Avg: 298057.6, Max: 298057.6, Diff: 0.0]
   [Code Root Fixup: 0.0 ms]
   [Code Root Purge: 0.0 ms]
   [Clear CT: 0.1 ms]
   [Other: 1.0 ms]
      [Evacuation Failure: 0.7 ms]
      [Choose CSet: 0.0 ms]
      [Ref Proc: 0.1 ms]
      [Ref Enq: 0.0 ms]
      [Redirty Cards: 0.1 ms]
      [Humongous Register: 0.0 ms]
      [Humongous Reclaim: 0.0 ms]
      [Free CSet: 0.0 ms]
   [Eden: 21.0M(21.0M)->0.0B(21.0M) Survivors: 4096.0K->4096.0K Heap: 498.4M(512.0M)->502.9M(512.0M)]
 [Times: user=0.08 sys=0.00, real=0.02 secs] 
2017-11-09T20:27:50.843+0500: 300.854: [GC pause (G1 Evacuation Pause) (young) (initial-mark) (to-space exhausted), 0.0245170 secs]
   [Parallel Time: 23.6 ms, GC Workers: 4]
      [GC Worker Start (ms): Min: 300854.5, Avg: 300854.5, Max: 300854.5, Diff: 0.0]
      [Ext Root Scanning (ms): Min: 0.2, Avg: 0.4, Max: 0.8, Diff: 0.6, Sum: 1.4]
      [Update RS (ms): Min: 4.0, Avg: 4.5, Max: 5.3, Diff: 1.3, Sum: 18.2]
         [Processed Buffers: Min: 3, Avg: 5.8, Max: 8, Diff: 5, Sum: 23]
      [Scan RS (ms): Min: 0.0, Avg: 0.0, Max: 0.0, Diff: 0.0, Sum: 0.0]
      [Code Root Scanning (ms): Min: 0.0, Avg: 0.0, Max: 0.0, Diff: 0.0, Sum: 0.0]
      [Object Copy (ms): Min: 18.0, Avg: 18.6, Max: 18.9, Diff: 0.9, Sum: 74.3]
      [Termination (ms): Min: 0.0, Avg: 0.0, Max: 0.0, Diff: 0.0, Sum: 0.1]
         [Termination Attempts: Min: 1, Avg: 1.0, Max: 1, Diff: 0, Sum: 4]
      [GC Worker Other (ms): Min: 0.0, Avg: 0.0, Max: 0.0, Diff: 0.0, Sum: 0.0]
      [GC Worker Total (ms): Min: 23.5, Avg: 23.5, Max: 23.5, Diff: 0.0, Sum: 94.0]
      [GC Worker End (ms): Min: 300878.0, Avg: 300878.0, Max: 300878.0, Diff: 0.0]
   [Code Root Fixup: 0.0 ms]
   [Code Root Purge: 0.0 ms]
   [Clear CT: 0.1 ms]
   [Other: 0.9 ms]
      [Evacuation Failure: 0.6 ms]
      [Choose CSet: 0.0 ms]
      [Ref Proc: 0.1 ms]
      [Ref Enq: 0.0 ms]
      [Redirty Cards: 0.1 ms]
      [Humongous Register: 0.0 ms]
      [Humongous Reclaim: 0.0 ms]
      [Free CSet: 0.0 ms]
   [Eden: 8192.0K(21.0M)->0.0B(25.0M) Survivors: 4096.0K->0.0B Heap: 510.9M(512.0M)->510.9M(512.0M)]
 [Times: user=0.02 sys=0.00, real=0.03 secs] 
2017-11-09T20:27:50.868+0500: 300.879: [GC concurrent-root-region-scan-start]
2017-11-09T20:27:50.868+0500: 300.879: [GC concurrent-root-region-scan-end, 0.0000180 secs]
2017-11-09T20:27:50.868+0500: 300.879: [GC concurrent-mark-start]
2017-11-09T20:27:50.868+0500: 300.879: [GC pause (G1 Evacuation Pause) (young), 0.0006317 secs]
   [Parallel Time: 0.4 ms, GC Workers: 4]
      [GC Worker Start (ms): Min: 300879.4, Avg: 300879.4, Max: 300879.4, Diff: 0.0]
      [Ext Root Scanning (ms): Min: 0.2, Avg: 0.2, Max: 0.2, Diff: 0.0, Sum: 0.8]
      [Update RS (ms): Min: 0.2, Avg: 0.2, Max: 0.2, Diff: 0.0, Sum: 0.6]
         [Processed Buffers: Min: 1, Avg: 2.0, Max: 4, Diff: 3, Sum: 8]
      [Scan RS (ms): Min: 0.0, Avg: 0.0, Max: 0.0, Diff: 0.0, Sum: 0.0]
      [Code Root Scanning (ms): Min: 0.0, Avg: 0.0, Max: 0.0, Diff: 0.0, Sum: 0.0]
      [Object Copy (ms): Min: 0.0, Avg: 0.0, Max: 0.0, Diff: 0.0, Sum: 0.0]
      [Termination (ms): Min: 0.0, Avg: 0.0, Max: 0.0, Diff: 0.0, Sum: 0.0]
         [Termination Attempts: Min: 1, Avg: 1.0, Max: 1, Diff: 0, Sum: 4]
      [GC Worker Other (ms): Min: 0.0, Avg: 0.0, Max: 0.0, Diff: 0.0, Sum: 0.0]
      [GC Worker Total (ms): Min: 0.4, Avg: 0.4, Max: 0.4, Diff: 0.0, Sum: 1.5]
      [GC Worker End (ms): Min: 300879.7, Avg: 300879.7, Max: 300879.7, Diff: 0.0]
   [Code Root Fixup: 0.0 ms]
   [Code Root Purge: 0.0 ms]
   [Clear CT: 0.1 ms]
   [Other: 0.2 ms]
      [Choose CSet: 0.0 ms]
      [Ref Proc: 0.1 ms]
      [Ref Enq: 0.0 ms]
      [Redirty Cards: 0.0 ms]
      [Humongous Register: 0.0 ms]
      [Humongous Reclaim: 0.0 ms]
      [Free CSet: 0.0 ms]
   [Eden: 0.0B(25.0M)->0.0B(25.0M) Survivors: 0.0B->0.0B Heap: 510.9M(512.0M)->510.9M(512.0M)]
 [Times: user=0.00 sys=0.00, real=0.00 secs] 
2017-11-09T20:27:50.869+0500: 300.880: [Full GC (Allocation Failure)  510M->448M(512M), 0.1870885 secs]
   [Eden: 0.0B(25.0M)->0.0B(25.0M) Survivors: 0.0B->0.0B Heap: 510.9M(512.0M)->448.4M(512.0M)], [Metaspace: 2636K->2636K(1056768K)]
 [Times: user=0.19 sys=0.00, real=0.19 secs] 
2017-11-09T20:27:51.056+0500: 301.067: [GC concurrent-mark-abort]
2017-11-09T20:28:00.125+0500: 310.137: [GC pause (G1 Evacuation Pause) (young), 0.0072642 secs]
   [Parallel Time: 7.1 ms, GC Workers: 4]
      [GC Worker Start (ms): Min: 310136.6, Avg: 310136.6, Max: 310136.6, Diff: 0.0]
      [Ext Root Scanning (ms): Min: 0.1, Avg: 0.1, Max: 0.1, Diff: 0.0, Sum: 0.4]
      [Update RS (ms): Min: 2.0, Avg: 2.4, Max: 2.6, Diff: 0.6, Sum: 9.5]
         [Processed Buffers: Min: 3, Avg: 3.8, Max: 4, Diff: 1, Sum: 15]
      [Scan RS (ms): Min: 0.0, Avg: 0.0, Max: 0.0, Diff: 0.0, Sum: 0.0]
      [Code Root Scanning (ms): Min: 0.0, Avg: 0.0, Max: 0.0, Diff: 0.0, Sum: 0.0]
      [Object Copy (ms): Min: 4.2, Avg: 4.5, Max: 4.9, Diff: 0.7, Sum: 17.9]
      [Termination (ms): Min: 0.0, Avg: 0.0, Max: 0.1, Diff: 0.1, Sum: 0.2]
         [Termination Attempts: Min: 1, Avg: 1.0, Max: 1, Diff: 0, Sum: 4]
      [GC Worker Other (ms): Min: 0.0, Avg: 0.0, Max: 0.0, Diff: 0.0, Sum: 0.0]
      [GC Worker Total (ms): Min: 7.0, Avg: 7.0, Max: 7.0, Diff: 0.0, Sum: 28.0]
      [GC Worker End (ms): Min: 310143.6, Avg: 310143.6, Max: 310143.6, Diff: 0.0]
   [Code Root Fixup: 0.0 ms]
   [Code Root Purge: 0.0 ms]
   [Clear CT: 0.0 ms]
   [Other: 0.2 ms]
      [Choose CSet: 0.0 ms]
      [Ref Proc: 0.1 ms]
      [Ref Enq: 0.0 ms]
      [Redirty Cards: 0.0 ms]
      [Humongous Register: 0.0 ms]
      [Humongous Reclaim: 0.0 ms]
      [Free CSet: 0.0 ms]
   [Eden: 25.0M(25.0M)->0.0B(21.0M) Survivors: 0.0B->4096.0K Heap: 473.4M(512.0M)->476.0M(512.0M)]
 [Times: user=0.00 sys=0.00, real=0.01 secs] 
2017-11-09T20:28:07.821+0500: 317.832: [GC pause (G1 Evacuation Pause) (young) (initial-mark) (to-space exhausted), 0.0131742 secs]
   [Parallel Time: 12.4 ms, GC Workers: 4]
      [GC Worker Start (ms): Min: 317831.9, Avg: 317832.0, Max: 317832.0, Diff: 0.1]
      [Ext Root Scanning (ms): Min: 0.1, Avg: 0.1, Max: 0.2, Diff: 0.1, Sum: 0.5]
      [Update RS (ms): Min: 2.7, Avg: 3.1, Max: 3.8, Diff: 1.1, Sum: 12.4]
         [Processed Buffers: Min: 4, Avg: 4.8, Max: 5, Diff: 1, Sum: 19]
      [Scan RS (ms): Min: 0.0, Avg: 0.0, Max: 0.0, Diff: 0.0, Sum: 0.0]
      [Code Root Scanning (ms): Min: 0.0, Avg: 0.0, Max: 0.0, Diff: 0.0, Sum: 0.0]
      [Object Copy (ms): Min: 8.3, Avg: 9.0, Max: 9.4, Diff: 1.1, Sum: 36.1]
      [Termination (ms): Min: 0.0, Avg: 0.0, Max: 0.0, Diff: 0.0, Sum: 0.0]
         [Termination Attempts: Min: 1, Avg: 1.0, Max: 1, Diff: 0, Sum: 4]
      [GC Worker Other (ms): Min: 0.0, Avg: 0.0, Max: 0.0, Diff: 0.0, Sum: 0.0]
      [GC Worker Total (ms): Min: 12.2, Avg: 12.3, Max: 12.3, Diff: 0.1, Sum: 49.1]
      [GC Worker End (ms): Min: 317844.3, Avg: 317844.3, Max: 317844.3, Diff: 0.0]
   [Code Root Fixup: 0.0 ms]
   [Code Root Purge: 0.0 ms]
   [Clear CT: 0.0 ms]
   [Other: 0.8 ms]
      [Evacuation Failure: 0.6 ms]
      [Choose CSet: 0.0 ms]
      [Ref Proc: 0.0 ms]
      [Ref Enq: 0.0 ms]
      [Redirty Cards: 0.0 ms]
      [Humongous Register: 0.0 ms]
      [Humongous Reclaim: 0.0 ms]
      [Free CSet: 0.0 ms]
   [Eden: 21.0M(21.0M)->0.0B(21.0M) Survivors: 4096.0K->4096.0K Heap: 497.0M(512.0M)->502.4M(512.0M)]
 [Times: user=0.06 sys=0.00, real=0.01 secs] 
2017-11-09T20:28:07.834+0500: 317.845: [GC concurrent-root-region-scan-start]
2017-11-09T20:28:07.834+0500: 317.845: [GC concurrent-root-region-scan-end, 0.0002320 secs]
2017-11-09T20:28:07.834+0500: 317.845: [GC concurrent-mark-start]
2017-11-09T20:28:07.916+0500: 317.927: [GC concurrent-mark-end, 0.0818408 secs]
2017-11-09T20:28:07.918+0500: 317.929: [GC remark 2017-11-09T20:28:07.918+0500: 317.929: [Finalize Marking, 0.0000516 secs] 2017-11-09T20:28:07.918+0500: 317.929: [GC ref-proc, 0.0000442 secs] 2017-11-09T20:28:07.918+0500: 317.929: [Unloading, 0.0003788 secs], 0.0019220 secs]
 [Times: user=0.00 sys=0.00, real=0.00 secs] 
2017-11-09T20:28:07.920+0500: 317.931: [GC cleanup 503M->503M(512M), 0.0004790 secs]
 [Times: user=0.00 sys=0.00, real=0.00 secs] 
2017-11-09T20:28:10.670+0500: 320.681: [GC pause (G1 Evacuation Pause) (young) (to-space exhausted), 0.0177877 secs]
   [Parallel Time: 17.3 ms, GC Workers: 4]
      [GC Worker Start (ms): Min: 320681.3, Avg: 320681.3, Max: 320681.3, Diff: 0.0]
      [Ext Root Scanning (ms): Min: 0.2, Avg: 0.2, Max: 0.2, Diff: 0.0, Sum: 0.8]
      [Update RS (ms): Min: 4.3, Avg: 4.8, Max: 5.2, Diff: 1.0, Sum: 19.3]
         [Processed Buffers: Min: 4, Avg: 6.0, Max: 8, Diff: 4, Sum: 24]
      [Scan RS (ms): Min: 0.0, Avg: 0.0, Max: 0.0, Diff: 0.0, Sum: 0.0]
      [Code Root Scanning (ms): Min: 0.0, Avg: 0.0, Max: 0.0, Diff: 0.0, Sum: 0.0]
      [Object Copy (ms): Min: 11.8, Avg: 12.2, Max: 12.8, Diff: 0.9, Sum: 48.9]
      [Termination (ms): Min: 0.0, Avg: 0.0, Max: 0.0, Diff: 0.0, Sum: 0.0]
         [Termination Attempts: Min: 1, Avg: 1.0, Max: 1, Diff: 0, Sum: 4]
      [GC Worker Other (ms): Min: 0.0, Avg: 0.0, Max: 0.0, Diff: 0.0, Sum: 0.0]
      [GC Worker Total (ms): Min: 17.2, Avg: 17.3, Max: 17.3, Diff: 0.1, Sum: 69.1]
      [GC Worker End (ms): Min: 320698.6, Avg: 320698.6, Max: 320698.6, Diff: 0.0]
   [Code Root Fixup: 0.0 ms]
   [Code Root Purge: 0.0 ms]
   [Clear CT: 0.0 ms]
   [Other: 0.4 ms]
      [Evacuation Failure: 0.3 ms]
      [Choose CSet: 0.0 ms]
      [Ref Proc: 0.0 ms]
      [Ref Enq: 0.0 ms]
      [Redirty Cards: 0.0 ms]
      [Humongous Register: 0.0 ms]
      [Humongous Reclaim: 0.0 ms]
      [Free CSet: 0.0 ms]
   [Eden: 8192.0K(21.0M)->0.0B(25.0M) Survivors: 4096.0K->0.0B Heap: 510.4M(512.0M)->510.4M(512.0M)]
 [Times: user=0.00 sys=0.01, real=0.02 secs] 
2017-11-09T20:28:10.688+0500: 320.699: [GC pause (G1 Evacuation Pause) (young), 0.0004133 secs]
   [Parallel Time: 0.3 ms, GC Workers: 4]
      [GC Worker Start (ms): Min: 320699.2, Avg: 320699.3, Max: 320699.3, Diff: 0.0]
      [Ext Root Scanning (ms): Min: 0.1, Avg: 0.1, Max: 0.1, Diff: 0.0, Sum: 0.5]
      [Update RS (ms): Min: 0.1, Avg: 0.1, Max: 0.1, Diff: 0.0, Sum: 0.4]
         [Processed Buffers: Min: 1, Avg: 2.3, Max: 4, Diff: 3, Sum: 9]
      [Scan RS (ms): Min: 0.0, Avg: 0.0, Max: 0.0, Diff: 0.0, Sum: 0.0]
      [Code Root Scanning (ms): Min: 0.0, Avg: 0.0, Max: 0.0, Diff: 0.0, Sum: 0.0]
      [Object Copy (ms): Min: 0.0, Avg: 0.0, Max: 0.0, Diff: 0.0, Sum: 0.0]
      [Termination (ms): Min: 0.0, Avg: 0.0, Max: 0.0, Diff: 0.0, Sum: 0.0]
         [Termination Attempts: Min: 1, Avg: 1.0, Max: 1, Diff: 0, Sum: 4]
      [GC Worker Other (ms): Min: 0.0, Avg: 0.0, Max: 0.0, Diff: 0.0, Sum: 0.0]
      [GC Worker Total (ms): Min: 0.2, Avg: 0.2, Max: 0.2, Diff: 0.0, Sum: 0.9]
      [GC Worker End (ms): Min: 320699.5, Avg: 320699.5, Max: 320699.5, Diff: 0.0]
   [Code Root Fixup: 0.0 ms]
   [Code Root Purge: 0.0 ms]
   [Clear CT: 0.0 ms]
   [Other: 0.1 ms]
      [Choose CSet: 0.0 ms]
      [Ref Proc: 0.0 ms]
      [Ref Enq: 0.0 ms]
      [Redirty Cards: 0.1 ms]
      [Humongous Register: 0.0 ms]
      [Humongous Reclaim: 0.0 ms]
      [Free CSet: 0.0 ms]
   [Eden: 0.0B(25.0M)->0.0B(25.0M) Survivors: 0.0B->0.0B Heap: 510.4M(512.0M)->510.4M(512.0M)]
 [Times: user=0.00 sys=0.00, real=0.00 secs] 
2017-11-09T20:28:10.688+0500: 320.700: [Full GC (Allocation Failure)  510M->475M(512M), 0.1831148 secs]
   [Eden: 0.0B(25.0M)->0.0B(25.0M) Survivors: 0.0B->0.0B Heap: 510.4M(512.0M)->475.2M(512.0M)], [Metaspace: 2636K->2636K(1056768K)]
 [Times: user=0.22 sys=0.00, real=0.18 secs] 
2017-11-09T20:28:19.937+0500: 329.948: [GC pause (G1 Evacuation Pause) (young) (to-space exhausted), 0.0145968 secs]
   [Parallel Time: 13.9 ms, GC Workers: 4]
      [GC Worker Start (ms): Min: 329948.4, Avg: 329948.4, Max: 329948.5, Diff: 0.1]
      [Ext Root Scanning (ms): Min: 0.1, Avg: 0.1, Max: 0.2, Diff: 0.1, Sum: 0.4]
      [Update RS (ms): Min: 2.7, Avg: 2.7, Max: 2.8, Diff: 0.1, Sum: 11.0]
         [Processed Buffers: Min: 4, Avg: 4.0, Max: 4, Diff: 0, Sum: 16]
      [Scan RS (ms): Min: 0.0, Avg: 0.0, Max: 0.0, Diff: 0.0, Sum: 0.0]
      [Code Root Scanning (ms): Min: 0.0, Avg: 0.0, Max: 0.0, Diff: 0.0, Sum: 0.0]
      [Object Copy (ms): Min: 10.9, Avg: 11.0, Max: 11.0, Diff: 0.1, Sum: 43.8]
      [Termination (ms): Min: 0.0, Avg: 0.0, Max: 0.0, Diff: 0.0, Sum: 0.0]
         [Termination Attempts: Min: 1, Avg: 1.3, Max: 2, Diff: 1, Sum: 5]
      [GC Worker Other (ms): Min: 0.0, Avg: 0.0, Max: 0.0, Diff: 0.0, Sum: 0.0]
      [GC Worker Total (ms): Min: 13.8, Avg: 13.8, Max: 13.9, Diff: 0.1, Sum: 55.3]
      [GC Worker End (ms): Min: 329962.3, Avg: 329962.3, Max: 329962.3, Diff: 0.0]
   [Code Root Fixup: 0.0 ms]
   [Code Root Purge: 0.0 ms]
   [Clear CT: 0.0 ms]
   [Other: 0.6 ms]
      [Evacuation Failure: 0.5 ms]
      [Choose CSet: 0.0 ms]
      [Ref Proc: 0.0 ms]
      [Ref Enq: 0.0 ms]
      [Redirty Cards: 0.0 ms]
      [Humongous Register: 0.0 ms]
      [Humongous Reclaim: 0.0 ms]
      [Free CSet: 0.0 ms]
   [Eden: 25.0M(25.0M)->0.0B(21.0M) Survivors: 0.0B->4096.0K Heap: 500.2M(512.0M)->504.2M(512.0M)]
 [Times: user=0.03 sys=0.00, real=0.01 secs] 
2017-11-09T20:28:21.990+0500: 332.001: [GC pause (G1 Evacuation Pause) (young) (initial-mark) (to-space exhausted), 0.0091878 secs]
   [Parallel Time: 8.7 ms, GC Workers: 4]
      [GC Worker Start (ms): Min: 332001.3, Avg: 332001.3, Max: 332001.3, Diff: 0.0]
      [Ext Root Scanning (ms): Min: 0.1, Avg: 0.1, Max: 0.1, Diff: 0.0, Sum: 0.5]
      [Update RS (ms): Min: 2.2, Avg: 2.4, Max: 2.6, Diff: 0.4, Sum: 9.8]
         [Processed Buffers: Min: 5, Avg: 5.8, Max: 6, Diff: 1, Sum: 23]
      [Scan RS (ms): Min: 0.0, Avg: 0.0, Max: 0.0, Diff: 0.0, Sum: 0.0]
      [Code Root Scanning (ms): Min: 0.0, Avg: 0.0, Max: 0.0, Diff: 0.0, Sum: 0.0]
      [Object Copy (ms): Min: 5.9, Avg: 6.1, Max: 6.3, Diff: 0.4, Sum: 24.3]
      [Termination (ms): Min: 0.0, Avg: 0.0, Max: 0.0, Diff: 0.0, Sum: 0.0]
         [Termination Attempts: Min: 1, Avg: 1.3, Max: 2, Diff: 1, Sum: 5]
      [GC Worker Other (ms): Min: 0.0, Avg: 0.0, Max: 0.0, Diff: 0.0, Sum: 0.0]
      [GC Worker Total (ms): Min: 8.6, Avg: 8.7, Max: 8.7, Diff: 0.0, Sum: 34.6]
      [GC Worker End (ms): Min: 332009.9, Avg: 332009.9, Max: 332009.9, Diff: 0.0]
   [Code Root Fixup: 0.0 ms]
   [Code Root Purge: 0.0 ms]
   [Clear CT: 0.0 ms]
   [Other: 0.4 ms]
      [Evacuation Failure: 0.3 ms]
      [Choose CSet: 0.0 ms]
      [Ref Proc: 0.0 ms]
      [Ref Enq: 0.0 ms]
      [Redirty Cards: 0.0 ms]
      [Humongous Register: 0.0 ms]
      [Humongous Reclaim: 0.0 ms]
      [Free CSet: 0.0 ms]
   [Eden: 6144.0K(21.0M)->0.0B(25.0M) Survivors: 4096.0K->0.0B Heap: 510.2M(512.0M)->510.2M(512.0M)]
 [Times: user=0.02 sys=0.00, real=0.01 secs] 
2017-11-09T20:28:21.999+0500: 332.011: [GC concurrent-root-region-scan-start]
2017-11-09T20:28:21.999+0500: 332.011: [GC concurrent-root-region-scan-end, 0.0000096 secs]
2017-11-09T20:28:21.999+0500: 332.011: [GC concurrent-mark-start]
2017-11-09T20:28:21.999+0500: 332.011: [GC pause (G1 Evacuation Pause) (young), 0.0003119 secs]
   [Parallel Time: 0.2 ms, GC Workers: 4]
      [GC Worker Start (ms): Min: 332010.6, Avg: 332010.6, Max: 332010.6, Diff: 0.0]
      [Ext Root Scanning (ms): Min: 0.1, Avg: 0.1, Max: 0.1, Diff: 0.0, Sum: 0.4]
      [Update RS (ms): Min: 0.1, Avg: 0.1, Max: 0.1, Diff: 0.0, Sum: 0.3]
         [Processed Buffers: Min: 1, Avg: 2.3, Max: 4, Diff: 3, Sum: 9]
      [Scan RS (ms): Min: 0.0, Avg: 0.0, Max: 0.0, Diff: 0.0, Sum: 0.0]
      [Code Root Scanning (ms): Min: 0.0, Avg: 0.0, Max: 0.0, Diff: 0.0, Sum: 0.0]
      [Object Copy (ms): Min: 0.0, Avg: 0.0, Max: 0.0, Diff: 0.0, Sum: 0.0]
      [Termination (ms): Min: 0.0, Avg: 0.0, Max: 0.0, Diff: 0.0, Sum: 0.0]
         [Termination Attempts: Min: 1, Avg: 1.0, Max: 1, Diff: 0, Sum: 4]
      [GC Worker Other (ms): Min: 0.0, Avg: 0.0, Max: 0.0, Diff: 0.0, Sum: 0.0]
      [GC Worker Total (ms): Min: 0.2, Avg: 0.2, Max: 0.2, Diff: 0.0, Sum: 0.7]
      [GC Worker End (ms): Min: 332010.8, Avg: 332010.8, Max: 332010.8, Diff: 0.0]
   [Code Root Fixup: 0.0 ms]
   [Code Root Purge: 0.0 ms]
   [Clear CT: 0.0 ms]
   [Other: 0.1 ms]
      [Choose CSet: 0.0 ms]
      [Ref Proc: 0.0 ms]
      [Ref Enq: 0.0 ms]
      [Redirty Cards: 0.0 ms]
      [Humongous Register: 0.0 ms]
      [Humongous Reclaim: 0.0 ms]
      [Free CSet: 0.0 ms]
   [Eden: 0.0B(25.0M)->0.0B(25.0M) Survivors: 0.0B->0.0B Heap: 510.2M(512.0M)->510.2M(512.0M)]
 [Times: user=0.00 sys=0.00, real=0.00 secs] 
2017-11-09T20:28:22.000+0500: 332.011: [Full GC (Allocation Failure)  510M->490M(512M), 0.1821699 secs]
   [Eden: 0.0B(25.0M)->0.0B(25.0M) Survivors: 0.0B->0.0B Heap: 510.2M(512.0M)->490.7M(512.0M)], [Metaspace: 2636K->2636K(1056768K)]
 [Times: user=0.17 sys=0.00, real=0.18 secs] 
2017-11-09T20:28:22.182+0500: 332.193: [GC concurrent-mark-abort]
2017-11-09T20:28:29.537+0500: 339.548: [GC pause (G1 Evacuation Pause) (young) (to-space exhausted), 0.0405808 secs]
   [Parallel Time: 39.6 ms, GC Workers: 4]
      [GC Worker Start (ms): Min: 339548.4, Avg: 339548.5, Max: 339548.5, Diff: 0.1]
      [Ext Root Scanning (ms): Min: 0.1, Avg: 0.2, Max: 0.3, Diff: 0.1, Sum: 0.8]
      [Update RS (ms): Min: 4.8, Avg: 4.9, Max: 5.2, Diff: 0.4, Sum: 19.8]
         [Processed Buffers: Min: 4, Avg: 4.0, Max: 4, Diff: 0, Sum: 16]
      [Scan RS (ms): Min: 0.0, Avg: 0.0, Max: 0.0, Diff: 0.0, Sum: 0.0]
      [Code Root Scanning (ms): Min: 0.0, Avg: 0.0, Max: 0.0, Diff: 0.0, Sum: 0.0]
      [Object Copy (ms): Min: 34.0, Avg: 34.3, Max: 34.4, Diff: 0.4, Sum: 137.2]
      [Termination (ms): Min: 0.0, Avg: 0.0, Max: 0.0, Diff: 0.0, Sum: 0.1]
         [Termination Attempts: Min: 1, Avg: 2.0, Max: 3, Diff: 2, Sum: 8]
      [GC Worker Other (ms): Min: 0.0, Avg: 0.0, Max: 0.0, Diff: 0.0, Sum: 0.1]
      [GC Worker Total (ms): Min: 39.4, Avg: 39.5, Max: 39.5, Diff: 0.1, Sum: 157.9]
      [GC Worker End (ms): Min: 339587.9, Avg: 339587.9, Max: 339587.9, Diff: 0.0]
   [Code Root Fixup: 0.0 ms]
   [Code Root Purge: 0.0 ms]
   [Clear CT: 0.1 ms]
   [Other: 0.9 ms]
      [Evacuation Failure: 0.7 ms]
      [Choose CSet: 0.0 ms]
      [Ref Proc: 0.1 ms]
      [Ref Enq: 0.0 ms]
      [Redirty Cards: 0.1 ms]
      [Humongous Register: 0.0 ms]
      [Humongous Reclaim: 0.0 ms]
      [Free CSet: 0.0 ms]
   [Eden: 20.0M(25.0M)->0.0B(25.0M) Survivors: 0.0B->0.0B Heap: 510.7M(512.0M)->510.7M(512.0M)]
 [Times: user=0.08 sys=0.03, real=0.04 secs] 
2017-11-09T20:28:29.578+0500: 339.589: [GC pause (G1 Evacuation Pause) (young) (initial-mark), 0.0007215 secs]
   [Parallel Time: 0.5 ms, GC Workers: 4]
      [GC Worker Start (ms): Min: 339589.3, Avg: 339589.3, Max: 339589.3, Diff: 0.0]
      [Ext Root Scanning (ms): Min: 0.2, Avg: 0.2, Max: 0.2, Diff: 0.0, Sum: 0.8]
      [Update RS (ms): Min: 0.2, Avg: 0.2, Max: 0.2, Diff: 0.0, Sum: 0.9]
         [Processed Buffers: Min: 1, Avg: 1.8, Max: 3, Diff: 2, Sum: 7]
      [Scan RS (ms): Min: 0.0, Avg: 0.0, Max: 0.0, Diff: 0.0, Sum: 0.0]
      [Code Root Scanning (ms): Min: 0.0, Avg: 0.0, Max: 0.0, Diff: 0.0, Sum: 0.0]
      [Object Copy (ms): Min: 0.0, Avg: 0.0, Max: 0.0, Diff: 0.0, Sum: 0.0]
      [Termination (ms): Min: 0.0, Avg: 0.0, Max: 0.0, Diff: 0.0, Sum: 0.0]
         [Termination Attempts: Min: 1, Avg: 1.0, Max: 1, Diff: 0, Sum: 4]
      [GC Worker Other (ms): Min: 0.0, Avg: 0.0, Max: 0.0, Diff: 0.0, Sum: 0.0]
      [GC Worker Total (ms): Min: 0.4, Avg: 0.4, Max: 0.5, Diff: 0.0, Sum: 1.8]
      [GC Worker End (ms): Min: 339589.7, Avg: 339589.7, Max: 339589.7, Diff: 0.0]
   [Code Root Fixup: 0.0 ms]
   [Code Root Purge: 0.0 ms]
   [Clear CT: 0.1 ms]
   [Other: 0.2 ms]
      [Choose CSet: 0.0 ms]
      [Ref Proc: 0.1 ms]
      [Ref Enq: 0.0 ms]
      [Redirty Cards: 0.0 ms]
      [Humongous Register: 0.0 ms]
      [Humongous Reclaim: 0.0 ms]
      [Free CSet: 0.0 ms]
   [Eden: 0.0B(25.0M)->0.0B(25.0M) Survivors: 0.0B->0.0B Heap: 510.7M(512.0M)->510.7M(512.0M)]
 [Times: user=0.00 sys=0.00, real=0.00 secs] 
2017-11-09T20:28:29.579+0500: 339.590: [GC concurrent-root-region-scan-start]
2017-11-09T20:28:29.579+0500: 339.590: [GC concurrent-root-region-scan-end, 0.0000159 secs]
2017-11-09T20:28:29.579+0500: 339.590: [GC concurrent-mark-start]
2017-11-09T20:28:29.579+0500: 339.590: [Full GC (Allocation Failure)  510M->500M(512M), 0.1815846 secs]
   [Eden: 0.0B(25.0M)->0.0B(25.0M) Survivors: 0.0B->0.0B Heap: 510.7M(512.0M)->500.6M(512.0M)], [Metaspace: 2636K->2636K(1056768K)]
 [Times: user=0.23 sys=0.00, real=0.18 secs] 
2017-11-09T20:28:29.761+0500: 339.772: [GC concurrent-mark-abort]
2017-11-09T20:28:33.260+0500: 343.271: [GC pause (G1 Evacuation Pause) (young) (to-space exhausted), 0.0255539 secs]
   [Parallel Time: 24.9 ms, GC Workers: 4]
      [GC Worker Start (ms): Min: 343271.2, Avg: 343271.3, Max: 343271.3, Diff: 0.1]
      [Ext Root Scanning (ms): Min: 0.2, Avg: 0.2, Max: 0.2, Diff: 0.1, Sum: 0.8]
      [Update RS (ms): Min: 4.8, Avg: 4.9, Max: 5.0, Diff: 0.2, Sum: 19.7]
         [Processed Buffers: Min: 4, Avg: 4.0, Max: 4, Diff: 0, Sum: 16]
      [Scan RS (ms): Min: 0.0, Avg: 0.0, Max: 0.0, Diff: 0.0, Sum: 0.0]
      [Code Root Scanning (ms): Min: 0.0, Avg: 0.0, Max: 0.0, Diff: 0.0, Sum: 0.0]
      [Object Copy (ms): Min: 19.5, Avg: 19.6, Max: 19.7, Diff: 0.2, Sum: 78.5]
      [Termination (ms): Min: 0.0, Avg: 0.0, Max: 0.0, Diff: 0.0, Sum: 0.1]
         [Termination Attempts: Min: 1, Avg: 1.3, Max: 2, Diff: 1, Sum: 5]
      [GC Worker Other (ms): Min: 0.0, Avg: 0.0, Max: 0.0, Diff: 0.0, Sum: 0.1]
      [GC Worker Total (ms): Min: 24.8, Avg: 24.8, Max: 24.8, Diff: 0.1, Sum: 99.2]
      [GC Worker End (ms): Min: 343296.1, Avg: 343296.1, Max: 343296.1, Diff: 0.0]
   [Code Root Fixup: 0.0 ms]
   [Code Root Purge: 0.0 ms]
   [Clear CT: 0.1 ms]
   [Other: 0.6 ms]
      [Evacuation Failure: 0.4 ms]
      [Choose CSet: 0.0 ms]
      [Ref Proc: 0.1 ms]
      [Ref Enq: 0.0 ms]
      [Redirty Cards: 0.1 ms]
      [Humongous Register: 0.0 ms]
      [Humongous Reclaim: 0.0 ms]
      [Free CSet: 0.0 ms]
   [Eden: 10.0M(25.0M)->0.0B(25.0M) Survivors: 0.0B->0.0B Heap: 510.6M(512.0M)->510.6M(512.0M)]
 [Times: user=0.08 sys=0.00, real=0.03 secs] 
2017-11-09T20:28:33.286+0500: 343.297: [GC pause (G1 Evacuation Pause) (young) (initial-mark), 0.0006988 secs]
   [Parallel Time: 0.4 ms, GC Workers: 4]
      [GC Worker Start (ms): Min: 343297.1, Avg: 343297.1, Max: 343297.1, Diff: 0.0]
      [Ext Root Scanning (ms): Min: 0.2, Avg: 0.2, Max: 0.2, Diff: 0.0, Sum: 0.8]
      [Update RS (ms): Min: 0.1, Avg: 0.1, Max: 0.1, Diff: 0.0, Sum: 0.5]
         [Processed Buffers: Min: 1, Avg: 1.5, Max: 2, Diff: 1, Sum: 6]
      [Scan RS (ms): Min: 0.0, Avg: 0.0, Max: 0.0, Diff: 0.0, Sum: 0.0]
      [Code Root Scanning (ms): Min: 0.0, Avg: 0.0, Max: 0.0, Diff: 0.0, Sum: 0.0]
      [Object Copy (ms): Min: 0.0, Avg: 0.0, Max: 0.0, Diff: 0.0, Sum: 0.0]
      [Termination (ms): Min: 0.0, Avg: 0.0, Max: 0.0, Diff: 0.0, Sum: 0.0]
         [Termination Attempts: Min: 1, Avg: 1.0, Max: 1, Diff: 0, Sum: 4]
      [GC Worker Other (ms): Min: 0.0, Avg: 0.0, Max: 0.0, Diff: 0.0, Sum: 0.0]
      [GC Worker Total (ms): Min: 0.3, Avg: 0.4, Max: 0.4, Diff: 0.0, Sum: 1.4]
      [GC Worker End (ms): Min: 343297.5, Avg: 343297.5, Max: 343297.5, Diff: 0.0]
   [Code Root Fixup: 0.0 ms]
   [Code Root Purge: 0.0 ms]
   [Clear CT: 0.1 ms]
   [Other: 0.3 ms]
      [Choose CSet: 0.0 ms]
      [Ref Proc: 0.1 ms]
      [Ref Enq: 0.0 ms]
      [Redirty Cards: 0.0 ms]
      [Humongous Register: 0.0 ms]
      [Humongous Reclaim: 0.0 ms]
      [Free CSet: 0.0 ms]
   [Eden: 0.0B(25.0M)->0.0B(25.0M) Survivors: 0.0B->0.0B Heap: 510.6M(512.0M)->510.6M(512.0M)]
 [Times: user=0.00 sys=0.00, real=0.00 secs] 
2017-11-09T20:28:33.287+0500: 343.298: [GC concurrent-root-region-scan-start]
2017-11-09T20:28:33.287+0500: 343.298: [GC concurrent-root-region-scan-end, 0.0000162 secs]
2017-11-09T20:28:33.287+0500: 343.298: [GC concurrent-mark-start]
2017-11-09T20:28:33.287+0500: 343.298: [Full GC (Allocation Failure)  510M->505M(512M), 0.1774199 secs]
   [Eden: 0.0B(25.0M)->0.0B(25.0M) Survivors: 0.0B->0.0B Heap: 510.6M(512.0M)->505.7M(512.0M)], [Metaspace: 2636K->2636K(1056768K)]
 [Times: user=0.23 sys=0.00, real=0.18 secs] 
2017-11-09T20:28:33.464+0500: 343.476: [GC concurrent-mark-abort]
2017-11-09T20:28:35.213+0500: 345.224: [GC pause (G1 Evacuation Pause) (young) (to-space exhausted), 0.0136215 secs]
   [Parallel Time: 13.1 ms, GC Workers: 4]
      [GC Worker Start (ms): Min: 345224.4, Avg: 345224.4, Max: 345224.5, Diff: 0.1]
      [Ext Root Scanning (ms): Min: 0.2, Avg: 0.2, Max: 0.3, Diff: 0.1, Sum: 0.8]
      [Update RS (ms): Min: 4.8, Avg: 4.9, Max: 4.9, Diff: 0.1, Sum: 19.5]
         [Processed Buffers: Min: 4, Avg: 4.0, Max: 4, Diff: 0, Sum: 16]
      [Scan RS (ms): Min: 0.0, Avg: 0.0, Max: 0.0, Diff: 0.0, Sum: 0.0]
      [Code Root Scanning (ms): Min: 0.0, Avg: 0.0, Max: 0.0, Diff: 0.0, Sum: 0.0]
      [Object Copy (ms): Min: 7.8, Avg: 7.8, Max: 7.9, Diff: 0.1, Sum: 31.3]
      [Termination (ms): Min: 0.0, Avg: 0.0, Max: 0.0, Diff: 0.0, Sum: 0.1]
         [Termination Attempts: Min: 1, Avg: 1.0, Max: 1, Diff: 0, Sum: 4]
      [GC Worker Other (ms): Min: 0.0, Avg: 0.0, Max: 0.0, Diff: 0.0, Sum: 0.1]
      [GC Worker Total (ms): Min: 12.9, Avg: 12.9, Max: 13.0, Diff: 0.1, Sum: 51.8]
      [GC Worker End (ms): Min: 345237.3, Avg: 345237.4, Max: 345237.4, Diff: 0.0]
   [Code Root Fixup: 0.0 ms]
   [Code Root Purge: 0.0 ms]
   [Clear CT: 0.1 ms]
   [Other: 0.5 ms]
      [Evacuation Failure: 0.3 ms]
      [Choose CSet: 0.0 ms]
      [Ref Proc: 0.1 ms]
      [Ref Enq: 0.0 ms]
      [Redirty Cards: 0.1 ms]
      [Humongous Register: 0.0 ms]
      [Humongous Reclaim: 0.0 ms]
      [Free CSet: 0.0 ms]
   [Eden: 5120.0K(25.0M)->0.0B(25.0M) Survivors: 0.0B->0.0B Heap: 510.7M(512.0M)->510.7M(512.0M)]
 [Times: user=0.03 sys=0.00, real=0.01 secs] 
2017-11-09T20:28:35.227+0500: 345.238: [GC pause (G1 Evacuation Pause) (young) (initial-mark), 0.0005772 secs]
   [Parallel Time: 0.3 ms, GC Workers: 4]
      [GC Worker Start (ms): Min: 345238.3, Avg: 345238.3, Max: 345238.3, Diff: 0.0]
      [Ext Root Scanning (ms): Min: 0.2, Avg: 0.2, Max: 0.2, Diff: 0.0, Sum: 0.8]
      [Update RS (ms): Min: 0.1, Avg: 0.1, Max: 0.1, Diff: 0.0, Sum: 0.2]
         [Processed Buffers: Min: 1, Avg: 2.0, Max: 3, Diff: 2, Sum: 8]
      [Scan RS (ms): Min: 0.0, Avg: 0.0, Max: 0.0, Diff: 0.0, Sum: 0.0]
      [Code Root Scanning (ms): Min: 0.0, Avg: 0.0, Max: 0.0, Diff: 0.0, Sum: 0.0]
      [Object Copy (ms): Min: 0.0, Avg: 0.0, Max: 0.0, Diff: 0.0, Sum: 0.0]
      [Termination (ms): Min: 0.0, Avg: 0.0, Max: 0.0, Diff: 0.0, Sum: 0.0]
         [Termination Attempts: Min: 1, Avg: 1.0, Max: 1, Diff: 0, Sum: 4]
      [GC Worker Other (ms): Min: 0.0, Avg: 0.0, Max: 0.0, Diff: 0.0, Sum: 0.0]
      [GC Worker Total (ms): Min: 0.3, Avg: 0.3, Max: 0.3, Diff: 0.0, Sum: 1.1]
      [GC Worker End (ms): Min: 345238.6, Avg: 345238.6, Max: 345238.6, Diff: 0.0]
   [Code Root Fixup: 0.0 ms]
   [Code Root Purge: 0.0 ms]
   [Clear CT: 0.1 ms]
   [Other: 0.2 ms]
      [Choose CSet: 0.0 ms]
      [Ref Proc: 0.1 ms]
      [Ref Enq: 0.0 ms]
      [Redirty Cards: 0.0 ms]
      [Humongous Register: 0.0 ms]
      [Humongous Reclaim: 0.0 ms]
      [Free CSet: 0.0 ms]
   [Eden: 0.0B(25.0M)->0.0B(25.0M) Survivors: 0.0B->0.0B Heap: 510.7M(512.0M)->510.7M(512.0M)]
 [Times: user=0.00 sys=0.00, real=0.00 secs] 
2017-11-09T20:28:35.228+0500: 345.239: [GC concurrent-root-region-scan-start]
2017-11-09T20:28:35.228+0500: 345.239: [GC concurrent-root-region-scan-end, 0.0000156 secs]
2017-11-09T20:28:35.228+0500: 345.239: [GC concurrent-mark-start]
2017-11-09T20:28:35.228+0500: 345.239: [Full GC (Allocation Failure)  510M->508M(512M), 0.1690050 secs]
   [Eden: 0.0B(25.0M)->0.0B(25.0M) Survivors: 0.0B->0.0B Heap: 510.7M(512.0M)->508.3M(512.0M)], [Metaspace: 2636K->2636K(1056768K)]
 [Times: user=0.17 sys=0.00, real=0.17 secs] 
2017-11-09T20:28:35.397+0500: 345.408: [GC concurrent-mark-abort]
2017-11-09T20:28:36.082+0500: 346.094: [GC pause (G1 Evacuation Pause) (young) (to-space exhausted), 0.0087116 secs]
   [Parallel Time: 8.2 ms, GC Workers: 4]
      [GC Worker Start (ms): Min: 346093.6, Avg: 346093.7, Max: 346093.7, Diff: 0.1]
      [Ext Root Scanning (ms): Min: 0.1, Avg: 0.2, Max: 0.3, Diff: 0.1, Sum: 0.8]
      [Update RS (ms): Min: 4.8, Avg: 4.8, Max: 4.9, Diff: 0.1, Sum: 19.3]
         [Processed Buffers: Min: 4, Avg: 4.0, Max: 4, Diff: 0, Sum: 16]
      [Scan RS (ms): Min: 0.0, Avg: 0.0, Max: 0.0, Diff: 0.0, Sum: 0.0]
      [Code Root Scanning (ms): Min: 0.0, Avg: 0.0, Max: 0.0, Diff: 0.0, Sum: 0.0]
      [Object Copy (ms): Min: 3.0, Avg: 3.0, Max: 3.1, Diff: 0.1, Sum: 12.2]
      [Termination (ms): Min: 0.0, Avg: 0.0, Max: 0.0, Diff: 0.0, Sum: 0.1]
         [Termination Attempts: Min: 1, Avg: 1.0, Max: 1, Diff: 0, Sum: 4]
      [GC Worker Other (ms): Min: 0.0, Avg: 0.0, Max: 0.0, Diff: 0.0, Sum: 0.1]
      [GC Worker Total (ms): Min: 8.1, Avg: 8.1, Max: 8.2, Diff: 0.1, Sum: 32.5]
      [GC Worker End (ms): Min: 346101.8, Avg: 346101.8, Max: 346101.8, Diff: 0.0]
   [Code Root Fixup: 0.0 ms]
   [Code Root Purge: 0.0 ms]
   [Clear CT: 0.1 ms]
   [Other: 0.4 ms]
      [Evacuation Failure: 0.2 ms]
      [Choose CSet: 0.0 ms]
      [Ref Proc: 0.1 ms]
      [Ref Enq: 0.0 ms]
      [Redirty Cards: 0.1 ms]
      [Humongous Register: 0.0 ms]
      [Humongous Reclaim: 0.0 ms]
      [Free CSet: 0.0 ms]
   [Eden: 2048.0K(25.0M)->0.0B(25.0M) Survivors: 0.0B->0.0B Heap: 510.3M(512.0M)->510.3M(512.0M)]
 [Times: user=0.00 sys=0.02, real=0.01 secs] 
2017-11-09T20:28:36.091+0500: 346.103: [GC pause (G1 Evacuation Pause) (young) (initial-mark), 0.0005387 secs]
   [Parallel Time: 0.3 ms, GC Workers: 4]
      [GC Worker Start (ms): Min: 346102.6, Avg: 346102.6, Max: 346102.6, Diff: 0.0]
      [Ext Root Scanning (ms): Min: 0.2, Avg: 0.2, Max: 0.2, Diff: 0.0, Sum: 0.8]
      [Update RS (ms): Min: 0.0, Avg: 0.0, Max: 0.0, Diff: 0.0, Sum: 0.1]
         [Processed Buffers: Min: 1, Avg: 1.8, Max: 3, Diff: 2, Sum: 7]
      [Scan RS (ms): Min: 0.0, Avg: 0.0, Max: 0.0, Diff: 0.0, Sum: 0.0]
      [Code Root Scanning (ms): Min: 0.0, Avg: 0.0, Max: 0.0, Diff: 0.0, Sum: 0.0]
      [Object Copy (ms): Min: 0.0, Avg: 0.0, Max: 0.0, Diff: 0.0, Sum: 0.0]
      [Termination (ms): Min: 0.0, Avg: 0.0, Max: 0.0, Diff: 0.0, Sum: 0.0]
         [Termination Attempts: Min: 1, Avg: 1.0, Max: 1, Diff: 0, Sum: 4]
      [GC Worker Other (ms): Min: 0.0, Avg: 0.0, Max: 0.0, Diff: 0.0, Sum: 0.0]
      [GC Worker Total (ms): Min: 0.2, Avg: 0.2, Max: 0.3, Diff: 0.0, Sum: 1.0]
      [GC Worker End (ms): Min: 346102.9, Avg: 346102.9, Max: 346102.9, Diff: 0.0]
   [Code Root Fixup: 0.0 ms]
   [Code Root Purge: 0.0 ms]
   [Clear CT: 0.1 ms]
   [Other: 0.2 ms]
      [Choose CSet: 0.0 ms]
      [Ref Proc: 0.1 ms]
      [Ref Enq: 0.0 ms]
      [Redirty Cards: 0.0 ms]
      [Humongous Register: 0.0 ms]
      [Humongous Reclaim: 0.0 ms]
      [Free CSet: 0.0 ms]
   [Eden: 0.0B(25.0M)->0.0B(25.0M) Survivors: 0.0B->0.0B Heap: 510.3M(512.0M)->510.3M(512.0M)]
 [Times: user=0.00 sys=0.00, real=0.00 secs] 
2017-11-09T20:28:36.092+0500: 346.103: [GC concurrent-root-region-scan-start]
2017-11-09T20:28:36.092+0500: 346.103: [GC concurrent-root-region-scan-end, 0.0000159 secs]
2017-11-09T20:28:36.092+0500: 346.103: [GC concurrent-mark-start]
2017-11-09T20:28:36.092+0500: 346.103: [Full GC (Allocation Failure)  510M->509M(512M), 0.1685080 secs]
   [Eden: 0.0B(25.0M)->0.0B(25.0M) Survivors: 0.0B->0.0B Heap: 510.3M(512.0M)->509.3M(512.0M)], [Metaspace: 2636K->2636K(1056768K)]
 [Times: user=0.20 sys=0.00, real=0.17 secs] 
2017-11-09T20:28:36.261+0500: 346.272: [GC concurrent-mark-abort]
2017-11-09T20:28:36.595+0500: 346.606: [GC pause (G1 Evacuation Pause) (young) (to-space exhausted), 0.0070969 secs]
   [Parallel Time: 6.4 ms, GC Workers: 4]
      [GC Worker Start (ms): Min: 346606.1, Avg: 346606.9, Max: 346609.4, Diff: 3.3]
      [Ext Root Scanning (ms): Min: 0.0, Avg: 0.2, Max: 0.2, Diff: 0.2, Sum: 0.7]
      [Update RS (ms): Min: 2.5, Avg: 4.8, Max: 6.0, Diff: 3.5, Sum: 19.2]
         [Processed Buffers: Min: 2, Avg: 4.0, Max: 5, Diff: 3, Sum: 16]
      [Scan RS (ms): Min: 0.0, Avg: 0.0, Max: 0.0, Diff: 0.0, Sum: 0.0]
      [Code Root Scanning (ms): Min: 0.0, Avg: 0.0, Max: 0.0, Diff: 0.0, Sum: 0.0]
      [Object Copy (ms): Min: 0.2, Avg: 0.5, Max: 1.2, Diff: 1.1, Sum: 2.2]
      [Termination (ms): Min: 0.0, Avg: 0.0, Max: 0.0, Diff: 0.0, Sum: 0.1]
         [Termination Attempts: Min: 1, Avg: 1.0, Max: 1, Diff: 0, Sum: 4]
      [GC Worker Other (ms): Min: 0.0, Avg: 0.0, Max: 0.0, Diff: 0.0, Sum: 0.1]
      [GC Worker Total (ms): Min: 3.1, Avg: 5.6, Max: 6.4, Diff: 3.3, Sum: 22.2]
      [GC Worker End (ms): Min: 346612.5, Avg: 346612.5, Max: 346612.5, Diff: 0.0]
   [Code Root Fixup: 0.0 ms]
   [Code Root Purge: 0.0 ms]
   [Clear CT: 0.1 ms]
   [Other: 0.5 ms]
      [Evacuation Failure: 0.2 ms]
      [Choose CSet: 0.0 ms]
      [Ref Proc: 0.1 ms]
      [Ref Enq: 0.0 ms]
      [Redirty Cards: 0.1 ms]
      [Humongous Register: 0.0 ms]
      [Humongous Reclaim: 0.0 ms]
      [Free CSet: 0.0 ms]
   [Eden: 1024.0K(25.0M)->0.0B(25.0M) Survivors: 0.0B->0.0B Heap: 510.3M(512.0M)->510.3M(512.0M)]
 [Times: user=0.00 sys=0.00, real=0.01 secs] 
2017-11-09T20:28:36.602+0500: 346.613: [GC pause (G1 Evacuation Pause) (young) (initial-mark), 0.0006631 secs]
   [Parallel Time: 0.3 ms, GC Workers: 4]
      [GC Worker Start (ms): Min: 346613.5, Avg: 346613.6, Max: 346613.6, Diff: 0.0]
      [Ext Root Scanning (ms): Min: 0.2, Avg: 0.2, Max: 0.2, Diff: 0.0, Sum: 0.8]
      [Update RS (ms): Min: 0.0, Avg: 0.0, Max: 0.0, Diff: 0.0, Sum: 0.1]
         [Processed Buffers: Min: 1, Avg: 1.3, Max: 2, Diff: 1, Sum: 5]
      [Scan RS (ms): Min: 0.0, Avg: 0.0, Max: 0.0, Diff: 0.0, Sum: 0.0]
      [Code Root Scanning (ms): Min: 0.0, Avg: 0.0, Max: 0.0, Diff: 0.0, Sum: 0.0]
      [Object Copy (ms): Min: 0.0, Avg: 0.0, Max: 0.0, Diff: 0.0, Sum: 0.0]
      [Termination (ms): Min: 0.0, Avg: 0.0, Max: 0.0, Diff: 0.0, Sum: 0.0]
         [Termination Attempts: Min: 1, Avg: 1.0, Max: 1, Diff: 0, Sum: 4]
      [GC Worker Other (ms): Min: 0.0, Avg: 0.0, Max: 0.0, Diff: 0.0, Sum: 0.0]
      [GC Worker Total (ms): Min: 0.2, Avg: 0.2, Max: 0.3, Diff: 0.0, Sum: 1.0]
      [GC Worker End (ms): Min: 346613.8, Avg: 346613.8, Max: 346613.8, Diff: 0.0]
   [Code Root Fixup: 0.0 ms]
   [Code Root Purge: 0.0 ms]
   [Clear CT: 0.1 ms]
   [Other: 0.3 ms]
      [Choose CSet: 0.0 ms]
      [Ref Proc: 0.1 ms]
      [Ref Enq: 0.0 ms]
      [Redirty Cards: 0.1 ms]
      [Humongous Register: 0.0 ms]
      [Humongous Reclaim: 0.0 ms]
      [Free CSet: 0.0 ms]
   [Eden: 0.0B(25.0M)->0.0B(25.0M) Survivors: 0.0B->0.0B Heap: 510.3M(512.0M)->510.3M(512.0M)]
 [Times: user=0.00 sys=0.00, real=0.00 secs] 
2017-11-09T20:28:36.603+0500: 346.614: [GC concurrent-root-region-scan-start]
2017-11-09T20:28:36.603+0500: 346.614: [GC concurrent-root-region-scan-end, 0.0000162 secs]
2017-11-09T20:28:36.603+0500: 346.614: [GC concurrent-mark-start]
2017-11-09T20:28:36.603+0500: 346.614: [Full GC (Allocation Failure)  510M->509M(512M), 0.1670052 secs]
   [Eden: 0.0B(25.0M)->0.0B(25.0M) Survivors: 0.0B->0.0B Heap: 510.3M(512.0M)->509.8M(512.0M)], [Metaspace: 2636K->2636K(1056768K)]
 [Times: user=0.17 sys=0.00, real=0.17 secs] 
2017-11-09T20:28:36.770+0500: 346.782: [GC concurrent-mark-abort]
2017-11-09T20:28:37.104+0500: 347.116: [GC pause (G1 Evacuation Pause) (young) (to-space exhausted), 0.0071504 secs]
   [Parallel Time: 6.5 ms, GC Workers: 4]
      [GC Worker Start (ms): Min: 347115.9, Avg: 347115.9, Max: 347116.0, Diff: 0.1]
      [Ext Root Scanning (ms): Min: 0.1, Avg: 0.2, Max: 0.2, Diff: 0.1, Sum: 0.8]
      [Update RS (ms): Min: 4.7, Avg: 4.8, Max: 4.8, Diff: 0.1, Sum: 19.2]
         [Processed Buffers: Min: 4, Avg: 4.0, Max: 4, Diff: 0, Sum: 16]
      [Scan RS (ms): Min: 0.0, Avg: 0.0, Max: 0.0, Diff: 0.0, Sum: 0.0]
      [Code Root Scanning (ms): Min: 0.0, Avg: 0.0, Max: 0.0, Diff: 0.0, Sum: 0.0]
      [Object Copy (ms): Min: 1.3, Avg: 1.3, Max: 1.4, Diff: 0.1, Sum: 5.4]
      [Termination (ms): Min: 0.0, Avg: 0.0, Max: 0.0, Diff: 0.0, Sum: 0.1]
         [Termination Attempts: Min: 1, Avg: 1.0, Max: 1, Diff: 0, Sum: 4]
      [GC Worker Other (ms): Min: 0.0, Avg: 0.0, Max: 0.0, Diff: 0.0, Sum: 0.1]
      [GC Worker Total (ms): Min: 6.3, Avg: 6.4, Max: 6.4, Diff: 0.1, Sum: 25.5]
      [GC Worker End (ms): Min: 347122.3, Avg: 347122.3, Max: 347122.3, Diff: 0.0]
   [Code Root Fixup: 0.0 ms]
   [Code Root Purge: 0.0 ms]
   [Clear CT: 0.2 ms]
   [Other: 0.4 ms]
      [Evacuation Failure: 0.2 ms]
      [Choose CSet: 0.0 ms]
      [Ref Proc: 0.1 ms]
      [Ref Enq: 0.0 ms]
      [Redirty Cards: 0.1 ms]
      [Humongous Register: 0.0 ms]
      [Humongous Reclaim: 0.0 ms]
      [Free CSet: 0.0 ms]
   [Eden: 1024.0K(25.0M)->0.0B(25.0M) Survivors: 0.0B->0.0B Heap: 510.8M(512.0M)->510.8M(512.0M)]
 [Times: user=0.00 sys=0.00, real=0.01 secs] 
2017-11-09T20:28:37.112+0500: 347.123: [GC pause (G1 Evacuation Pause) (young) (initial-mark), 0.0005284 secs]
   [Parallel Time: 0.3 ms, GC Workers: 4]
      [GC Worker Start (ms): Min: 347123.4, Avg: 347123.4, Max: 347123.4, Diff: 0.0]
      [Ext Root Scanning (ms): Min: 0.2, Avg: 0.2, Max: 0.2, Diff: 0.0, Sum: 0.8]
      [Update RS (ms): Min: 0.0, Avg: 0.0, Max: 0.0, Diff: 0.0, Sum: 0.1]
         [Processed Buffers: Min: 1, Avg: 2.0, Max: 3, Diff: 2, Sum: 8]
      [Scan RS (ms): Min: 0.0, Avg: 0.0, Max: 0.0, Diff: 0.0, Sum: 0.0]
      [Code Root Scanning (ms): Min: 0.0, Avg: 0.0, Max: 0.0, Diff: 0.0, Sum: 0.0]
      [Object Copy (ms): Min: 0.0, Avg: 0.0, Max: 0.0, Diff: 0.0, Sum: 0.0]
      [Termination (ms): Min: 0.0, Avg: 0.0, Max: 0.0, Diff: 0.0, Sum: 0.0]
         [Termination Attempts: Min: 1, Avg: 1.0, Max: 1, Diff: 0, Sum: 4]
      [GC Worker Other (ms): Min: 0.0, Avg: 0.0, Max: 0.0, Diff: 0.0, Sum: 0.0]
      [GC Worker Total (ms): Min: 0.2, Avg: 0.2, Max: 0.2, Diff: 0.0, Sum: 1.0]
      [GC Worker End (ms): Min: 347123.6, Avg: 347123.6, Max: 347123.6, Diff: 0.0]
   [Code Root Fixup: 0.0 ms]
   [Code Root Purge: 0.0 ms]
   [Clear CT: 0.1 ms]
   [Other: 0.2 ms]
      [Choose CSet: 0.0 ms]
      [Ref Proc: 0.1 ms]
      [Ref Enq: 0.0 ms]
      [Redirty Cards: 0.1 ms]
      [Humongous Register: 0.0 ms]
      [Humongous Reclaim: 0.0 ms]
      [Free CSet: 0.0 ms]
   [Eden: 0.0B(25.0M)->0.0B(25.0M) Survivors: 0.0B->0.0B Heap: 510.8M(512.0M)->510.8M(512.0M)]
 [Times: user=0.00 sys=0.00, real=0.00 secs] 
2017-11-09T20:28:37.113+0500: 347.124: [GC concurrent-root-region-scan-start]
2017-11-09T20:28:37.113+0500: 347.124: [GC concurrent-root-region-scan-end, 0.0000152 secs]
2017-11-09T20:28:37.113+0500: 347.124: [GC concurrent-mark-start]
2017-11-09T20:28:37.113+0500: 347.124: [Full GC (Allocation Failure)  510M->510M(512M), 0.1685363 secs]
   [Eden: 0.0B(25.0M)->0.0B(25.0M) Survivors: 0.0B->0.0B Heap: 510.8M(512.0M)->510.3M(512.0M)], [Metaspace: 2636K->2636K(1056768K)]
 [Times: user=0.20 sys=0.00, real=0.17 secs] 
2017-11-09T20:28:37.281+0500: 347.293: [Full GC (Allocation Failure)  510M->510M(512M), 0.0881222 secs]
   [Eden: 0.0B(25.0M)->0.0B(25.0M) Survivors: 0.0B->0.0B Heap: 510.3M(512.0M)->510.3M(512.0M)], [Metaspace: 2636K->2636K(1056768K)]
 [Times: user=0.14 sys=0.00, real=0.09 secs] 
2017-11-09T20:28:37.369+0500: 347.381: [GC concurrent-mark-abort]
2017-11-09T20:28:37.370+0500: 347.381: [GC pause (G1 Evacuation Pause) (young), 0.0007816 secs]
   [Parallel Time: 0.3 ms, GC Workers: 4]
      [GC Worker Start (ms): Min: 347381.4, Avg: 347381.5, Max: 347381.5, Diff: 0.1]
      [Ext Root Scanning (ms): Min: 0.1, Avg: 0.1, Max: 0.2, Diff: 0.1, Sum: 0.5]
      [Update RS (ms): Min: 0.0, Avg: 0.0, Max: 0.0, Diff: 0.0, Sum: 0.0]
         [Processed Buffers: Min: 0, Avg: 0.3, Max: 1, Diff: 1, Sum: 1]
      [Scan RS (ms): Min: 0.0, Avg: 0.0, Max: 0.0, Diff: 0.0, Sum: 0.0]
      [Code Root Scanning (ms): Min: 0.0, Avg: 0.0, Max: 0.0, Diff: 0.0, Sum: 0.0]
      [Object Copy (ms): Min: 0.0, Avg: 0.0, Max: 0.0, Diff: 0.0, Sum: 0.0]
      [Termination (ms): Min: 0.0, Avg: 0.0, Max: 0.0, Diff: 0.0, Sum: 0.0]
         [Termination Attempts: Min: 1, Avg: 1.0, Max: 1, Diff: 0, Sum: 4]
      [GC Worker Other (ms): Min: 0.0, Avg: 0.0, Max: 0.0, Diff: 0.0, Sum: 0.0]
      [GC Worker Total (ms): Min: 0.1, Avg: 0.1, Max: 0.2, Diff: 0.1, Sum: 0.6]
      [GC Worker End (ms): Min: 347381.6, Avg: 347381.6, Max: 347381.6, Diff: 0.0]
   [Code Root Fixup: 0.0 ms]
   [Code Root Purge: 0.0 ms]
   [Clear CT: 0.2 ms]
   [Other: 0.3 ms]
      [Choose CSet: 0.0 ms]
      [Ref Proc: 0.1 ms]
      [Ref Enq: 0.0 ms]
      [Redirty Cards: 0.1 ms]
      [Humongous Register: 0.0 ms]
      [Humongous Reclaim: 0.0 ms]
      [Free CSet: 0.0 ms]
   [Eden: 0.0B(25.0M)->0.0B(25.0M) Survivors: 0.0B->0.0B Heap: 510.3M(512.0M)->510.3M(512.0M)]
 [Times: user=0.00 sys=0.00, real=0.00 secs] 
2017-11-09T20:28:37.371+0500: 347.382: [GC pause (G1 Evacuation Pause) (young) (initial-mark), 0.0003007 secs]
   [Parallel Time: 0.1 ms, GC Workers: 4]
      [GC Worker Start (ms): Min: 347382.3, Avg: 347382.3, Max: 347382.3, Diff: 0.0]
      [Ext Root Scanning (ms): Min: 0.1, Avg: 0.1, Max: 0.1, Diff: 0.0, Sum: 0.4]
      [Update RS (ms): Min: 0.0, Avg: 0.0, Max: 0.0, Diff: 0.0, Sum: 0.0]
         [Processed Buffers: Min: 0, Avg: 0.3, Max: 1, Diff: 1, Sum: 1]
      [Scan RS (ms): Min: 0.0, Avg: 0.0, Max: 0.0, Diff: 0.0, Sum: 0.0]
      [Code Root Scanning (ms): Min: 0.0, Avg: 0.0, Max: 0.0, Diff: 0.0, Sum: 0.0]
      [Object Copy (ms): Min: 0.0, Avg: 0.0, Max: 0.0, Diff: 0.0, Sum: 0.0]
      [Termination (ms): Min: 0.0, Avg: 0.0, Max: 0.0, Diff: 0.0, Sum: 0.0]
         [Termination Attempts: Min: 1, Avg: 1.0, Max: 1, Diff: 0, Sum: 4]
      [GC Worker Other (ms): Min: 0.0, Avg: 0.0, Max: 0.0, Diff: 0.0, Sum: 0.0]
      [GC Worker Total (ms): Min: 0.1, Avg: 0.1, Max: 0.1, Diff: 0.0, Sum: 0.4]
      [GC Worker End (ms): Min: 347382.4, Avg: 347382.4, Max: 347382.4, Diff: 0.0]
   [Code Root Fixup: 0.0 ms]
   [Code Root Purge: 0.0 ms]
   [Clear CT: 0.1 ms]
   [Other: 0.1 ms]
      [Choose CSet: 0.0 ms]
      [Ref Proc: 0.0 ms]
      [Ref Enq: 0.0 ms]
      [Redirty Cards: 0.0 ms]
      [Humongous Register: 0.0 ms]
      [Humongous Reclaim: 0.0 ms]
      [Free CSet: 0.0 ms]
   [Eden: 0.0B(25.0M)->0.0B(25.0M) Survivors: 0.0B->0.0B Heap: 510.3M(512.0M)->510.3M(512.0M)]
 [Times: user=0.00 sys=0.00, real=0.00 secs] 
2017-11-09T20:28:37.371+0500: 347.383: [GC concurrent-root-region-scan-start]
2017-11-09T20:28:37.371+0500: 347.383: [GC concurrent-root-region-scan-end, 0.0000059 secs]
2017-11-09T20:28:37.371+0500: 347.383: [GC concurrent-mark-start]
2017-11-09T20:28:37.371+0500: 347.383: [Full GC (Allocation Failure)  510M->281K(512M), 0.0261068 secs]
   [Eden: 0.0B(25.0M)->0.0B(307.0M) Survivors: 0.0B->0.0B Heap: 510.3M(512.0M)->281.4K(512.0M)], [Metaspace: 2636K->2636K(1056768K)]
 [Times: user=0.01 sys=0.00, real=0.03 secs] 
2017-11-09T20:28:37.398+0500: 347.409: [GC concurrent-mark-abort]
Heap
 garbage-first heap   total 524288K, used 281K [0x00000000e0000000, 0x00000000e0101000, 0x0000000100000000)
  region size 1024K, 1 young (1024K), 0 survivors (0K)
 Metaspace       used 2668K, capacity 4486K, committed 4864K, reserved 1056768K
  class space    used 288K, capacity 386K, committed 512K, reserved 1048576K
