Java HotSpot(TM) 64-Bit Server VM (25.151-b12) for windows-amd64 JRE (1.8.0_151-b12), built on Sep  5 2017 19:33:46 by "java_re" with MS VC++ 10.0 (VS2010)
Memory: 4k page, physical 8351508k(3064344k free), swap 10317588k(2861708k free)
CommandLine flags: -XX:InitialHeapSize=536870912 -XX:MaxHeapSize=536870912 -XX:+PrintGC -XX:+PrintGCDateStamps -XX:+PrintGCDetails -XX:+PrintGCTimeStamps -XX:+UseCompressedClassPointers -XX:+UseCompressedOops -XX:-UseLargePagesIndividualAllocation -XX:+UseParallelGC -XX:+UseParallelOldGC 
2017-11-09T20:12:36.537+0500: 39.023: [GC (Allocation Failure) [PSYoungGen: 131584K->21493K(153088K)] 131584K->65261K(502784K), 0.0215801 secs] [Times: user=0.02 sys=0.11, real=0.02 secs] 
2017-11-09T20:13:17.662+0500: 80.148: [GC (Allocation Failure) [PSYoungGen: 153077K->21489K(153088K)] 196845K->153177K(502784K), 0.0382081 secs] [Times: user=0.03 sys=0.13, real=0.04 secs] 
2017-11-09T20:13:59.583+0500: 122.069: [GC (Allocation Failure) [PSYoungGen: 153073K->21497K(153088K)] 284761K->256193K(502784K), 0.0376691 secs] [Times: user=0.09 sys=0.05, real=0.04 secs] 
2017-11-09T20:13:59.621+0500: 122.107: [Full GC (Ergonomics) [PSYoungGen: 21497K->0K(153088K)] [ParOldGen: 234696K->196028K(349696K)] 256193K->196028K(502784K), [Metaspace: 2636K->2636K(1056768K)], 0.0819950 secs] [Times: user=0.19 sys=0.00, real=0.08 secs] 
2017-11-09T20:14:42.609+0500: 165.095: [GC (Allocation Failure) [PSYoungGen: 131584K->21502K(153088K)] 327612K->318771K(502784K), 0.0322150 secs] [Times: user=0.11 sys=0.01, real=0.03 secs] 
2017-11-09T20:14:42.641+0500: 165.127: [Full GC (Ergonomics) [PSYoungGen: 21502K->0K(153088K)] [ParOldGen: 297268K->261652K(349696K)] 318771K->261652K(502784K), [Metaspace: 2636K->2636K(1056768K)], 0.0984361 secs] [Times: user=0.28 sys=0.00, real=0.10 secs] 
2017-11-09T20:15:26.984+0500: 209.471: [Full GC (Ergonomics) [PSYoungGen: 131584K->0K(153088K)] [ParOldGen: 261652K->327229K(349696K)] 393236K->327229K(502784K), [Metaspace: 2636K->2636K(1056768K)], 0.1271777 secs] [Times: user=0.36 sys=0.01, real=0.13 secs] 
2017-11-09T20:16:11.393+0500: 253.879: [Full GC (Ergonomics) [PSYoungGen: 131584K->42788K(153088K)] [ParOldGen: 327229K->349610K(349696K)] 458813K->392398K(502784K), [Metaspace: 2636K->2636K(1056768K)], 0.1525058 secs] [Times: user=0.36 sys=0.00, real=0.15 secs] 
2017-11-09T20:16:42.315+0500: 284.801: [Full GC (Ergonomics) [PSYoungGen: 131584K->87750K(153088K)] [ParOldGen: 349610K->349260K(349696K)] 481194K->437010K(502784K), [Metaspace: 2636K->2636K(1056768K)], 0.1663916 secs] [Times: user=0.44 sys=0.00, real=0.17 secs] 
2017-11-09T20:16:57.734+0500: 300.221: [Full GC (Ergonomics) [PSYoungGen: 131584K->109779K(153088K)] [ParOldGen: 349260K->349236K(349696K)] 480844K->459015K(502784K), [Metaspace: 2636K->2636K(1056768K)], 0.1631509 secs] [Times: user=0.36 sys=0.00, real=0.16 secs] 
2017-11-09T20:17:05.540+0500: 308.026: [Full GC (Ergonomics) [PSYoungGen: 131584K->120397K(153088K)] [ParOldGen: 349236K->349502K(349696K)] 480820K->469900K(502784K), [Metaspace: 2636K->2636K(1056768K)], 0.1640190 secs] [Times: user=0.45 sys=0.00, real=0.16 secs] 
2017-11-09T20:17:09.538+0500: 312.025: [Full GC (Ergonomics) [PSYoungGen: 131584K->126063K(153088K)] [ParOldGen: 349502K->349558K(349696K)] 481086K->475621K(502784K), [Metaspace: 2636K->2636K(1056768K)], 0.1575068 secs] [Times: user=0.33 sys=0.02, real=0.16 secs] 
2017-11-09T20:17:11.811+0500: 314.297: [Full GC (Ergonomics) [PSYoungGen: 131584K->128768K(153088K)] [ParOldGen: 349558K->349395K(349696K)] 481142K->478163K(502784K), [Metaspace: 2636K->2636K(1056768K)], 0.1601420 secs] [Times: user=0.42 sys=0.00, real=0.16 secs] 
2017-11-09T20:17:12.988+0500: 315.474: [Full GC (Ergonomics) [PSYoungGen: 131584K->130158K(153088K)] [ParOldGen: 349395K->349332K(349696K)] 480979K->479490K(502784K), [Metaspace: 2636K->2636K(1056768K)], 0.1596817 secs] [Times: user=0.45 sys=0.00, real=0.16 secs] 
2017-11-09T20:17:13.482+0500: 315.968: [Full GC (Ergonomics) [PSYoungGen: 131584K->130957K(153088K)] [ParOldGen: 349332K->349460K(349696K)] 480916K->480418K(502784K), [Metaspace: 2636K->2636K(1056768K)], 0.1470741 secs] [Times: user=0.38 sys=0.00, real=0.15 secs] 
2017-11-09T20:17:13.961+0500: 316.447: [Full GC (Ergonomics) [PSYoungGen: 131584K->130942K(153088K)] [ParOldGen: 349460K->349604K(349696K)] 481044K->480547K(502784K), [Metaspace: 2636K->2636K(1056768K)], 0.1455088 secs] [Times: user=0.41 sys=0.00, real=0.14 secs] 
2017-11-09T20:17:14.438+0500: 316.924: [Full GC (Ergonomics) [PSYoungGen: 131584K->131434K(153088K)] [ParOldGen: 349604K->349255K(349696K)] 481188K->480690K(502784K), [Metaspace: 2636K->2636K(1056768K)], 0.1326636 secs] [Times: user=0.33 sys=0.00, real=0.13 secs] 
2017-11-09T20:17:14.570+0500: 317.057: [Full GC (Ergonomics) [PSYoungGen: 131584K->131582K(153088K)] [ParOldGen: 349255K->349255K(349696K)] 480839K->480838K(502784K), [Metaspace: 2636K->2636K(1056768K)], 0.0608108 secs] [Times: user=0.20 sys=0.00, real=0.06 secs] 
2017-11-09T20:17:14.631+0500: 317.118: [Full GC (Ergonomics) [PSYoungGen: 131583K->131583K(153088K)] [ParOldGen: 349255K->349255K(349696K)] 480839K->480839K(502784K), [Metaspace: 2636K->2636K(1056768K)], 0.0623808 secs] [Times: user=0.17 sys=0.00, real=0.06 secs] 
2017-11-09T20:17:14.694+0500: 317.180: [Full GC (Ergonomics) [PSYoungGen: 131583K->131583K(153088K)] [ParOldGen: 349319K->349319K(349696K)] 480903K->480903K(502784K), [Metaspace: 2636K->2636K(1056768K)], 0.0611619 secs] [Times: user=0.23 sys=0.00, real=0.06 secs] 
2017-11-09T20:17:14.756+0500: 317.242: [Full GC (Ergonomics) [PSYoungGen: 131583K->131583K(153088K)] [ParOldGen: 349382K->349382K(349696K)] 480966K->480966K(502784K), [Metaspace: 2636K->2636K(1056768K)], 0.0624629 secs] [Times: user=0.20 sys=0.00, real=0.06 secs] 
2017-11-09T20:17:14.818+0500: 317.304: [Full GC (Ergonomics) [PSYoungGen: 131583K->131583K(153088K)] [ParOldGen: 349446K->349446K(349696K)] 481030K->481030K(502784K), [Metaspace: 2636K->2636K(1056768K)], 0.0605026 secs] [Times: user=0.24 sys=0.00, real=0.06 secs] 
2017-11-09T20:17:14.879+0500: 317.365: [Full GC (Ergonomics) [PSYoungGen: 131583K->131583K(153088K)] [ParOldGen: 349509K->349509K(349696K)] 481093K->481093K(502784K), [Metaspace: 2636K->2636K(1056768K)], 0.0605667 secs] [Times: user=0.23 sys=0.00, real=0.06 secs] 
2017-11-09T20:17:14.939+0500: 317.426: [Full GC (Ergonomics) [PSYoungGen: 131583K->131583K(153088K)] [ParOldGen: 349573K->349573K(349696K)] 481157K->481157K(502784K), [Metaspace: 2636K->2636K(1056768K)], 0.0608298 secs] [Times: user=0.24 sys=0.00, real=0.06 secs] 
2017-11-09T20:17:15.000+0500: 317.487: [Full GC (Ergonomics) [PSYoungGen: 131583K->131583K(153088K)] [ParOldGen: 349636K->349636K(349696K)] 481220K->481220K(502784K), [Metaspace: 2636K->2636K(1056768K)], 0.0608239 secs] [Times: user=0.19 sys=0.00, real=0.06 secs] 
2017-11-09T20:17:15.061+0500: 317.547: [Full GC (Ergonomics) [PSYoungGen: 131583K->131583K(153088K)] [ParOldGen: 349695K->349695K(349696K)] 481279K->481279K(502784K), [Metaspace: 2636K->2636K(1056768K)], 0.0608453 secs] [Times: user=0.16 sys=0.00, real=0.06 secs] 
2017-11-09T20:17:15.122+0500: 317.608: [Full GC (Allocation Failure) [PSYoungGen: 131583K->131583K(153088K)] [ParOldGen: 349695K->349695K(349696K)] 481279K->481279K(502784K), [Metaspace: 2636K->2636K(1056768K)], 0.0614782 secs] [Times: user=0.19 sys=0.02, real=0.06 secs] 
2017-11-09T20:17:15.184+0500: 317.670: [Full GC (Ergonomics) [PSYoungGen: 131584K->0K(153088K)] [ParOldGen: 349695K->281K(349696K)] 481279K->281K(502784K), [Metaspace: 2636K->2636K(1056768K)], 0.0036916 secs] [Times: user=0.00 sys=0.00, real=0.00 secs] 
Heap
 PSYoungGen      total 153088K, used 2689K [0x00000000f5580000, 0x0000000100000000, 0x0000000100000000)
  eden space 131584K, 2% used [0x00000000f5580000,0x00000000f5820508,0x00000000fd600000)
  from space 21504K, 0% used [0x00000000feb00000,0x00000000feb00000,0x0000000100000000)
  to   space 21504K, 0% used [0x00000000fd600000,0x00000000fd600000,0x00000000feb00000)
 ParOldGen       total 349696K, used 281K [0x00000000e0000000, 0x00000000f5580000, 0x00000000f5580000)
  object space 349696K, 0% used [0x00000000e0000000,0x00000000e0046440,0x00000000f5580000)
 Metaspace       used 2668K, capacity 4486K, committed 4864K, reserved 1056768K
  class space    used 288K, capacity 386K, committed 512K, reserved 1048576K
