Java HotSpot(TM) 64-Bit Server VM (25.151-b12) for windows-amd64 JRE (1.8.0_151-b12), built on Sep  5 2017 19:33:46 by "java_re" with MS VC++ 10.0 (VS2010)
Memory: 4k page, physical 8351508k(3120260k free), swap 10317588k(2906364k free)
CommandLine flags: -XX:InitialHeapSize=536870912 -XX:MaxHeapSize=536870912 -XX:+PrintGC -XX:+PrintGCDateStamps -XX:+PrintGCDetails -XX:+PrintGCTimeStamps -XX:+UseCompressedClassPointers -XX:+UseCompressedOops -XX:-UseLargePagesIndividualAllocation -XX:+UseSerialGC 
2017-11-09T20:07:02.638+0500: 41.393: [GC (Allocation Failure) 2017-11-09T20:07:02.638+0500: 41.393: [DefNew: 139776K->17471K(157248K), 0.0525402 secs] 139776K->68771K(506816K), 0.0528067 secs] [Times: user=0.03 sys=0.01, real=0.05 secs] 
2017-11-09T20:07:46.348+0500: 85.103: [GC (Allocation Failure) 2017-11-09T20:07:46.348+0500: 85.103: [DefNew: 157247K->17471K(157248K), 0.0646365 secs] 208547K->164234K(506816K), 0.0647388 secs] [Times: user=0.02 sys=0.05, real=0.07 secs] 
2017-11-09T20:08:31.235+0500: 129.990: [GC (Allocation Failure) 2017-11-09T20:08:31.235+0500: 129.990: [DefNew: 157247K->17471K(157248K), 0.0687570 secs] 304010K->274436K(506816K), 0.0688562 secs] [Times: user=0.02 sys=0.05, real=0.07 secs] 
2017-11-09T20:09:17.133+0500: 175.888: [GC (Allocation Failure) 2017-11-09T20:09:17.133+0500: 175.888: [DefNew: 157247K->157247K(157248K), 0.0000339 secs]2017-11-09T20:09:17.133+0500: 175.888: [Tenured: 256964K->295373K(349568K), 0.1393810 secs] 414212K->295373K(506816K), [Metaspace: 2636K->2636K(1056768K)], 0.1395303 secs] [Times: user=0.14 sys=0.00, real=0.14 secs] 
2017-11-09T20:10:04.635+0500: 223.390: [GC (Allocation Failure) 2017-11-09T20:10:04.635+0500: 223.390: [DefNew: 139776K->139776K(157248K), 0.0000330 secs]2017-11-09T20:10:04.635+0500: 223.390: [Tenured: 295373K->349567K(349568K), 0.1575251 secs] 435149K->365178K(506816K), [Metaspace: 2636K->2636K(1056768K)], 0.1576648 secs] [Times: user=0.14 sys=0.02, real=0.16 secs] 
2017-11-09T20:10:52.850+0500: 271.605: [Full GC (Allocation Failure) 2017-11-09T20:10:52.850+0500: 271.605: [Tenured: 349567K->349567K(349568K), 0.1813144 secs] 506814K->435436K(506816K), [Metaspace: 2636K->2636K(1056768K)], 0.1814164 secs] [Times: user=0.19 sys=0.00, real=0.18 secs] 
2017-11-09T20:11:17.937+0500: 296.692: [Full GC (Allocation Failure) 2017-11-09T20:11:17.937+0500: 296.692: [Tenured: 349567K->349567K(349568K), 0.1834360 secs] 506814K->453604K(506816K), [Metaspace: 2636K->2636K(1056768K)], 0.1835365 secs] [Times: user=0.19 sys=0.00, real=0.18 secs] 
2017-11-09T20:11:36.378+0500: 315.132: [Full GC (Allocation Failure) 2017-11-09T20:11:36.378+0500: 315.133: [Tenured: 349567K->349567K(349568K), 0.1239909 secs] 506814K->497991K(506816K), [Metaspace: 2636K->2636K(1056768K)], 0.1240944 secs] [Times: user=0.13 sys=0.00, real=0.12 secs] 
2017-11-09T20:11:39.626+0500: 318.381: [Full GC (Allocation Failure) 2017-11-09T20:11:39.626+0500: 318.381: [Tenured: 349567K->349567K(349568K), 0.1219920 secs] 506814K->502349K(506816K), [Metaspace: 2636K->2636K(1056768K)], 0.1220751 secs] [Times: user=0.13 sys=0.00, real=0.12 secs] 
2017-11-09T20:11:41.476+0500: 320.231: [Full GC (Allocation Failure) 2017-11-09T20:11:41.476+0500: 320.231: [Tenured: 349567K->349567K(349568K), 0.1235555 secs] 506814K->504333K(506816K), [Metaspace: 2636K->2636K(1056768K)], 0.1236553 secs] [Times: user=0.13 sys=0.00, real=0.12 secs] 
2017-11-09T20:11:42.265+0500: 321.020: [Full GC (Allocation Failure) 2017-11-09T20:11:42.265+0500: 321.020: [Tenured: 349567K->349567K(349568K), 0.1835262 secs] 506814K->488343K(506816K), [Metaspace: 2636K->2636K(1056768K)], 0.1836114 secs] [Times: user=0.17 sys=0.00, real=0.18 secs] 
2017-11-09T20:11:49.128+0500: 327.883: [Full GC (Allocation Failure) 2017-11-09T20:11:49.128+0500: 327.883: [Tenured: 349567K->349567K(349568K), 0.1002719 secs] 506814K->503983K(506816K), [Metaspace: 2636K->2636K(1056768K)], 0.1003584 secs] [Times: user=0.11 sys=0.00, real=0.10 secs] 
2017-11-09T20:11:50.271+0500: 329.026: [Full GC (Allocation Failure) 2017-11-09T20:11:50.271+0500: 329.026: [Tenured: 349567K->349567K(349568K), 0.1111976 secs] 506814K->506346K(506816K), [Metaspace: 2636K->2636K(1056768K)], 0.1113027 secs] [Times: user=0.11 sys=0.00, real=0.11 secs] 
2017-11-09T20:11:50.383+0500: 329.137: [Full GC (Allocation Failure) 2017-11-09T20:11:50.383+0500: 329.138: [Tenured: 349567K->349567K(349568K), 0.0747103 secs] 506814K->506814K(506816K), [Metaspace: 2636K->2636K(1056768K)], 0.0747685 secs] [Times: user=0.08 sys=0.00, real=0.08 secs] 
2017-11-09T20:11:50.458+0500: 329.212: [Full GC (Allocation Failure) 2017-11-09T20:11:50.458+0500: 329.212: [Tenured: 349567K->349567K(349568K), 0.1691248 secs] 506814K->499198K(506816K), [Metaspace: 2636K->2636K(1056768K)], 0.1691770 secs] [Times: user=0.17 sys=0.00, real=0.17 secs] 
2017-11-09T20:11:53.394+0500: 332.149: [Full GC (Allocation Failure) 2017-11-09T20:11:53.394+0500: 332.149: [Tenured: 349567K->349567K(349568K), 0.1100711 secs] 506814K->505595K(506816K), [Metaspace: 2636K->2636K(1056768K)], 0.1101657 secs] [Times: user=0.11 sys=0.00, real=0.11 secs] 
2017-11-09T20:11:53.839+0500: 332.594: [Full GC (Allocation Failure) 2017-11-09T20:11:53.839+0500: 332.594: [Tenured: 349567K->349567K(349568K), 0.1036115 secs] 506814K->506671K(506816K), [Metaspace: 2636K->2636K(1056768K)], 0.1037151 secs] [Times: user=0.09 sys=0.00, real=0.10 secs] 
2017-11-09T20:11:53.943+0500: 332.698: [Full GC (Allocation Failure) 2017-11-09T20:11:53.943+0500: 332.698: [Tenured: 349567K->349567K(349568K), 0.0771256 secs] 506814K->506814K(506816K), [Metaspace: 2636K->2636K(1056768K)], 0.0771837 secs] [Times: user=0.08 sys=0.00, real=0.08 secs] 
2017-11-09T20:11:54.020+0500: 332.775: [Full GC (Allocation Failure) 2017-11-09T20:11:54.020+0500: 332.775: [Tenured: 349567K->349567K(349568K), 0.1618034 secs] 506814K->503710K(506816K), [Metaspace: 2636K->2636K(1056768K)], 0.1618662 secs] [Times: user=0.17 sys=0.00, real=0.16 secs] 
2017-11-09T20:11:55.188+0500: 333.943: [Full GC (Allocation Failure) 2017-11-09T20:11:55.188+0500: 333.943: [Tenured: 349567K->349567K(349568K), 0.1040684 secs] 506814K->506388K(506816K), [Metaspace: 2636K->2636K(1056768K)], 0.1041614 secs] [Times: user=0.11 sys=0.00, real=0.10 secs] 
2017-11-09T20:11:55.627+0500: 334.382: [Full GC (Allocation Failure) 2017-11-09T20:11:55.627+0500: 334.382: [Tenured: 349567K->349567K(349568K), 0.1041076 secs] 506814K->506670K(506816K), [Metaspace: 2636K->2636K(1056768K)], 0.1042043 secs] [Times: user=0.11 sys=0.00, real=0.11 secs] 
2017-11-09T20:11:55.732+0500: 334.487: [Full GC (Allocation Failure) 2017-11-09T20:11:55.732+0500: 334.487: [Tenured: 349567K->349567K(349568K), 0.0764622 secs] 506814K->506814K(506816K), [Metaspace: 2636K->2636K(1056768K)], 0.0765197 secs] [Times: user=0.08 sys=0.00, real=0.08 secs] 
2017-11-09T20:11:55.808+0500: 334.563: [Full GC (Allocation Failure) 2017-11-09T20:11:55.808+0500: 334.563: [Tenured: 349567K->349567K(349568K), 0.1503664 secs] 506814K->505399K(506816K), [Metaspace: 2636K->2636K(1056768K)], 0.1504274 secs] [Times: user=0.14 sys=0.00, real=0.15 secs] 
2017-11-09T20:11:56.293+0500: 335.048: [Full GC (Allocation Failure) 2017-11-09T20:11:56.293+0500: 335.048: [Tenured: 349567K->349567K(349568K), 0.1063490 secs] 506814K->506642K(506816K), [Metaspace: 2636K->2636K(1056768K)], 0.1064535 secs] [Times: user=0.09 sys=0.00, real=0.11 secs] 
2017-11-09T20:11:56.733+0500: 335.488: [Full GC (Allocation Failure) 2017-11-09T20:11:56.733+0500: 335.488: [Tenured: 349567K->349567K(349568K), 0.1065524 secs] 506814K->506640K(506816K), [Metaspace: 2636K->2636K(1056768K)], 0.1066501 secs] [Times: user=0.11 sys=0.00, real=0.11 secs] 
2017-11-09T20:11:56.840+0500: 335.595: [Full GC (Allocation Failure) 2017-11-09T20:11:56.840+0500: 335.595: [Tenured: 349567K->349567K(349568K), 0.0756483 secs] 506814K->506814K(506816K), [Metaspace: 2636K->2636K(1056768K)], 0.0757058 secs] [Times: user=0.06 sys=0.00, real=0.08 secs] 
2017-11-09T20:11:56.916+0500: 335.671: [Full GC (Allocation Failure) 2017-11-09T20:11:56.916+0500: 335.671: [Tenured: 349567K->349567K(349568K), 0.1485629 secs] 506814K->506167K(506816K), [Metaspace: 2636K->2636K(1056768K)], 0.1486154 secs] [Times: user=0.16 sys=0.00, real=0.15 secs] 
2017-11-09T20:11:57.065+0500: 335.820: [Full GC (Allocation Failure) 2017-11-09T20:11:57.065+0500: 335.820: [Tenured: 349567K->349567K(349568K), 0.0746556 secs] 506814K->506814K(506816K), [Metaspace: 2636K->2636K(1056768K)], 0.0747181 secs] [Times: user=0.06 sys=0.00, real=0.08 secs] 
2017-11-09T20:11:57.140+0500: 335.895: [Full GC (Allocation Failure) 2017-11-09T20:11:57.140+0500: 335.895: [Tenured: 349567K->349567K(349568K), 0.0743125 secs] 506814K->506814K(506816K), [Metaspace: 2636K->2636K(1056768K)], 0.0743598 secs] [Times: user=0.08 sys=0.00, real=0.07 secs] 
2017-11-09T20:11:57.215+0500: 335.970: [Full GC (Allocation Failure) 2017-11-09T20:11:57.215+0500: 335.970: [Tenured: 349567K->7098K(349568K), 0.0240536 secs] 506815K->7098K(506816K), [Metaspace: 2660K->2660K(1056768K)], 0.0241092 secs] [Times: user=0.01 sys=0.00, real=0.02 secs] 
Heap
 def new generation   total 157248K, used 3672K [0x00000000e0000000, 0x00000000eaaa0000, 0x00000000eaaa0000)
  eden space 139776K,   2% used [0x00000000e0000000, 0x00000000e0396380, 0x00000000e8880000)
  from space 17472K,   0% used [0x00000000e9990000, 0x00000000e9990000, 0x00000000eaaa0000)
  to   space 17472K,   0% used [0x00000000e8880000, 0x00000000e8880000, 0x00000000e9990000)
 tenured generation   total 349568K, used 7098K [0x00000000eaaa0000, 0x0000000100000000, 0x0000000100000000)
   the space 349568K,   2% used [0x00000000eaaa0000, 0x00000000eb18e980, 0x00000000eb18ea00, 0x0000000100000000)
 Metaspace       used 2668K, capacity 4486K, committed 4864K, reserved 1056768K
  class space    used 288K, capacity 386K, committed 512K, reserved 1048576K
